Archive member included to satisfy reference by file (symbol)

E:/support_tools/arm-gnu-toolchain-15.3.rel1-mingw-w64-x86_64-arm-none-eabi/bin/../lib/gcc/arm-none-eabi/15.3.1/../../../../arm-none-eabi/lib/thumb/v7e-m/nofp\libc_nano.a(libc_a-exit.o)
                              E:/support_tools/arm-gnu-toolchain-15.3.rel1-mingw-w64-x86_64-arm-none-eabi/bin/../lib/gcc/arm-none-eabi/15.3.1/../../../../arm-none-eabi/lib/thumb/v7e-m/nofp/crt0.o (exit)
E:/support_tools/arm-gnu-toolchain-15.3.rel1-mingw-w64-x86_64-arm-none-eabi/bin/../lib/gcc/arm-none-eabi/15.3.1/../../../../arm-none-eabi/lib/thumb/v7e-m/nofp\libc_nano.a(libc_a-findfp.o)
                              E:/support_tools/arm-gnu-toolchain-15.3.rel1-mingw-w64-x86_64-arm-none-eabi/bin/../lib/gcc/arm-none-eabi/15.3.1/../../../../arm-none-eabi/lib/thumb/v7e-m/nofp\libc_nano.a(libc_a-exit.o) (__stdio_exit_handler)
E:/support_tools/arm-gnu-toolchain-15.3.rel1-mingw-w64-x86_64-arm-none-eabi/bin/../lib/gcc/arm-none-eabi/15.3.1/../../../../arm-none-eabi/lib/thumb/v7e-m/nofp\libc_nano.a(libc_a-fwalk.o)
                              E:/support_tools/arm-gnu-toolchain-15.3.rel1-mingw-w64-x86_64-arm-none-eabi/bin/../lib/gcc/arm-none-eabi/15.3.1/../../../../arm-none-eabi/lib/thumb/v7e-m/nofp\libc_nano.a(libc_a-findfp.o) (_fwalk_sglue)
E:/support_tools/arm-gnu-toolchain-15.3.rel1-mingw-w64-x86_64-arm-none-eabi/bin/../lib/gcc/arm-none-eabi/15.3.1/../../../../arm-none-eabi/lib/thumb/v7e-m/nofp\libc_nano.a(libc_a-stdio.o)
                              E:/support_tools/arm-gnu-toolchain-15.3.rel1-mingw-w64-x86_64-arm-none-eabi/bin/../lib/gcc/arm-none-eabi/15.3.1/../../../../arm-none-eabi/lib/thumb/v7e-m/nofp\libc_nano.a(libc_a-findfp.o) (__sread)
E:/support_tools/arm-gnu-toolchain-15.3.rel1-mingw-w64-x86_64-arm-none-eabi/bin/../lib/gcc/arm-none-eabi/15.3.1/../../../../arm-none-eabi/lib/thumb/v7e-m/nofp\libc_nano.a(libc_a-memset.o)
                              E:/support_tools/arm-gnu-toolchain-15.3.rel1-mingw-w64-x86_64-arm-none-eabi/bin/../lib/gcc/arm-none-eabi/15.3.1/../../../../arm-none-eabi/lib/thumb/v7e-m/nofp/crt0.o (memset)
E:/support_tools/arm-gnu-toolchain-15.3.rel1-mingw-w64-x86_64-arm-none-eabi/bin/../lib/gcc/arm-none-eabi/15.3.1/../../../../arm-none-eabi/lib/thumb/v7e-m/nofp\libc_nano.a(libc_a-closer.o)
                              E:/support_tools/arm-gnu-toolchain-15.3.rel1-mingw-w64-x86_64-arm-none-eabi/bin/../lib/gcc/arm-none-eabi/15.3.1/../../../../arm-none-eabi/lib/thumb/v7e-m/nofp\libc_nano.a(libc_a-stdio.o) (_close_r)
E:/support_tools/arm-gnu-toolchain-15.3.rel1-mingw-w64-x86_64-arm-none-eabi/bin/../lib/gcc/arm-none-eabi/15.3.1/../../../../arm-none-eabi/lib/thumb/v7e-m/nofp\libc_nano.a(libc_a-reent.o)
                              E:/support_tools/arm-gnu-toolchain-15.3.rel1-mingw-w64-x86_64-arm-none-eabi/bin/../lib/gcc/arm-none-eabi/15.3.1/../../../../arm-none-eabi/lib/thumb/v7e-m/nofp\libc_nano.a(libc_a-closer.o) (errno)
E:/support_tools/arm-gnu-toolchain-15.3.rel1-mingw-w64-x86_64-arm-none-eabi/bin/../lib/gcc/arm-none-eabi/15.3.1/../../../../arm-none-eabi/lib/thumb/v7e-m/nofp\libc_nano.a(libc_a-impure.o)
                              E:/support_tools/arm-gnu-toolchain-15.3.rel1-mingw-w64-x86_64-arm-none-eabi/bin/../lib/gcc/arm-none-eabi/15.3.1/../../../../arm-none-eabi/lib/thumb/v7e-m/nofp\libc_nano.a(libc_a-reent.o) (_impure_ptr)
E:/support_tools/arm-gnu-toolchain-15.3.rel1-mingw-w64-x86_64-arm-none-eabi/bin/../lib/gcc/arm-none-eabi/15.3.1/../../../../arm-none-eabi/lib/thumb/v7e-m/nofp\libc_nano.a(libc_a-lseekr.o)
                              E:/support_tools/arm-gnu-toolchain-15.3.rel1-mingw-w64-x86_64-arm-none-eabi/bin/../lib/gcc/arm-none-eabi/15.3.1/../../../../arm-none-eabi/lib/thumb/v7e-m/nofp\libc_nano.a(libc_a-stdio.o) (_lseek_r)
E:/support_tools/arm-gnu-toolchain-15.3.rel1-mingw-w64-x86_64-arm-none-eabi/bin/../lib/gcc/arm-none-eabi/15.3.1/../../../../arm-none-eabi/lib/thumb/v7e-m/nofp\libc_nano.a(libc_a-readr.o)
                              E:/support_tools/arm-gnu-toolchain-15.3.rel1-mingw-w64-x86_64-arm-none-eabi/bin/../lib/gcc/arm-none-eabi/15.3.1/../../../../arm-none-eabi/lib/thumb/v7e-m/nofp\libc_nano.a(libc_a-stdio.o) (_read_r)
E:/support_tools/arm-gnu-toolchain-15.3.rel1-mingw-w64-x86_64-arm-none-eabi/bin/../lib/gcc/arm-none-eabi/15.3.1/../../../../arm-none-eabi/lib/thumb/v7e-m/nofp\libc_nano.a(libc_a-writer.o)
                              E:/support_tools/arm-gnu-toolchain-15.3.rel1-mingw-w64-x86_64-arm-none-eabi/bin/../lib/gcc/arm-none-eabi/15.3.1/../../../../arm-none-eabi/lib/thumb/v7e-m/nofp\libc_nano.a(libc_a-stdio.o) (_write_r)
E:/support_tools/arm-gnu-toolchain-15.3.rel1-mingw-w64-x86_64-arm-none-eabi/bin/../lib/gcc/arm-none-eabi/15.3.1/../../../../arm-none-eabi/lib/thumb/v7e-m/nofp\libc_nano.a(libc_a-init.o)
[...]
Memory Configuration

Name             Origin             Length             Attributes
FLASH            0x08000000         0x00100000         xr
RAM              0x20000000         0x00030000         xrw
CCMRAM           0x10000000         0x00010000         xrw
SDRAM            0xc0000000         0x02000000         xrw
*default*        0x00000000         0xffffffff

Linker script and memory map

LOAD E:/support_tools/arm-gnu-toolchain-15.3.rel1-mingw-w64-x86_64-arm-none-eabi/bin/../lib/gcc/arm-none-eabi/15.3.1/thumb/v7e-m/nofp/crti.o
LOAD E:/support_tools/arm-gnu-toolchain-15.3.rel1-mingw-w64-x86_64-arm-none-eabi/bin/../lib/gcc/arm-none-eabi/15.3.1/thumb/v7e-m/nofp/crtbegin.o
LOAD E:/support_tools/arm-gnu-toolchain-15.3.rel1-mingw-w64-x86_64-arm-none-eabi/bin/../lib/gcc/arm-none-eabi/15.3.1/../../../../arm-none-eabi/lib/thumb/v7e-m/nofp/crt0.o
LOAD E:/support_tools/arm-gnu-toolchain-15.3.rel1-mingw-w64-x86_64-arm-none-eabi/bin/../lib/gcc/arm-none-eabi/15.3.1/../../../../arm-none-eabi/lib/thumb/v7e-m/nofp\libc_nano.a
LOAD E:/support_tools/arm-gnu-toolchain-15.3.rel1-mingw-w64-x86_64-arm-none-eabi/bin/../lib/gcc/arm-none-eabi/15.3.1/../../../../arm-none-eabi/lib/thumb/v7e-m/nofp\libm.a
LOAD E:/support_tools/arm-gnu-toolchain-15.3.rel1-mingw-w64-x86_64-arm-none-eabi/bin/../lib/gcc/arm-none-eabi/15.3.1/thumb/v7e-m/nofp\libgcc.a
LOAD CMakeFiles/stm32f429_tinyusb_ui.elf.dir/app/main.c.obj
LOAD CMakeFiles/stm32f429_tinyusb_ui.elf.dir/app/sdram_heap.c.obj
LOAD CMakeFiles/stm32f429_tinyusb_ui.elf.dir/app/stm32f4xx_hal_timebase_tim.c.obj
LOAD CMakeFiles/stm32f429_tinyusb_ui.elf.dir/app/stm32f4xx_it.c.obj
LOAD CMakeFiles/stm32f429_tinyusb_ui.elf.dir/app/syscalls.c.obj
LOAD CMakeFiles/stm32f429_tinyusb_ui.elf.dir/app/usb_host_app.c.obj
LOAD CMakeFiles/stm32f429_tinyusb_ui.elf.dir/bsp/bsp_i2c.c.obj
LOAD CMakeFiles/stm32f429_tinyusb_ui.elf.dir/bsp/bsp_led.c.obj
LOAD CMakeFiles/stm32f429_tinyusb_ui.elf.dir/bsp/bsp_pcf8574.c.obj
LOAD CMakeFiles/stm32f429_tinyusb_ui.elf.dir/bsp/bsp_sdram.c.obj
LOAD CMakeFiles/stm32f429_tinyusb_ui.elf.dir/bsp/bsp_uart.c.obj
LOAD CMakeFiles/stm32f429_tinyusb_ui.elf.dir/bsp/bsp_usb_hw.c.obj
LOAD CMakeFiles/stm32f429_tinyusb_ui.elf.dir/Drivers/CMSIS/Device/ST/STM32F4xx/Source/system_stm32f4xx.c.obj
LOAD CMakeFiles/stm32f429_tinyusb_ui.elf.dir/Drivers/CMSIS/Device/ST/STM32F4xx/Source/GCC/startup_stm32f429xx.s.obj
LOAD CMakeFiles/stm32f429_tinyusb_ui.elf.dir/Drivers/STM32F4xx_HAL_Driver/Src/stm32f4xx_hal.c.obj
LOAD CMakeFiles/stm32f429_tinyusb_ui.elf.dir/Drivers/STM32F4xx_HAL_Driver/Src/stm32f4xx_hal_cortex.c.obj
LOAD CMakeFiles/stm32f429_tinyusb_ui.elf.dir/Drivers/STM32F4xx_HAL_Driver/Src/stm32f4xx_hal_rcc.c.obj
LOAD CMakeFiles/stm32f429_tinyusb_ui.elf.dir/Drivers/STM32F4xx_HAL_Driver/Src/stm32f4xx_hal_rcc_ex.c.obj
LOAD CMakeFiles/stm32f429_tinyusb_ui.elf.dir/Drivers/STM32F4xx_HAL_Driver/Src/stm32f4xx_hal_gpio.c.obj
LOAD CMakeFiles/stm32f429_tinyusb_ui.elf.dir/Drivers/STM32F4xx_HAL_Driver/Src/stm32f4xx_hal_uart.c.obj
LOAD CMakeFiles/stm32f429_tinyusb_ui.elf.dir/Drivers/STM32F4xx_HAL_Driver/Src/stm32f4xx_hal_i2c.c.obj
LOAD CMakeFiles/stm32f429_tinyusb_ui.elf.dir/Drivers/STM32F4xx_HAL_Driver/Src/stm32f4xx_hal_dma.c.obj
LOAD CMakeFiles/stm32f429_tinyusb_ui.elf.dir/Drivers/STM32F4xx_HAL_Driver/Src/stm32f4xx_hal_pwr.c.obj
LOAD CMakeFiles/stm32f429_tinyusb_ui.elf.dir/Drivers/STM32F4xx_HAL_Driver/Src/stm32f4xx_hal_pwr_ex.c.obj
LOAD CMakeFiles/stm32f429_tinyusb_ui.elf.dir/Drivers/STM32F4xx_HAL_Driver/Src/stm32f4xx_hal_flash.c.obj
LOAD CMakeFiles/stm32f429_tinyusb_ui.elf.dir/Drivers/STM32F4xx_HAL_Driver/Src/stm32f4xx_hal_tim.c.obj
LOAD CMakeFiles/stm32f429_tinyusb_ui.elf.dir/Drivers/STM32F4xx_HAL_Driver/Src/stm32f4xx_hal_tim_ex.c.obj
LOAD CMakeFiles/stm32f429_tinyusb_ui.elf.dir/Drivers/STM32F4xx_HAL_Driver/Src/stm32f4xx_hal_sdram.c.obj
LOAD CMakeFiles/stm32f429_tinyusb_ui.elf.dir/Drivers/STM32F4xx_HAL_Driver/Src/stm32f4xx_ll_fmc.c.obj
LOAD CMakeFiles/stm32f429_tinyusb_ui.elf.dir/third_party/FreeRTOS-Kernel/tasks.c.obj
LOAD CMakeFiles/stm32f429_tinyusb_ui.elf.dir/third_party/FreeRTOS-Kernel/queue.c.obj
LOAD CMakeFiles/stm32f429_tinyusb_ui.elf.dir/third_party/FreeRTOS-Kernel/list.c.obj
LOAD CMakeFiles/stm32f429_tinyusb_ui.elf.dir/third_party/FreeRTOS-Kernel/timers.c.obj
LOAD CMakeFiles/stm32f429_tinyusb_ui.elf.dir/third_party/FreeRTOS-Kernel/event_groups.c.obj
LOAD CMakeFiles/stm32f429_tinyusb_ui.elf.dir/third_party/FreeRTOS-Kernel/stream_buffer.c.obj
LOAD CMakeFiles/stm32f429_tinyusb_ui.elf.dir/third_party/FreeRTOS-Kernel/portable/GCC/ARM_CM4F/port.c.obj
LOAD CMakeFiles/stm32f429_tinyusb_ui.elf.dir/third_party/FreeRTOS-Kernel/portable/MemMang/heap_5.c.obj
LOAD CMakeFiles/stm32f429_tinyusb_ui.elf.dir/third_party/tinyusb/src/tusb.c.obj
LOAD CMakeFiles/stm32f429_tinyusb_ui.elf.dir/third_party/tinyusb/src/host/usbh.c.obj
LOAD CMakeFiles/stm32f429_tinyusb_ui.elf.dir/third_party/tinyusb/src/host/hub.c.obj
LOAD CMakeFiles/stm32f429_tinyusb_ui.elf.dir/third_party/tinyusb/src/class/msc/msc_host.c.obj
LOAD CMakeFiles/stm32f429_tinyusb_ui.elf.dir/third_party/tinyusb/src/portable/synopsys/dwc2/dwc2_common.c.obj
LOAD CMakeFiles/stm32f429_tinyusb_ui.elf.dir/third_party/tinyusb/src/portable/synopsys/dwc2/hcd_dwc2.c.obj
LOAD CMakeFiles/stm32f429_tinyusb_ui.elf.dir/third_party/tinyusb/src/common/tusb_fifo.c.obj
LOAD CMakeFiles/stm32f429_tinyusb_ui.elf.dir/third_party/FatFs/ff.c.obj
LOAD CMakeFiles/stm32f429_tinyusb_ui.elf.dir/third_party/FatFs/ffunicode.c.obj
LOAD CMakeFiles/stm32f429_tinyusb_ui.elf.dir/third_party/FatFs/ffsystem.c.obj
START GROUP
LOAD E:/support_tools/arm-gnu-toolchain-15.3.rel1-mingw-w64-x86_64-arm-none-eabi/bin/../lib/gcc/arm-none-eabi/15.3.1/thumb/v7e-m/nofp\libgcc.a
LOAD E:/support_tools/arm-gnu-toolchain-15.3.rel1-mingw-w64-x86_64-arm-none-eabi/bin/../lib/gcc/arm-none-eabi/15.3.1/../../../../arm-none-eabi/lib/thumb/v7e-m/nofp\libg_nano.a
LOAD E:/support_tools/arm-gnu-toolchain-15.3.rel1-mingw-w64-x86_64-arm-none-eabi/bin/../lib/gcc/arm-none-eabi/15.3.1/../../../../arm-none-eabi/lib/thumb/v7e-m/nofp\libc_nano.a
END GROUP
START GROUP
LOAD E:/support_tools/arm-gnu-toolchain-15.3.rel1-mingw-w64-x86_64-arm-none-eabi/bin/../lib/gcc/arm-none-eabi/15.3.1/thumb/v7e-m/nofp\libgcc.a
LOAD E:/support_tools/arm-gnu-toolchain-15.3.rel1-mingw-w64-x86_64-arm-none-eabi/bin/../lib/gcc/arm-none-eabi/15.3.1/../../../../arm-none-eabi/lib/thumb/v7e-m/nofp\libc_nano.a
END GROUP
LOAD E:/support_tools/arm-gnu-toolchain-15.3.rel1-mingw-w64-x86_64-arm-none-eabi/bin/../lib/gcc/arm-none-eabi/15.3.1/thumb/v7e-m/nofp/crtend.o
LOAD E:/support_tools/arm-gnu-toolchain-15.3.rel1-mingw-w64-x86_64-arm-none-eabi/bin/../lib/gcc/arm-none-eabi/15.3.1/thumb/v7e-m/nofp/crtn.o
                0x20030000                        _estack = 0x20030000
                0x00000400                        _Min_Heap_Size = 0x400
                0x00002000                        _Min_Stack_Size = 0x2000

.isr_vector     0x08000000      0x1ac
                0x08000000                        . = ALIGN (0x4)
 *(.isr_vector)
 .isr_vector    0x08000000      0x1ac CMakeFiles/stm32f429_tinyusb_ui.elf.dir/Drivers/CMSIS/Device/ST/STM32F4xx/Source/GCC/startup_stm32f429xx.s.obj
                0x08000000                g_pfnVectors
                0x080001ac                        . = ALIGN (0x4)

.text           0x080001b0     0xe168
                0x080001b0                        . = ALIGN (0x4)
 *(.text)
 .text          0x080001b0       0x30 E:/support_tools/arm-gnu-toolchain-15.3.rel1-mingw-w64-x86_64-arm-none-eabi/bin/../lib/gcc/arm-none-eabi/15.3.1/thumb/v7e-m/nofp\libgcc.a(_aeabi_uldivmod.o)
                0x080001b0                __aeabi_uldivmod
 .text          0x080001e0        0x4 E:/support_tools/arm-gnu-toolchain-15.3.rel1-mingw-w64-x86_64-arm-none-eabi/bin/../lib/gcc/arm-none-eabi/15.3.1/thumb/v7e-m/nofp\libgcc.a(_dvmd_tls.o)
                0x080001e0                __aeabi_idiv0
                0x080001e0                __aeabi_ldiv0
 .text          0x080001e4       0x14 E:/support_tools/arm-gnu-toolchain-15.3.rel1-mingw-w64-x86_64-arm-none-eabi/bin/../lib/gcc/arm-none-eabi/15.3.1/../../../../arm-none-eabi/lib/thumb/v7e-m/nofp\libg_nano.a(libc_a-strcmp.o)
                0x080001e4                strcmp
 .text          0x080001f8       0x10 E:/support_tools/arm-gnu-toolchain-15.3.rel1-mingw-w64-x86_64-arm-none-eabi/bin/../lib/gcc/arm-none-eabi/15.3.1/../../../../arm-none-eabi/lib/thumb/v7e-m/nofp\libg_nano.a(libc_a-strlen.o)
                0x080001f8                strlen
 *fill*         0x08000208        0x8 
 .text          0x08000210       0xa0 E:/support_tools/arm-gnu-toolchain-15.3.rel1-mingw-w64-x86_64-arm-none-eabi/bin/../lib/gcc/arm-none-eabi/15.3.1/../../../../arm-none-eabi/lib/thumb/v7e-m/nofp\libg_nano.a(libc_a-memchr.o)
                0x08000210                memchr
 *(.text*)
 .text.deregister_tm_clones
                0x080002b0       0x1c E:/support_tools/arm-gnu-toolchain-15.3.rel1-mingw-w64-x86_64-arm-none-eabi/bin/../lib/gcc/arm-none-eabi/15.3.1/thumb/v7e-m/nofp/crtbegin.o
 .text.register_tm_clones
                0x080002cc       0x24 E:/support_tools/arm-gnu-toolchain-15.3.rel1-mingw-w64-x86_64-arm-none-eabi/bin/../lib/gcc/arm-none-eabi/15.3.1/thumb/v7e-m/nofp/crtbegin.o
 .text.__do_global_dtors_aux
                0x080002f0       0x28 E:/support_tools/arm-gnu-toolchain-15.3.rel1-mingw-w64-x86_64-arm-none-eabi/bin/../lib/gcc/arm-none-eabi/15.3.1/thumb/v7e-m/nofp/crtbegin.o
 .text.frame_dummy
                0x08000318       0x24 E:/support_tools/arm-gnu-toolchain-15.3.rel1-mingw-w64-x86_64-arm-none-eabi/bin/../lib/gcc/arm-none-eabi/15.3.1/thumb/v7e-m/nofp/crtbegin.o
 .text.std      0x0800033c       0x6c E:/support_tools/arm-gnu-toolchain-15.3.rel1-mingw-w64-x86_64-arm-none-eabi/bin/../lib/gcc/arm-none-eabi/15.3.1/../../../../arm-none-eabi/lib/thumb/v7e-m/nofp\libc_nano.a(libc_a-findfp.o)
 .text.stdio_exit_handler
                0x080003a8       0x18 E:/support_tools/arm-gnu-toolchain-15.3.rel1-mingw-w64-x86_64-arm-none-eabi/bin/../lib/gcc/arm-none-eabi/15.3.1/../../../../arm-none-eabi/lib/thumb/v7e-m/nofp\libc_nano.a(libc_a-findfp.o)
 .text.cleanup_stdio
                0x080003c0       0x40 E:/support_tools/arm-gnu-toolchain-15.3.rel1-mingw-w64-x86_64-arm-none-eabi/bin/../lib/gcc/arm-none-eabi/15.3.1/../../../../arm-none-eabi/lib/thumb/v7e-m/nofp\libc_nano.a(libc_a-findfp.o)
 .text.global_stdio_init.part.0
                0x08000400       0x40 E:/support_tools/arm-gnu-toolchain-15.3.rel1-mingw-w64-x86_64-arm-none-eabi/bin/../lib/gcc/arm-none-eabi/15.3.1/../../../../arm-none-eabi/lib/thumb/v7e-m/nofp\libc_nano.a(libc_a-findfp.o)
 .text.__sfp_lock_acquire
                0x08000440        0xc E:/support_tools/arm-gnu-toolchain-15.3.rel1-mingw-w64-x86_64-arm-none-eabi/bin/../lib/gcc/arm-none-eabi/15.3.1/../../../../arm-none-eabi/lib/thumb/v7e-m/nofp\libc_nano.a(libc_a-findfp.o)
                0x08000440                __sfp_lock_acquire
 .text.__sfp_lock_release
                0x0800044c        0xc E:/support_tools/arm-gnu-toolchain-15.3.rel1-mingw-w64-x86_64-arm-none-eabi/bin/../lib/gcc/arm-none-eabi/15.3.1/../../../../arm-none-eabi/lib/thumb/v7e-m/nofp\libc_nano.a(libc_a-findfp.o)
                0x0800044c                __sfp_lock_release
 .text.__sinit  0x08000458       0x30 E:/support_tools/arm-gnu-toolchain-15.3.rel1-mingw-w64-x86_64-arm-none-eabi/bin/../lib/gcc/arm-none-eabi/15.3.1/../../../../arm-none-eabi/lib/thumb/v7e-m/nofp\libc_nano.a(libc_a-findfp.o)
                0x08000458                __sinit
 .text._fwalk_sglue
                0x08000488       0x3a E:/support_tools/arm-gnu-toolchain-15.3.rel1-mingw-w64-x86_64-arm-none-eabi/bin/../lib/gcc/arm-none-eabi/15.3.1/../../../../arm-none-eabi/lib/thumb/v7e-m/nofp\libc_nano.a(libc_a-fwalk.o)
                0x08000488                _fwalk_sglue
 .text.__sread  0x080004c2       0x22 E:/support_tools/arm-gnu-toolchain-15.3.rel1-mingw-w64-x86_64-arm-none-eabi/bin/../lib/gcc/arm-none-eabi/15.3.1/../../../../arm-none-eabi/lib/thumb/v7e-m/nofp\libc_nano.a(libc_a-stdio.o)
                0x080004c2                __sread
 .text.__swrite
                0x080004e4       0x38 E:/support_tools/arm-gnu-toolchain-15.3.rel1-mingw-w64-x86_64-arm-none-eabi/bin/../lib/gcc/arm-none-eabi/15.3.1/../../../../arm-none-eabi/lib/thumb/v7e-m/nofp\libc_nano.a(libc_a-stdio.o)
                0x080004e4                __swrite
 .text.__sseek  0x0800051c       0x26 E:/support_tools/arm-gnu-toolchain-15.3.rel1-mingw-w64-x86_64-arm-none-eabi/bin/../lib/gcc/arm-none-eabi/15.3.1/../../../../arm-none-eabi/lib/thumb/v7e-m/nofp\libc_nano.a(libc_a-stdio.o)
                0x0800051c                __sseek
 .text.__sclose
                0x08000542        0x8 E:/support_tools/arm-gnu-toolchain-15.3.rel1-mingw-w64-x86_64-arm-none-eabi/bin/../lib/gcc/arm-none-eabi/15.3.1/../../../../arm-none-eabi/lib/thumb/v7e-m/nofp\libc_nano.a(libc_a-stdio.o)
                0x08000542                __sclose
 .text.memset   0x0800054a       0x10 E:/support_tools/arm-gnu-toolchain-15.3.rel1-mingw-w64-x86_64-arm-none-eabi/bin/../lib/gcc/arm-none-eabi/15.3.1/../../../../arm-none-eabi/lib/thumb/v7e-m/nofp\libc_nano.a(libc_a-memset.o)
                0x0800054a                memset
 *fill*         0x0800055a        0x2 
 .text._close_r
                0x0800055c       0x20 E:/support_tools/arm-gnu-toolchain-15.3.rel1-mingw-w64-x86_64-arm-none-eabi/bin/../lib/gcc/arm-none-eabi/15.3.1/../../../../arm-none-eabi/lib/thumb/v7e-m/nofp\libc_nano.a(libc_a-closer.o)
                0x0800055c                _close_r
 .text._lseek_r
                0x0800057c       0x24 E:/support_tools/arm-gnu-toolchain-15.3.rel1-mingw-w64-x86_64-arm-none-eabi/bin/../lib/gcc/arm-none-eabi/15.3.1/../../../../arm-none-eabi/lib/thumb/v7e-m/nofp\libc_nano.a(libc_a-lseekr.o)
                0x0800057c                _lseek_r
 .text._read_r  0x080005a0       0x24 E:/support_tools/arm-gnu-toolchain-15.3.rel1-mingw-w64-x86_64-arm-none-eabi/bin/../lib/gcc/arm-none-eabi/15.3.1/../../../../arm-none-eabi/lib/thumb/v7e-m/nofp\libc_nano.a(libc_a-readr.o)
                0x080005a0                _read_r
 .text._write_r
                0x080005c4       0x24 E:/support_tools/arm-gnu-toolchain-15.3.rel1-mingw-w64-x86_64-arm-none-eabi/bin/../lib/gcc/arm-none-eabi/15.3.1/../../../../arm-none-eabi/lib/thumb/v7e-m/nofp\libc_nano.a(libc_a-writer.o)
                0x080005c4                _write_r
 .text.__libc_init_array
                0x080005e8       0x48 E:/support_tools/arm-gnu-toolchain-15.3.rel1-mingw-w64-x86_64-arm-none-eabi/bin/../lib/gcc/arm-none-eabi/15.3.1/../../../../arm-none-eabi/lib/thumb/v7e-m/nofp\libc_nano.a(libc_a-init.o)
                0x080005e8                __libc_init_array
 .text.__retarget_lock_init_recursive
                0x08000630        0x2 E:/support_tools/arm-gnu-toolchain-15.3.rel1-mingw-w64-x86_64-arm-none-eabi/bin/../lib/gcc/arm-none-eabi/15.3.1/../../../../arm-none-eabi/lib/thumb/v7e-m/nofp\libc_nano.a(libc_a-lock.o)
                0x08000630                __retarget_lock_init_recursive
 .text.__retarget_lock_acquire_recursive
                0x08000632        0x2 E:/support_tools/arm-gnu-toolchain-15.3.rel1-mingw-w64-x86_64-arm-none-eabi/bin/../lib/gcc/arm-none-eabi/15.3.1/../../../../arm-none-eabi/lib/thumb/v7e-m/nofp\libc_nano.a(libc_a-lock.o)
                0x08000632                __retarget_lock_acquire_recursive
 .text.__retarget_lock_release_recursive
                0x08000634        0x2 E:/support_tools/arm-gnu-toolchain-15.3.rel1-mingw-w64-x86_64-arm-none-eabi/bin/../lib/gcc/arm-none-eabi/15.3.1/../../../../arm-none-eabi/lib/thumb/v7e-m/nofp\libc_nano.a(libc_a-lock.o)
                0x08000634                __retarget_lock_release_recursive
 *fill*         0x08000636        0x2 
 .text._free_r  0x08000638       0x98 E:/support_tools/arm-gnu-toolchain-15.3.rel1-mingw-w64-x86_64-arm-none-eabi/bin/../lib/gcc/arm-none-eabi/15.3.1/../../../../arm-none-eabi/lib/thumb/v7e-m/nofp\libc_nano.a(libc_a-freer.o)
                0x08000638                _free_r
 .text.sbrk_aligned
                0x080006d0       0x44 E:/support_tools/arm-gnu-toolchain-15.3.rel1-mingw-w64-x86_64-arm-none-eabi/bin/../lib/gcc/arm-none-eabi/15.3.1/../../../../arm-none-eabi/lib/thumb/v7e-m/nofp\libc_nano.a(libc_a-mallocr.o)
 .text._malloc_r
                0x08000714       0xf8 E:/support_tools/arm-gnu-toolchain-15.3.rel1-mingw-w64-x86_64-arm-none-eabi/bin/../lib/gcc/arm-none-eabi/15.3.1/../../../../arm-none-eabi/lib/thumb/v7e-m/nofp\libc_nano.a(libc_a-mallocr.o)
                0x08000714                _malloc_r
 .text.__malloc_lock
                0x0800080c        0xc E:/support_tools/arm-gnu-toolchain-15.3.rel1-mingw-w64-x86_64-arm-none-eabi/bin/../lib/gcc/arm-none-eabi/15.3.1/../../../../arm-none-eabi/lib/thumb/v7e-m/nofp\libc_nano.a(libc_a-mlock.o)
                0x0800080c                __malloc_lock
 .text.__malloc_unlock
                0x08000818        0xc E:/support_tools/arm-gnu-toolchain-15.3.rel1-mingw-w64-x86_64-arm-none-eabi/bin/../lib/gcc/arm-none-eabi/15.3.1/../../../../arm-none-eabi/lib/thumb/v7e-m/nofp\libc_nano.a(libc_a-mlock.o)
                0x08000818                __malloc_unlock
 .text.__sflush_r
                0x08000824       0xf8 E:/support_tools/arm-gnu-toolchain-15.3.rel1-mingw-w64-x86_64-arm-none-eabi/bin/../lib/gcc/arm-none-eabi/15.3.1/../../../../arm-none-eabi/lib/thumb/v7e-m/nofp\libc_nano.a(libc_a-fflush.o)
                0x08000824                __sflush_r
 .text._fflush_r
                0x0800091c       0x50 E:/support_tools/arm-gnu-toolchain-15.3.rel1-mingw-w64-x86_64-arm-none-eabi/bin/../lib/gcc/arm-none-eabi/15.3.1/../../../../arm-none-eabi/lib/thumb/v7e-m/nofp\libc_nano.a(libc_a-fflush.o)
                0x0800091c                _fflush_r
 .text._sbrk_r  0x0800096c       0x20 E:/support_tools/arm-gnu-toolchain-15.3.rel1-mingw-w64-x86_64-arm-none-eabi/bin/../lib/gcc/arm-none-eabi/15.3.1/../../../../arm-none-eabi/lib/thumb/v7e-m/nofp\libc_nano.a(libc_a-sbrkr.o)
                0x0800096c                _sbrk_r
 .text.led_task
                0x0800098c       0x70 CMakeFiles/stm32f429_tinyusb_ui.elf.dir/app/main.c.obj
 .text.Error_Handler
                0x080009fc       0x24 CMakeFiles/stm32f429_tinyusb_ui.elf.dir/app/main.c.obj
                0x080009fc                Error_Handler
 .text.SystemClock_Config
                0x08000a20       0xa8 CMakeFiles/stm32f429_tinyusb_ui.elf.dir/app/main.c.obj
 .text.main     0x08000ac8       0xe4 CMakeFiles/stm32f429_tinyusb_ui.elf.dir/app/main.c.obj
                0x08000ac8                main
 .text.vApplicationAssertFailed
                0x08000bac        0x6 CMakeFiles/stm32f429_tinyusb_ui.elf.dir/app/main.c.obj
                0x08000bac                vApplicationAssertFailed
 .text.vApplicationMallocFailedHook
                0x08000bb2        0x6 CMakeFiles/stm32f429_tinyusb_ui.elf.dir/app/main.c.obj
                0x08000bb2                vApplicationMallocFailedHook
 .text.vApplicationStackOverflowHook
                0x08000bb8        0x6 CMakeFiles/stm32f429_tinyusb_ui.elf.dir/app/main.c.obj
                0x08000bb8                vApplicationStackOverflowHook
 *fill*         0x08000bbe        0x2 
 .text.HAL_InitTick
                0x08000bc0       0xb0 CMakeFiles/stm32f429_tinyusb_ui.elf.dir/app/stm32f4xx_hal_timebase_tim.c.obj
                0x08000bc0                HAL_InitTick
 .text.HAL_TIM_PeriodElapsedCallback
                0x08000c70       0x18 CMakeFiles/stm32f429_tinyusb_ui.elf.dir/app/stm32f4xx_hal_timebase_tim.c.obj
                0x08000c70                HAL_TIM_PeriodElapsedCallback
 .text.NMI_Handler
                0x08000c88        0x2 CMakeFiles/stm32f429_tinyusb_ui.elf.dir/app/stm32f4xx_it.c.obj
                0x08000c88                NMI_Handler
 .text.HardFault_Handler
                0x08000c8a        0x2 CMakeFiles/stm32f429_tinyusb_ui.elf.dir/app/stm32f4xx_it.c.obj
                0x08000c8a                HardFault_Handler
 .text.MemManage_Handler
                0x08000c8c        0x2 CMakeFiles/stm32f429_tinyusb_ui.elf.dir/app/stm32f4xx_it.c.obj
                0x08000c8c                MemManage_Handler
 .text.BusFault_Handler
                0x08000c8e        0x2 CMakeFiles/stm32f429_tinyusb_ui.elf.dir/app/stm32f4xx_it.c.obj
                0x08000c8e                BusFault_Handler
 .text.UsageFault_Handler
                0x08000c90        0x2 CMakeFiles/stm32f429_tinyusb_ui.elf.dir/app/stm32f4xx_it.c.obj
                0x08000c90                UsageFault_Handler
 .text.DebugMon_Handler
                0x08000c92        0x2 CMakeFiles/stm32f429_tinyusb_ui.elf.dir/app/stm32f4xx_it.c.obj
                0x08000c92                DebugMon_Handler
 .text.TIM1_TRG_COM_TIM11_IRQHandler
                0x08000c94       0x10 CMakeFiles/stm32f429_tinyusb_ui.elf.dir/app/stm32f4xx_it.c.obj
                0x08000c94                TIM1_TRG_COM_TIM11_IRQHandler
 .text.OTG_FS_IRQHandler
                0x08000ca4        0xc CMakeFiles/stm32f429_tinyusb_ui.elf.dir/app/stm32f4xx_it.c.obj
                0x08000ca4                OTG_FS_IRQHandler
 .text._sbrk    0x08000cb0       0x24 CMakeFiles/stm32f429_tinyusb_ui.elf.dir/app/syscalls.c.obj
                0x08000cb0                _sbrk
 .text._write   0x08000cd4       0x24 CMakeFiles/stm32f429_tinyusb_ui.elf.dir/app/syscalls.c.obj
                0x08000cd4                _write
 .text._close   0x08000cf8        0x6 CMakeFiles/stm32f429_tinyusb_ui.elf.dir/app/syscalls.c.obj
                0x08000cf8                _close
 .text._read    0x08000cfe        0x4 CMakeFiles/stm32f429_tinyusb_ui.elf.dir/app/syscalls.c.obj
                0x08000cfe                _read
 .text._lseek   0x08000d02        0x4 CMakeFiles/stm32f429_tinyusb_ui.elf.dir/app/syscalls.c.obj
                0x08000d02                _lseek
 .text._fstat   0x08000d06        0xa CMakeFiles/stm32f429_tinyusb_ui.elf.dir/app/syscalls.c.obj
                0x08000d06                _fstat
 .text._isatty  0x08000d10        0x4 CMakeFiles/stm32f429_tinyusb_ui.elf.dir/app/syscalls.c.obj
                0x08000d10                _isatty
 .text.disk_io_complete
                0x08000d14       0x10 CMakeFiles/stm32f429_tinyusb_ui.elf.dir/app/usb_host_app.c.obj
 .text.wait_for_disk_io
                0x08000d24       0x1c CMakeFiles/stm32f429_tinyusb_ui.elf.dir/app/usb_host_app.c.obj
 .text.seed_demo_files
                0x08000d40       0x8c CMakeFiles/stm32f429_tinyusb_ui.elf.dir/app/usb_host_app.c.obj
 .text.dump_chunk
                0x08000dcc       0x58 CMakeFiles/stm32f429_tinyusb_ui.elf.dir/app/usb_host_app.c.obj
 .text.dump_file
                0x08000e24       0xa4 CMakeFiles/stm32f429_tinyusb_ui.elf.dir/app/usb_host_app.c.obj
 .text.explore_dir
                0x08000ec8      0x100 CMakeFiles/stm32f429_tinyusb_ui.elf.dir/app/usb_host_app.c.obj
 .text.usb_disk_explore
                0x08000fc8       0x60 CMakeFiles/stm32f429_tinyusb_ui.elf.dir/app/usb_host_app.c.obj
 .text.file_task
                0x08001028       0x6c CMakeFiles/stm32f429_tinyusb_ui.elf.dir/app/usb_host_app.c.obj
 .text.disk_status
                0x08001094       0x14 CMakeFiles/stm32f429_tinyusb_ui.elf.dir/app/usb_host_app.c.obj
                0x08001094                disk_status
 .text.disk_initialize
                0x080010a8        0x4 CMakeFiles/stm32f429_tinyusb_ui.elf.dir/app/usb_host_app.c.obj
                0x080010a8                disk_initialize
 .text.disk_read
                0x080010ac       0x44 CMakeFiles/stm32f429_tinyusb_ui.elf.dir/app/usb_host_app.c.obj
                0x080010ac                disk_read
 .text.disk_write
                0x080010f0       0x44 CMakeFiles/stm32f429_tinyusb_ui.elf.dir/app/usb_host_app.c.obj
                0x080010f0                disk_write
 .text.disk_ioctl
                0x08001134       0x44 CMakeFiles/stm32f429_tinyusb_ui.elf.dir/app/usb_host_app.c.obj
                0x08001134                disk_ioctl
 .text.tuh_msc_mount_cb
                0x08001178       0x2c CMakeFiles/stm32f429_tinyusb_ui.elf.dir/app/usb_host_app.c.obj
                0x08001178                tuh_msc_mount_cb
 .text.tuh_msc_umount_cb
                0x080011a4       0x24 CMakeFiles/stm32f429_tinyusb_ui.elf.dir/app/usb_host_app.c.obj
                0x080011a4                tuh_msc_umount_cb
 .text.usbh_app_init
                0x080011c8       0x48 CMakeFiles/stm32f429_tinyusb_ui.elf.dir/app/usb_host_app.c.obj
                0x080011c8                usbh_app_init
 .text.usbh_host_task
                0x08001210       0x44 CMakeFiles/stm32f429_tinyusb_ui.elf.dir/app/usb_host_app.c.obj
                0x08001210                usbh_host_task
 .text.i2c_udelay
                0x08001254       0x20 CMakeFiles/stm32f429_tinyusb_ui.elf.dir/bsp/bsp_i2c.c.obj
 .text.i2c_scl_gpio_out
                0x08001274       0x2c CMakeFiles/stm32f429_tinyusb_ui.elf.dir/bsp/bsp_i2c.c.obj
 .text.i2c_gpio_af_od
                0x080012a0       0x34 CMakeFiles/stm32f429_tinyusb_ui.elf.dir/bsp/bsp_i2c.c.obj
 .text.BSP_I2C_Init
                0x080012d4       0x98 CMakeFiles/stm32f429_tinyusb_ui.elf.dir/bsp/bsp_i2c.c.obj
                0x080012d4                BSP_I2C_Init
 .text.BSP_I2C_Recover
                0x0800136c      0x118 CMakeFiles/stm32f429_tinyusb_ui.elf.dir/bsp/bsp_i2c.c.obj
                0x0800136c                BSP_I2C_Recover
 .text.BSP_LED_Init
                0x08001484       0x5c CMakeFiles/stm32f429_tinyusb_ui.elf.dir/bsp/bsp_led.c.obj
                0x08001484                BSP_LED_Init
 .text.BSP_LED_On
                0x080014e0       0x28 CMakeFiles/stm32f429_tinyusb_ui.elf.dir/bsp/bsp_led.c.obj
                0x080014e0                BSP_LED_On
 .text.BSP_LED_Off
                0x08001508       0x28 CMakeFiles/stm32f429_tinyusb_ui.elf.dir/bsp/bsp_led.c.obj
                0x08001508                BSP_LED_Off
 .text.BSP_LED_Toggle
                0x08001530       0x24 CMakeFiles/stm32f429_tinyusb_ui.elf.dir/bsp/bsp_led.c.obj
                0x08001530                BSP_LED_Toggle
 .text.BSP_PCF8574_Write
                0x08001554       0x24 CMakeFiles/stm32f429_tinyusb_ui.elf.dir/bsp/bsp_pcf8574.c.obj
                0x08001554                BSP_PCF8574_Write
 .text.bsp_delay_us
                0x08001578       0x4c CMakeFiles/stm32f429_tinyusb_ui.elf.dir/bsp/bsp_sdram.c.obj
 .text.sdram_memory_test
                0x080015c4       0x90 CMakeFiles/stm32f429_tinyusb_ui.elf.dir/bsp/bsp_sdram.c.obj
 .text.sdram_hardware_init
                0x08001654      0x160 CMakeFiles/stm32f429_tinyusb_ui.elf.dir/bsp/bsp_sdram.c.obj
 .text.sdram_send_command
                0x080017b4       0x40 CMakeFiles/stm32f429_tinyusb_ui.elf.dir/bsp/bsp_sdram.c.obj
 .text.sdram_initialize_sequence
                0x080017f4       0x46 CMakeFiles/stm32f429_tinyusb_ui.elf.dir/bsp/bsp_sdram.c.obj
 *fill*         0x0800183a        0x2 
 .text.bsp_sdram_init
                0x0800183c       0x38 CMakeFiles/stm32f429_tinyusb_ui.elf.dir/bsp/bsp_sdram.c.obj
                0x0800183c                bsp_sdram_init
 .text.BSP_UART_Init
                0x08001874       0xa8 CMakeFiles/stm32f429_tinyusb_ui.elf.dir/bsp/bsp_uart.c.obj
                0x08001874                BSP_UART_Init
 .text.uart_write
                0x0800191c       0xa4 CMakeFiles/stm32f429_tinyusb_ui.elf.dir/bsp/bsp_uart.c.obj
                0x0800191c                uart_write
 .text.BSP_UART_IRQHandler
                0x080019c0       0x68 CMakeFiles/stm32f429_tinyusb_ui.elf.dir/bsp/bsp_uart.c.obj
                0x080019c0                BSP_UART_IRQHandler
 .text.USART3_IRQHandler
                0x08001a28        0x8 CMakeFiles/stm32f429_tinyusb_ui.elf.dir/bsp/bsp_uart.c.obj
                0x08001a28                USART3_IRQHandler
 .text.USBH_HW_Init
                0x08001a30       0x78 CMakeFiles/stm32f429_tinyusb_ui.elf.dir/bsp/bsp_usb_hw.c.obj
                0x08001a30                USBH_HW_Init
 .text.SystemInit
                0x08001aa8        0x2 CMakeFiles/stm32f429_tinyusb_ui.elf.dir/Drivers/CMSIS/Device/ST/STM32F4xx/Source/system_stm32f4xx.c.obj
                0x08001aa8                SystemInit
 *fill*         0x08001aaa        0x2 
 .text.Reset_Handler
                0x08001aac       0x50 CMakeFiles/stm32f429_tinyusb_ui.elf.dir/Drivers/CMSIS/Device/ST/STM32F4xx/Source/GCC/startup_stm32f429xx.s.obj
                0x08001aac                Reset_Handler
 .text.Default_Handler
                0x08001afc        0x2 CMakeFiles/stm32f429_tinyusb_ui.elf.dir/Drivers/CMSIS/Device/ST/STM32F4xx/Source/GCC/startup_stm32f429xx.s.obj
                0x08001afc                RTC_Alarm_IRQHandler
                0x08001afc                HASH_RNG_IRQHandler
                0x08001afc                EXTI2_IRQHandler
                0x08001afc                TIM8_CC_IRQHandler
                0x08001afc                UART8_IRQHandler
                0x08001afc                SPI4_IRQHandler
                0x08001afc                TIM1_CC_IRQHandler
                0x08001afc                DMA2_Stream5_IRQHandler
                0x08001afc                DMA1_Stream5_IRQHandler
                0x08001afc                SysTick_Handler
                0x08001afc                PVD_IRQHandler
                0x08001afc                SDIO_IRQHandler
                0x08001afc                TAMP_STAMP_IRQHandler
                0x08001afc                PendSV_Handler
                0x08001afc                CAN2_RX1_IRQHandler
                0x08001afc                EXTI3_IRQHandler
                0x08001afc                TIM8_TRG_COM_TIM14_IRQHandler
                0x08001afc                TIM1_UP_TIM10_IRQHandler
                0x08001afc                TIM8_UP_TIM13_IRQHandler
                0x08001afc                I2C3_ER_IRQHandler
                0x08001afc                EXTI0_IRQHandler
                0x08001afc                I2C2_EV_IRQHandler
                0x08001afc                DMA1_Stream2_IRQHandler
                0x08001afc                CAN1_RX0_IRQHandler
                0x08001afc                FPU_IRQHandler
                0x08001afc                OTG_HS_WKUP_IRQHandler
                0x08001afc                LTDC_ER_IRQHandler
                0x08001afc                CAN2_SCE_IRQHandler
                0x08001afc                DMA2_Stream2_IRQHandler
                0x08001afc                SPI1_IRQHandler
                0x08001afc                TIM6_DAC_IRQHandler
                0x08001afc                TIM1_BRK_TIM9_IRQHandler
                0x08001afc                DCMI_IRQHandler
                0x08001afc                CAN2_RX0_IRQHandler
                0x08001afc                DMA2_Stream3_IRQHandler
                0x08001afc                USART6_IRQHandler
                0x08001afc                CRYP_IRQHandler
                0x08001afc                CAN1_RX1_IRQHandler
                0x08001afc                UART5_IRQHandler
                0x08001afc                DMA2_Stream0_IRQHandler
                0x08001afc                TIM4_IRQHandler
                0x08001afc                I2C1_EV_IRQHandler
                0x08001afc                DMA1_Stream6_IRQHandler
                0x08001afc                DMA1_Stream1_IRQHandler
                0x08001afc                UART4_IRQHandler
                0x08001afc                TIM3_IRQHandler
                0x08001afc                RCC_IRQHandler
                0x08001afc                TIM8_BRK_TIM12_IRQHandler
                0x08001afc                Default_Handler
                0x08001afc                EXTI15_10_IRQHandler
                0x08001afc                ADC_IRQHandler
                0x08001afc                DMA1_Stream7_IRQHandler
                0x08001afc                SPI5_IRQHandler
                0x08001afc                TIM7_IRQHandler
                0x08001afc                CAN2_TX_IRQHandler
                0x08001afc                TIM5_IRQHandler
                0x08001afc                DMA2_Stream7_IRQHandler
                0x08001afc                I2C3_EV_IRQHandler
                0x08001afc                EXTI9_5_IRQHandler
                0x08001afc                RTC_WKUP_IRQHandler
                0x08001afc                LTDC_IRQHandler
                0x08001afc                ETH_WKUP_IRQHandler
                0x08001afc                SPI2_IRQHandler
                0x08001afc                OTG_HS_EP1_IN_IRQHandler
                0x08001afc                DMA1_Stream0_IRQHandler
                0x08001afc                CAN1_TX_IRQHandler
                0x08001afc                SVC_Handler
                0x08001afc                EXTI4_IRQHandler
                0x08001afc                ETH_IRQHandler
                0x08001afc                OTG_HS_EP1_OUT_IRQHandler
                0x08001afc                WWDG_IRQHandler
                0x08001afc                SPI6_IRQHandler
                0x08001afc                TIM2_IRQHandler
                0x08001afc                OTG_FS_WKUP_IRQHandler
                0x08001afc                OTG_HS_IRQHandler
                0x08001afc                DMA2D_IRQHandler
                0x08001afc                EXTI1_IRQHandler
                0x08001afc                UART7_IRQHandler
                0x08001afc                USART2_IRQHandler
                0x08001afc                I2C2_ER_IRQHandler
                0x08001afc                DMA2_Stream1_IRQHandler
                0x08001afc                CAN1_SCE_IRQHandler
                0x08001afc                FLASH_IRQHandler
                0x08001afc                DMA2_Stream4_IRQHandler
                0x08001afc                USART1_IRQHandler
                0x08001afc                SPI3_IRQHandler
                0x08001afc                DMA1_Stream4_IRQHandler
                0x08001afc                I2C1_ER_IRQHandler
                0x08001afc                FMC_IRQHandler
                0x08001afc                DMA2_Stream6_IRQHandler
                0x08001afc                SAI1_IRQHandler
                0x08001afc                DMA1_Stream3_IRQHandler
 .text.HAL_MspInit
                0x08001afe        0x2 CMakeFiles/stm32f429_tinyusb_ui.elf.dir/Drivers/STM32F4xx_HAL_Driver/Src/stm32f4xx_hal.c.obj
                0x08001afe                HAL_MspInit
 .text.HAL_Init
                0x08001b00       0x34 CMakeFiles/stm32f429_tinyusb_ui.elf.dir/Drivers/STM32F4xx_HAL_Driver/Src/stm32f4xx_hal.c.obj
                0x08001b00                HAL_Init
 .text.HAL_IncTick
                0x08001b34       0x18 CMakeFiles/stm32f429_tinyusb_ui.elf.dir/Drivers/STM32F4xx_HAL_Driver/Src/stm32f4xx_hal.c.obj
                0x08001b34                HAL_IncTick
 .text.HAL_GetTick
                0x08001b4c        0xc CMakeFiles/stm32f429_tinyusb_ui.elf.dir/Drivers/STM32F4xx_HAL_Driver/Src/stm32f4xx_hal.c.obj
                0x08001b4c                HAL_GetTick
 .text.__NVIC_EnableIRQ
                0x08001b58       0x1c CMakeFiles/stm32f429_tinyusb_ui.elf.dir/Drivers/STM32F4xx_HAL_Driver/Src/stm32f4xx_hal_cortex.c.obj
 .text.__NVIC_SetPriority
                0x08001b74       0x28 CMakeFiles/stm32f429_tinyusb_ui.elf.dir/Drivers/STM32F4xx_HAL_Driver/Src/stm32f4xx_hal_cortex.c.obj
 .text.NVIC_EncodePriority
                0x08001b9c       0x46 CMakeFiles/stm32f429_tinyusb_ui.elf.dir/Drivers/STM32F4xx_HAL_Driver/Src/stm32f4xx_hal_cortex.c.obj
 *fill*         0x08001be2        0x2 
 .text.HAL_NVIC_SetPriorityGrouping
                0x08001be4       0x24 CMakeFiles/stm32f429_tinyusb_ui.elf.dir/Drivers/STM32F4xx_HAL_Driver/Src/stm32f4xx_hal_cortex.c.obj
                0x08001be4                HAL_NVIC_SetPriorityGrouping
 .text.HAL_NVIC_SetPriority
                0x08001c08       0x20 CMakeFiles/stm32f429_tinyusb_ui.elf.dir/Drivers/STM32F4xx_HAL_Driver/Src/stm32f4xx_hal_cortex.c.obj
                0x08001c08                HAL_NVIC_SetPriority
 .text.HAL_NVIC_EnableIRQ
                0x08001c28        0x8 CMakeFiles/stm32f429_tinyusb_ui.elf.dir/Drivers/STM32F4xx_HAL_Driver/Src/stm32f4xx_hal_cortex.c.obj
                0x08001c28                HAL_NVIC_EnableIRQ
 .text.HAL_RCC_OscConfig
                0x08001c30      0x3fc CMakeFiles/stm32f429_tinyusb_ui.elf.dir/Drivers/STM32F4xx_HAL_Driver/Src/stm32f4xx_hal_rcc.c.obj
                0x08001c30                HAL_RCC_OscConfig
 .text.HAL_RCC_GetSysClockFreq
                0x0800202c       0xa8 CMakeFiles/stm32f429_tinyusb_ui.elf.dir/Drivers/STM32F4xx_HAL_Driver/Src/stm32f4xx_hal_rcc.c.obj
                0x0800202c                HAL_RCC_GetSysClockFreq
 .text.HAL_RCC_ClockConfig
                0x080020d4      0x160 CMakeFiles/stm32f429_tinyusb_ui.elf.dir/Drivers/STM32F4xx_HAL_Driver/Src/stm32f4xx_hal_rcc.c.obj
                0x080020d4                HAL_RCC_ClockConfig
 .text.HAL_RCC_GetHCLKFreq
                0x08002234        0xc CMakeFiles/stm32f429_tinyusb_ui.elf.dir/Drivers/STM32F4xx_HAL_Driver/Src/stm32f4xx_hal_rcc.c.obj
                0x08002234                HAL_RCC_GetHCLKFreq
 .text.HAL_RCC_GetPCLK1Freq
                0x08002240       0x20 CMakeFiles/stm32f429_tinyusb_ui.elf.dir/Drivers/STM32F4xx_HAL_Driver/Src/stm32f4xx_hal_rcc.c.obj
                0x08002240                HAL_RCC_GetPCLK1Freq
 .text.HAL_RCC_GetPCLK2Freq
                0x08002260       0x20 CMakeFiles/stm32f429_tinyusb_ui.elf.dir/Drivers/STM32F4xx_HAL_Driver/Src/stm32f4xx_hal_rcc.c.obj
                0x08002260                HAL_RCC_GetPCLK2Freq
 .text.HAL_RCC_GetClockConfig
                0x08002280       0x3c CMakeFiles/stm32f429_tinyusb_ui.elf.dir/Drivers/STM32F4xx_HAL_Driver/Src/stm32f4xx_hal_rcc.c.obj
                0x08002280                HAL_RCC_GetClockConfig
 .text.HAL_GPIO_Init
                0x080022bc      0x220 CMakeFiles/stm32f429_tinyusb_ui.elf.dir/Drivers/STM32F4xx_HAL_Driver/Src/stm32f4xx_hal_gpio.c.obj
                0x080022bc                HAL_GPIO_Init
 .text.HAL_GPIO_WritePin
                0x080024dc        0xc CMakeFiles/stm32f429_tinyusb_ui.elf.dir/Drivers/STM32F4xx_HAL_Driver/Src/stm32f4xx_hal_gpio.c.obj
                0x080024dc                HAL_GPIO_WritePin
 .text.HAL_GPIO_TogglePin
                0x080024e8       0x12 CMakeFiles/stm32f429_tinyusb_ui.elf.dir/Drivers/STM32F4xx_HAL_Driver/Src/stm32f4xx_hal_gpio.c.obj
                0x080024e8                HAL_GPIO_TogglePin
 *fill*         0x080024fa        0x2 
 .text.UART_SetConfig
                0x080024fc      0x110 CMakeFiles/stm32f429_tinyusb_ui.elf.dir/Drivers/STM32F4xx_HAL_Driver/Src/stm32f4xx_hal_uart.c.obj
 .text.UART_WaitOnFlagUntilTimeout
                0x0800260c       0x80 CMakeFiles/stm32f429_tinyusb_ui.elf.dir/Drivers/STM32F4xx_HAL_Driver/Src/stm32f4xx_hal_uart.c.obj
 .text.HAL_UART_MspInit
                0x0800268c        0x2 CMakeFiles/stm32f429_tinyusb_ui.elf.dir/Drivers/STM32F4xx_HAL_Driver/Src/stm32f4xx_hal_uart.c.obj
                0x0800268c                HAL_UART_MspInit
 .text.HAL_UART_Init
                0x0800268e       0x5e CMakeFiles/stm32f429_tinyusb_ui.elf.dir/Drivers/STM32F4xx_HAL_Driver/Src/stm32f4xx_hal_uart.c.obj
                0x0800268e                HAL_UART_Init
 .text.HAL_UART_Transmit
                0x080026ec       0xd8 CMakeFiles/stm32f429_tinyusb_ui.elf.dir/Drivers/STM32F4xx_HAL_Driver/Src/stm32f4xx_hal_uart.c.obj
                0x080026ec                HAL_UART_Transmit
 .text.I2C_IsAcknowledgeFailed
                0x080027c4       0x32 CMakeFiles/stm32f429_tinyusb_ui.elf.dir/Drivers/STM32F4xx_HAL_Driver/Src/stm32f4xx_hal_i2c.c.obj
 .text.I2C_WaitOnFlagUntilTimeout
                0x080027f6       0x78 CMakeFiles/stm32f429_tinyusb_ui.elf.dir/Drivers/STM32F4xx_HAL_Driver/Src/stm32f4xx_hal_i2c.c.obj
 .text.I2C_WaitOnMasterAddressFlagUntilTimeout
                0x0800286e       0xa4 CMakeFiles/stm32f429_tinyusb_ui.elf.dir/Drivers/STM32F4xx_HAL_Driver/Src/stm32f4xx_hal_i2c.c.obj
 *fill*         0x08002912        0x2 
 .text.I2C_MasterRequestWrite
                0x08002914       0xb4 CMakeFiles/stm32f429_tinyusb_ui.elf.dir/Drivers/STM32F4xx_HAL_Driver/Src/stm32f4xx_hal_i2c.c.obj
 .text.I2C_WaitOnTXEFlagUntilTimeout
                0x080029c8       0x54 CMakeFiles/stm32f429_tinyusb_ui.elf.dir/Drivers/STM32F4xx_HAL_Driver/Src/stm32f4xx_hal_i2c.c.obj
 .text.I2C_WaitOnBTFFlagUntilTimeout
                0x08002a1c       0x54 CMakeFiles/stm32f429_tinyusb_ui.elf.dir/Drivers/STM32F4xx_HAL_Driver/Src/stm32f4xx_hal_i2c.c.obj
 .text.HAL_I2C_MspInit
                0x08002a70        0x2 CMakeFiles/stm32f429_tinyusb_ui.elf.dir/Drivers/STM32F4xx_HAL_Driver/Src/stm32f4xx_hal_i2c.c.obj
                0x08002a70                HAL_I2C_MspInit
 *fill*         0x08002a72        0x2 
 .text.HAL_I2C_Init
                0x08002a74      0x1d8 CMakeFiles/stm32f429_tinyusb_ui.elf.dir/Drivers/STM32F4xx_HAL_Driver/Src/stm32f4xx_hal_i2c.c.obj
                0x08002a74                HAL_I2C_Init
 .text.HAL_I2C_MspDeInit
                0x08002c4c        0x2 CMakeFiles/stm32f429_tinyusb_ui.elf.dir/Drivers/STM32F4xx_HAL_Driver/Src/stm32f4xx_hal_i2c.c.obj
                0x08002c4c                HAL_I2C_MspDeInit
 .text.HAL_I2C_DeInit
                0x08002c4e       0x32 CMakeFiles/stm32f429_tinyusb_ui.elf.dir/Drivers/STM32F4xx_HAL_Driver/Src/stm32f4xx_hal_i2c.c.obj
                0x08002c4e                HAL_I2C_DeInit
 .text.HAL_I2C_Master_Transmit
                0x08002c80      0x180 CMakeFiles/stm32f429_tinyusb_ui.elf.dir/Drivers/STM32F4xx_HAL_Driver/Src/stm32f4xx_hal_i2c.c.obj
                0x08002c80                HAL_I2C_Master_Transmit
 .text.HAL_TIM_Base_MspInit
                0x08002e00        0x2 CMakeFiles/stm32f429_tinyusb_ui.elf.dir/Drivers/STM32F4xx_HAL_Driver/Src/stm32f4xx_hal_tim.c.obj
                0x08002e00                HAL_TIM_Base_MspInit
 *fill*         0x08002e02        0x2 
 .text.HAL_TIM_Base_Start_IT
                0x08002e04       0x84 CMakeFiles/stm32f429_tinyusb_ui.elf.dir/Drivers/STM32F4xx_HAL_Driver/Src/stm32f4xx_hal_tim.c.obj
                0x08002e04                HAL_TIM_Base_Start_IT
 .text.HAL_TIM_Base_Stop_IT
                0x08002e88       0x32 CMakeFiles/stm32f429_tinyusb_ui.elf.dir/Drivers/STM32F4xx_HAL_Driver/Src/stm32f4xx_hal_tim.c.obj
                0x08002e88                HAL_TIM_Base_Stop_IT
 .text.HAL_TIM_OC_DelayElapsedCallback
                0x08002eba        0x2 CMakeFiles/stm32f429_tinyusb_ui.elf.dir/Drivers/STM32F4xx_HAL_Driver/Src/stm32f4xx_hal_tim.c.obj
                0x08002eba                HAL_TIM_OC_DelayElapsedCallback
 .text.HAL_TIM_IC_CaptureCallback
                0x08002ebc        0x2 CMakeFiles/stm32f429_tinyusb_ui.elf.dir/Drivers/STM32F4xx_HAL_Driver/Src/stm32f4xx_hal_tim.c.obj
                0x08002ebc                HAL_TIM_IC_CaptureCallback
 .text.HAL_TIM_PWM_PulseFinishedCallback
                0x08002ebe        0x2 CMakeFiles/stm32f429_tinyusb_ui.elf.dir/Drivers/STM32F4xx_HAL_Driver/Src/stm32f4xx_hal_tim.c.obj
                0x08002ebe                HAL_TIM_PWM_PulseFinishedCallback
 .text.HAL_TIM_TriggerCallback
                0x08002ec0        0x2 CMakeFiles/stm32f429_tinyusb_ui.elf.dir/Drivers/STM32F4xx_HAL_Driver/Src/stm32f4xx_hal_tim.c.obj
                0x08002ec0                HAL_TIM_TriggerCallback
 .text.HAL_TIM_IRQHandler
                0x08002ec2      0x17a CMakeFiles/stm32f429_tinyusb_ui.elf.dir/Drivers/STM32F4xx_HAL_Driver/Src/stm32f4xx_hal_tim.c.obj
                0x08002ec2                HAL_TIM_IRQHandler
 .text.TIM_Base_SetConfig
                0x0800303c       0xc8 CMakeFiles/stm32f429_tinyusb_ui.elf.dir/Drivers/STM32F4xx_HAL_Driver/Src/stm32f4xx_hal_tim.c.obj
                0x0800303c                TIM_Base_SetConfig
 .text.HAL_TIM_Base_Init
                0x08003104       0x58 CMakeFiles/stm32f429_tinyusb_ui.elf.dir/Drivers/STM32F4xx_HAL_Driver/Src/stm32f4xx_hal_tim.c.obj
                0x08003104                HAL_TIM_Base_Init
 .text.HAL_TIMEx_CommutCallback
                0x0800315c        0x2 CMakeFiles/stm32f429_tinyusb_ui.elf.dir/Drivers/STM32F4xx_HAL_Driver/Src/stm32f4xx_hal_tim_ex.c.obj
                0x0800315c                HAL_TIMEx_CommutCallback
 .text.HAL_TIMEx_BreakCallback
                0x0800315e        0x2 CMakeFiles/stm32f429_tinyusb_ui.elf.dir/Drivers/STM32F4xx_HAL_Driver/Src/stm32f4xx_hal_tim_ex.c.obj
                0x0800315e                HAL_TIMEx_BreakCallback
 .text.HAL_SDRAM_MspInit
                0x08003160        0x2 CMakeFiles/stm32f429_tinyusb_ui.elf.dir/Drivers/STM32F4xx_HAL_Driver/Src/stm32f4xx_hal_sdram.c.obj
                0x08003160                HAL_SDRAM_MspInit
 .text.HAL_SDRAM_Init
                0x08003162       0x40 CMakeFiles/stm32f429_tinyusb_ui.elf.dir/Drivers/STM32F4xx_HAL_Driver/Src/stm32f4xx_hal_sdram.c.obj
                0x08003162                HAL_SDRAM_Init
 .text.HAL_SDRAM_SendCommand
                0x080031a2       0x42 CMakeFiles/stm32f429_tinyusb_ui.elf.dir/Drivers/STM32F4xx_HAL_Driver/Src/stm32f4xx_hal_sdram.c.obj
                0x080031a2                HAL_SDRAM_SendCommand
 .text.HAL_SDRAM_ProgramRefreshRate
                0x080031e4       0x30 CMakeFiles/stm32f429_tinyusb_ui.elf.dir/Drivers/STM32F4xx_HAL_Driver/Src/stm32f4xx_hal_sdram.c.obj
                0x080031e4                HAL_SDRAM_ProgramRefreshRate
 .text.FMC_SDRAM_Init
                0x08003214       0x6e CMakeFiles/stm32f429_tinyusb_ui.elf.dir/Drivers/STM32F4xx_HAL_Driver/Src/stm32f4xx_ll_fmc.c.obj
                0x08003214                FMC_SDRAM_Init
 .text.FMC_SDRAM_Timing_Init
                0x08003282       0xb2 CMakeFiles/stm32f429_tinyusb_ui.elf.dir/Drivers/STM32F4xx_HAL_Driver/Src/stm32f4xx_ll_fmc.c.obj
                0x08003282                FMC_SDRAM_Timing_Init
 .text.FMC_SDRAM_SendCommand
                0x08003334       0x4c CMakeFiles/stm32f429_tinyusb_ui.elf.dir/Drivers/STM32F4xx_HAL_Driver/Src/stm32f4xx_ll_fmc.c.obj
                0x08003334                FMC_SDRAM_SendCommand
 .text.FMC_SDRAM_ProgramRefreshRate
                0x08003380       0x10 CMakeFiles/stm32f429_tinyusb_ui.elf.dir/Drivers/STM32F4xx_HAL_Driver/Src/stm32f4xx_ll_fmc.c.obj
                0x08003380                FMC_SDRAM_ProgramRefreshRate
 .text.prvResetNextTaskUnblockTime
                0x08003390       0x28 CMakeFiles/stm32f429_tinyusb_ui.elf.dir/third_party/FreeRTOS-Kernel/tasks.c.obj
 .text.prvDeleteTCB
                0x080033b8       0x12 CMakeFiles/stm32f429_tinyusb_ui.elf.dir/third_party/FreeRTOS-Kernel/tasks.c.obj
 *fill*         0x080033ca        0x2 
 .text.prvInitialiseNewTask
                0x080033cc       0x98 CMakeFiles/stm32f429_tinyusb_ui.elf.dir/third_party/FreeRTOS-Kernel/tasks.c.obj
 .text.prvCreateTask
                0x08003464       0x5a CMakeFiles/stm32f429_tinyusb_ui.elf.dir/third_party/FreeRTOS-Kernel/tasks.c.obj
 *fill*         0x080034be        0x2 
 .text.prvInitialiseTaskLists
                0x080034c0       0x68 CMakeFiles/stm32f429_tinyusb_ui.elf.dir/third_party/FreeRTOS-Kernel/tasks.c.obj
 .text.prvAddNewTaskToReadyList
                0x08003528       0xcc CMakeFiles/stm32f429_tinyusb_ui.elf.dir/third_party/FreeRTOS-Kernel/tasks.c.obj
 .text.prvCheckTasksWaitingTermination
                0x080035f4       0x4c CMakeFiles/stm32f429_tinyusb_ui.elf.dir/third_party/FreeRTOS-Kernel/tasks.c.obj
 .text.prvIdleTask
                0x08003640       0x28 CMakeFiles/stm32f429_tinyusb_ui.elf.dir/third_party/FreeRTOS-Kernel/tasks.c.obj
 .text.prvAddCurrentTaskToDelayedList
                0x08003668       0xc0 CMakeFiles/stm32f429_tinyusb_ui.elf.dir/third_party/FreeRTOS-Kernel/tasks.c.obj
 .text.xTaskCreate
                0x08003728       0x2a CMakeFiles/stm32f429_tinyusb_ui.elf.dir/third_party/FreeRTOS-Kernel/tasks.c.obj
                0x08003728                xTaskCreate
 *fill*         0x08003752        0x2 
 .text.prvCreateIdleTasks
                0x08003754       0x54 CMakeFiles/stm32f429_tinyusb_ui.elf.dir/third_party/FreeRTOS-Kernel/tasks.c.obj
 .text.vTaskStartScheduler
                0x080037a8       0x68 CMakeFiles/stm32f429_tinyusb_ui.elf.dir/third_party/FreeRTOS-Kernel/tasks.c.obj
                0x080037a8                vTaskStartScheduler
 .text.vTaskSuspendAll
                0x08003810       0x10 CMakeFiles/stm32f429_tinyusb_ui.elf.dir/third_party/FreeRTOS-Kernel/tasks.c.obj
                0x08003810                vTaskSuspendAll
 .text.xTaskGetTickCount
                0x08003820        0xc CMakeFiles/stm32f429_tinyusb_ui.elf.dir/third_party/FreeRTOS-Kernel/tasks.c.obj
                0x08003820                xTaskGetTickCount
 .text.uxTaskGetNumberOfTasks
                0x0800382c        0xc CMakeFiles/stm32f429_tinyusb_ui.elf.dir/third_party/FreeRTOS-Kernel/tasks.c.obj
                0x0800382c                uxTaskGetNumberOfTasks
 .text.xTaskIncrementTick
                0x08003838      0x178 CMakeFiles/stm32f429_tinyusb_ui.elf.dir/third_party/FreeRTOS-Kernel/tasks.c.obj
                0x08003838                xTaskIncrementTick
 .text.xTaskResumeAll
                0x080039b0      0x15c CMakeFiles/stm32f429_tinyusb_ui.elf.dir/third_party/FreeRTOS-Kernel/tasks.c.obj
                0x080039b0                xTaskResumeAll
 .text.vTaskDelay
                0x08003b0c       0x50 CMakeFiles/stm32f429_tinyusb_ui.elf.dir/third_party/FreeRTOS-Kernel/tasks.c.obj
                0x08003b0c                vTaskDelay
 .text.vTaskSwitchContext
                0x08003b5c       0xcc CMakeFiles/stm32f429_tinyusb_ui.elf.dir/third_party/FreeRTOS-Kernel/tasks.c.obj
                0x08003b5c                vTaskSwitchContext
 .text.vTaskPlaceOnEventList
                0x08003c28       0x34 CMakeFiles/stm32f429_tinyusb_ui.elf.dir/third_party/FreeRTOS-Kernel/tasks.c.obj
                0x08003c28                vTaskPlaceOnEventList
 .text.vTaskPlaceOnEventListRestricted
                0x08003c5c       0x54 CMakeFiles/stm32f429_tinyusb_ui.elf.dir/third_party/FreeRTOS-Kernel/tasks.c.obj
                0x08003c5c                vTaskPlaceOnEventListRestricted
 .text.xTaskRemoveFromEventList
                0x08003cb0       0xf8 CMakeFiles/stm32f429_tinyusb_ui.elf.dir/third_party/FreeRTOS-Kernel/tasks.c.obj
                0x08003cb0                xTaskRemoveFromEventList
 .text.vTaskInternalSetTimeOutState
                0x08003da8       0x18 CMakeFiles/stm32f429_tinyusb_ui.elf.dir/third_party/FreeRTOS-Kernel/tasks.c.obj
                0x08003da8                vTaskInternalSetTimeOutState
 .text.xTaskCheckForTimeOut
                0x08003dc0       0x84 CMakeFiles/stm32f429_tinyusb_ui.elf.dir/third_party/FreeRTOS-Kernel/tasks.c.obj
                0x08003dc0                xTaskCheckForTimeOut
 .text.vTaskMissedYield
                0x08003e44        0xc CMakeFiles/stm32f429_tinyusb_ui.elf.dir/third_party/FreeRTOS-Kernel/tasks.c.obj
                0x08003e44                vTaskMissedYield
 .text.xTaskGetCurrentTaskHandle
                0x08003e50        0xc CMakeFiles/stm32f429_tinyusb_ui.elf.dir/third_party/FreeRTOS-Kernel/tasks.c.obj
                0x08003e50                xTaskGetCurrentTaskHandle
 .text.xTaskGetSchedulerState
                0x08003e5c       0x20 CMakeFiles/stm32f429_tinyusb_ui.elf.dir/third_party/FreeRTOS-Kernel/tasks.c.obj
                0x08003e5c                xTaskGetSchedulerState
 .text.xTaskPriorityInherit
                0x08003e7c       0xd0 CMakeFiles/stm32f429_tinyusb_ui.elf.dir/third_party/FreeRTOS-Kernel/tasks.c.obj
                0x08003e7c                xTaskPriorityInherit
 .text.xTaskPriorityDisinherit
                0x08003f4c       0xc0 CMakeFiles/stm32f429_tinyusb_ui.elf.dir/third_party/FreeRTOS-Kernel/tasks.c.obj
                0x08003f4c                xTaskPriorityDisinherit
 .text.vTaskPriorityDisinheritAfterTimeout
                0x0800400c       0xd0 CMakeFiles/stm32f429_tinyusb_ui.elf.dir/third_party/FreeRTOS-Kernel/tasks.c.obj
                0x0800400c                vTaskPriorityDisinheritAfterTimeout
 .text.pvTaskIncrementMutexHeldCount
                0x080040dc       0x14 CMakeFiles/stm32f429_tinyusb_ui.elf.dir/third_party/FreeRTOS-Kernel/tasks.c.obj
                0x080040dc                pvTaskIncrementMutexHeldCount
 .text.prvGetDisinheritPriorityAfterTimeout
                0x080040f0       0x10 CMakeFiles/stm32f429_tinyusb_ui.elf.dir/third_party/FreeRTOS-Kernel/queue.c.obj
 .text.prvIsQueueFull
                0x08004100       0x1e CMakeFiles/stm32f429_tinyusb_ui.elf.dir/third_party/FreeRTOS-Kernel/queue.c.obj
 .text.prvIsQueueEmpty
                0x0800411e       0x1e CMakeFiles/stm32f429_tinyusb_ui.elf.dir/third_party/FreeRTOS-Kernel/queue.c.obj
 .text.prvCopyDataToQueue
                0x0800413c       0x76 CMakeFiles/stm32f429_tinyusb_ui.elf.dir/third_party/FreeRTOS-Kernel/queue.c.obj
 .text.prvCopyDataFromQueue
                0x080041b2       0x24 CMakeFiles/stm32f429_tinyusb_ui.elf.dir/third_party/FreeRTOS-Kernel/queue.c.obj
 .text.prvUnlockQueue
                0x080041d6       0x6e CMakeFiles/stm32f429_tinyusb_ui.elf.dir/third_party/FreeRTOS-Kernel/queue.c.obj
 .text.xQueueGenericReset
                0x08004244       0xa8 CMakeFiles/stm32f429_tinyusb_ui.elf.dir/third_party/FreeRTOS-Kernel/queue.c.obj
                0x08004244                xQueueGenericReset
 .text.prvInitialiseNewQueue
                0x080042ec       0x22 CMakeFiles/stm32f429_tinyusb_ui.elf.dir/third_party/FreeRTOS-Kernel/queue.c.obj
 *fill*         0x0800430e        0x2 
 .text.xQueueGenericCreate
                0x08004310       0x58 CMakeFiles/stm32f429_tinyusb_ui.elf.dir/third_party/FreeRTOS-Kernel/queue.c.obj
                0x08004310                xQueueGenericCreate
 .text.xQueueGenericSend
                0x08004368      0x170 CMakeFiles/stm32f429_tinyusb_ui.elf.dir/third_party/FreeRTOS-Kernel/queue.c.obj
                0x08004368                xQueueGenericSend
 .text.prvInitialiseMutex
                0x080044d8       0x18 CMakeFiles/stm32f429_tinyusb_ui.elf.dir/third_party/FreeRTOS-Kernel/queue.c.obj
 .text.xQueueCreateMutex
                0x080044f0       0x16 CMakeFiles/stm32f429_tinyusb_ui.elf.dir/third_party/FreeRTOS-Kernel/queue.c.obj
                0x080044f0                xQueueCreateMutex
 *fill*         0x08004506        0x2 
 .text.xQueueGenericSendFromISR
                0x08004508       0xe0 CMakeFiles/stm32f429_tinyusb_ui.elf.dir/third_party/FreeRTOS-Kernel/queue.c.obj
                0x08004508                xQueueGenericSendFromISR
 .text.xQueueReceive
                0x080045e8      0x14c CMakeFiles/stm32f429_tinyusb_ui.elf.dir/third_party/FreeRTOS-Kernel/queue.c.obj
                0x080045e8                xQueueReceive
 .text.xQueueSemaphoreTake
                0x08004734      0x180 CMakeFiles/stm32f429_tinyusb_ui.elf.dir/third_party/FreeRTOS-Kernel/queue.c.obj
                0x08004734                xQueueSemaphoreTake
 .text.vQueueAddToRegistry
                0x080048b4       0x5c CMakeFiles/stm32f429_tinyusb_ui.elf.dir/third_party/FreeRTOS-Kernel/queue.c.obj
                0x080048b4                vQueueAddToRegistry
 .text.vQueueWaitForMessageRestricted
                0x08004910       0x52 CMakeFiles/stm32f429_tinyusb_ui.elf.dir/third_party/FreeRTOS-Kernel/queue.c.obj
                0x08004910                vQueueWaitForMessageRestricted
 .text.vListInitialise
                0x08004962       0x16 CMakeFiles/stm32f429_tinyusb_ui.elf.dir/third_party/FreeRTOS-Kernel/list.c.obj
                0x08004962                vListInitialise
 .text.vListInitialiseItem
                0x08004978        0x6 CMakeFiles/stm32f429_tinyusb_ui.elf.dir/third_party/FreeRTOS-Kernel/list.c.obj
                0x08004978                vListInitialiseItem
 .text.vListInsert
                0x0800497e       0x38 CMakeFiles/stm32f429_tinyusb_ui.elf.dir/third_party/FreeRTOS-Kernel/list.c.obj
                0x0800497e                vListInsert
 .text.uxListRemove
                0x080049b6       0x24 CMakeFiles/stm32f429_tinyusb_ui.elf.dir/third_party/FreeRTOS-Kernel/list.c.obj
                0x080049b6                uxListRemove
 *fill*         0x080049da        0x2 
 .text.prvGetNextExpireTime
                0x080049dc       0x20 CMakeFiles/stm32f429_tinyusb_ui.elf.dir/third_party/FreeRTOS-Kernel/timers.c.obj
 .text.prvInsertTimerInActiveList
                0x080049fc       0x48 CMakeFiles/stm32f429_tinyusb_ui.elf.dir/third_party/FreeRTOS-Kernel/timers.c.obj
 .text.prvReloadTimer
                0x08004a44       0x28 CMakeFiles/stm32f429_tinyusb_ui.elf.dir/third_party/FreeRTOS-Kernel/timers.c.obj
 .text.prvProcessExpiredTimer
                0x08004a6c       0x40 CMakeFiles/stm32f429_tinyusb_ui.elf.dir/third_party/FreeRTOS-Kernel/timers.c.obj
 .text.prvSwitchTimerLists
                0x08004aac       0x30 CMakeFiles/stm32f429_tinyusb_ui.elf.dir/third_party/FreeRTOS-Kernel/timers.c.obj
 .text.prvSampleTimeNow
                0x08004adc       0x2c CMakeFiles/stm32f429_tinyusb_ui.elf.dir/third_party/FreeRTOS-Kernel/timers.c.obj
 .text.prvProcessTimerOrBlockTask
                0x08004b08       0x78 CMakeFiles/stm32f429_tinyusb_ui.elf.dir/third_party/FreeRTOS-Kernel/timers.c.obj
 .text.prvProcessReceivedCommands
                0x08004b80      0x110 CMakeFiles/stm32f429_tinyusb_ui.elf.dir/third_party/FreeRTOS-Kernel/timers.c.obj
 .text.prvTimerTask
                0x08004c90       0x16 CMakeFiles/stm32f429_tinyusb_ui.elf.dir/third_party/FreeRTOS-Kernel/timers.c.obj
 *fill*         0x08004ca6        0x2 
 .text.prvCheckForValidListAndQueue
                0x08004ca8       0x5c CMakeFiles/stm32f429_tinyusb_ui.elf.dir/third_party/FreeRTOS-Kernel/timers.c.obj
 .text.xTimerCreateTimerTask
                0x08004d04       0x50 CMakeFiles/stm32f429_tinyusb_ui.elf.dir/third_party/FreeRTOS-Kernel/timers.c.obj
                0x08004d04                xTimerCreateTimerTask
 *fill*         0x08004d54        0xc 
 .text.vPortSVCHandler
                0x08004d60       0x24 CMakeFiles/stm32f429_tinyusb_ui.elf.dir/third_party/FreeRTOS-Kernel/portable/GCC/ARM_CM4F/port.c.obj
                0x08004d60                vPortSVCHandler
 .text.prvPortStartFirstTask
                0x08004d84       0x28 CMakeFiles/stm32f429_tinyusb_ui.elf.dir/third_party/FreeRTOS-Kernel/portable/GCC/ARM_CM4F/port.c.obj
 *fill*         0x08004dac        0x4 
 .text.xPortPendSVHandler
                0x08004db0       0x64 CMakeFiles/stm32f429_tinyusb_ui.elf.dir/third_party/FreeRTOS-Kernel/portable/GCC/ARM_CM4F/port.c.obj
                0x08004db0                xPortPendSVHandler
 .text.vPortEnableVFP
                0x08004e14       0x14 CMakeFiles/stm32f429_tinyusb_ui.elf.dir/third_party/FreeRTOS-Kernel/portable/GCC/ARM_CM4F/port.c.obj
 .text.prvTaskExitError
                0x08004e28       0x40 CMakeFiles/stm32f429_tinyusb_ui.elf.dir/third_party/FreeRTOS-Kernel/portable/GCC/ARM_CM4F/port.c.obj
 .text.pxPortInitialiseStack
                0x08004e68       0x2c CMakeFiles/stm32f429_tinyusb_ui.elf.dir/third_party/FreeRTOS-Kernel/portable/GCC/ARM_CM4F/port.c.obj
                0x08004e68                pxPortInitialiseStack
 .text.vPortEnterCritical
                0x08004e94       0x44 CMakeFiles/stm32f429_tinyusb_ui.elf.dir/third_party/FreeRTOS-Kernel/portable/GCC/ARM_CM4F/port.c.obj
                0x08004e94                vPortEnterCritical
 .text.vPortExitCritical
                0x08004ed8       0x2c CMakeFiles/stm32f429_tinyusb_ui.elf.dir/third_party/FreeRTOS-Kernel/portable/GCC/ARM_CM4F/port.c.obj
                0x08004ed8                vPortExitCritical
 .text.xPortSysTickHandler
                0x08004f04       0x2c CMakeFiles/stm32f429_tinyusb_ui.elf.dir/third_party/FreeRTOS-Kernel/portable/GCC/ARM_CM4F/port.c.obj
                0x08004f04                xPortSysTickHandler
 .text.vPortSetupTimerInterrupt
                0x08004f30       0x28 CMakeFiles/stm32f429_tinyusb_ui.elf.dir/third_party/FreeRTOS-Kernel/portable/GCC/ARM_CM4F/port.c.obj
                0x08004f30                vPortSetupTimerInterrupt
 .text.xPortStartScheduler
                0x08004f58      0x16c CMakeFiles/stm32f429_tinyusb_ui.elf.dir/third_party/FreeRTOS-Kernel/portable/GCC/ARM_CM4F/port.c.obj
                0x08004f58                xPortStartScheduler
 .text.vPortValidateInterruptPriority
                0x080050c4       0x54 CMakeFiles/stm32f429_tinyusb_ui.elf.dir/third_party/FreeRTOS-Kernel/portable/GCC/ARM_CM4F/port.c.obj
                0x080050c4                vPortValidateInterruptPriority
 .text.prvInsertBlockIntoFreeList
                0x08005118       0x5c CMakeFiles/stm32f429_tinyusb_ui.elf.dir/third_party/FreeRTOS-Kernel/portable/MemMang/heap_5.c.obj
 .text.pvPortMalloc
                0x08005174      0x148 CMakeFiles/stm32f429_tinyusb_ui.elf.dir/third_party/FreeRTOS-Kernel/portable/MemMang/heap_5.c.obj
                0x08005174                pvPortMalloc
 .text.vPortFree
                0x080052bc       0x80 CMakeFiles/stm32f429_tinyusb_ui.elf.dir/third_party/FreeRTOS-Kernel/portable/MemMang/heap_5.c.obj
                0x080052bc                vPortFree
 .text.vPortDefineHeapRegions
                0x0800533c       0xc0 CMakeFiles/stm32f429_tinyusb_ui.elf.dir/third_party/FreeRTOS-Kernel/portable/MemMang/heap_5.c.obj
                0x0800533c                vPortDefineHeapRegions
 .text.tusb_time_millis_api
                0x080053fc       0x34 CMakeFiles/stm32f429_tinyusb_ui.elf.dir/third_party/tinyusb/src/tusb.c.obj
                0x080053fc                tusb_time_millis_api
 .text.tusb_rhport_init
                0x08005430       0x48 CMakeFiles/stm32f429_tinyusb_ui.elf.dir/third_party/tinyusb/src/tusb.c.obj
                0x08005430                tusb_rhport_init
 .text.tu_edpt_claim
                0x08005478       0x48 CMakeFiles/stm32f429_tinyusb_ui.elf.dir/third_party/tinyusb/src/tusb.c.obj
                0x08005478                tu_edpt_claim
 .text.tu_edpt_release
                0x080054c0       0x3e CMakeFiles/stm32f429_tinyusb_ui.elf.dir/third_party/tinyusb/src/tusb.c.obj
                0x080054c0                tu_edpt_release
 .text.tu_bind_driver_to_ep_itf
                0x080054fe       0x7e CMakeFiles/stm32f429_tinyusb_ui.elf.dir/third_party/tinyusb/src/tusb.c.obj
                0x080054fe                tu_bind_driver_to_ep_itf
 .text.control_xfer_sync_complete
                0x0800557c        0xc CMakeFiles/stm32f429_tinyusb_ui.elf.dir/third_party/tinyusb/src/host/usbh.c.obj
 .text.enum_get_new_address
                0x08005588       0x3c CMakeFiles/stm32f429_tinyusb_ui.elf.dir/third_party/tinyusb/src/host/usbh.c.obj
 .text.clear_device
                0x080055c4       0x26 CMakeFiles/stm32f429_tinyusb_ui.elf.dir/third_party/tinyusb/src/host/usbh.c.obj
 *fill*         0x080055ea        0x2 
 .text.enum_full_complete
                0x080055ec       0x20 CMakeFiles/stm32f429_tinyusb_ui.elf.dir/third_party/tinyusb/src/host/usbh.c.obj
 .text.enum_parse_configuration_desc
                0x0800560c       0xe4 CMakeFiles/stm32f429_tinyusb_ui.elf.dir/third_party/tinyusb/src/host/usbh.c.obj
 .text.control_xfer_complete
                0x080056f0       0x80 CMakeFiles/stm32f429_tinyusb_ui.elf.dir/third_party/tinyusb/src/host/usbh.c.obj
 .text.tuh_enum_descriptor_device_cb
                0x08005770        0x2 CMakeFiles/stm32f429_tinyusb_ui.elf.dir/third_party/tinyusb/src/host/usbh.c.obj
                0x08005770                tuh_enum_descriptor_device_cb
 .text.tuh_enum_descriptor_configuration_cb
                0x08005772        0x4 CMakeFiles/stm32f429_tinyusb_ui.elf.dir/third_party/tinyusb/src/host/usbh.c.obj
                0x08005772                tuh_enum_descriptor_configuration_cb
 .text.tuh_event_hook_cb
                0x08005776        0x2 CMakeFiles/stm32f429_tinyusb_ui.elf.dir/third_party/tinyusb/src/host/usbh.c.obj
                0x08005776                tuh_event_hook_cb
 .text.usbh_app_driver_get_cb
                0x08005778        0x8 CMakeFiles/stm32f429_tinyusb_ui.elf.dir/third_party/tinyusb/src/host/usbh.c.obj
                0x08005778                usbh_app_driver_get_cb
 .text.tuh_mount_cb
                0x08005780        0x2 CMakeFiles/stm32f429_tinyusb_ui.elf.dir/third_party/tinyusb/src/host/usbh.c.obj
                0x08005780                tuh_mount_cb
 .text.tuh_umount_cb
                0x08005782        0x2 CMakeFiles/stm32f429_tinyusb_ui.elf.dir/third_party/tinyusb/src/host/usbh.c.obj
                0x08005782                tuh_umount_cb
 .text.remove_device_tree
                0x08005784      0x1a4 CMakeFiles/stm32f429_tinyusb_ui.elf.dir/third_party/tinyusb/src/host/usbh.c.obj
 .text.process_remove_event
                0x08005928       0xa0 CMakeFiles/stm32f429_tinyusb_ui.elf.dir/third_party/tinyusb/src/host/usbh.c.obj
 .text.usbh_defer_func_ms_async
                0x080059c8       0x38 CMakeFiles/stm32f429_tinyusb_ui.elf.dir/third_party/tinyusb/src/host/usbh.c.obj
                0x080059c8                usbh_defer_func_ms_async
 .text.enum_new_device
                0x08005a00       0x24 CMakeFiles/stm32f429_tinyusb_ui.elf.dir/third_party/tinyusb/src/host/usbh.c.obj
 .text.tuh_connected
                0x08005a24       0x38 CMakeFiles/stm32f429_tinyusb_ui.elf.dir/third_party/tinyusb/src/host/usbh.c.obj
                0x08005a24                tuh_connected
 .text.tuh_descriptor_get_device_local
                0x08005a5c       0x4c CMakeFiles/stm32f429_tinyusb_ui.elf.dir/third_party/tinyusb/src/host/usbh.c.obj
                0x08005a5c                tuh_descriptor_get_device_local
 .text.tuh_rhport_is_active
                0x08005aa8       0x14 CMakeFiles/stm32f429_tinyusb_ui.elf.dir/third_party/tinyusb/src/host/usbh.c.obj
                0x08005aa8                tuh_rhport_is_active
 .text.tuh_inited
                0x08005abc       0x10 CMakeFiles/stm32f429_tinyusb_ui.elf.dir/third_party/tinyusb/src/host/usbh.c.obj
                0x08005abc                tuh_inited
 .text.tuh_rhport_init
                0x08005acc      0x18c CMakeFiles/stm32f429_tinyusb_ui.elf.dir/third_party/tinyusb/src/host/usbh.c.obj
                0x08005acc                tuh_rhport_init
 .text.usbh_get_enum_buf
                0x08005c58        0x8 CMakeFiles/stm32f429_tinyusb_ui.elf.dir/third_party/tinyusb/src/host/usbh.c.obj
                0x08005c58                usbh_get_enum_buf
 .text.usbh_edpt_claim
                0x08005c60       0x58 CMakeFiles/stm32f429_tinyusb_ui.elf.dir/third_party/tinyusb/src/host/usbh.c.obj
                0x08005c60                usbh_edpt_claim
 .text.usbh_edpt_release
                0x08005cb8       0x48 CMakeFiles/stm32f429_tinyusb_ui.elf.dir/third_party/tinyusb/src/host/usbh.c.obj
                0x08005cb8                usbh_edpt_release
 .text.usbh_edpt_xfer_with_callback
                0x08005d00       0x9c CMakeFiles/stm32f429_tinyusb_ui.elf.dir/third_party/tinyusb/src/host/usbh.c.obj
                0x08005d00                usbh_edpt_xfer_with_callback
 .text.tuh_bus_info_get
                0x08005d9c       0x30 CMakeFiles/stm32f429_tinyusb_ui.elf.dir/third_party/tinyusb/src/host/usbh.c.obj
                0x08005d9c                tuh_bus_info_get
 .text.tuh_speed_get
                0x08005dcc       0x12 CMakeFiles/stm32f429_tinyusb_ui.elf.dir/third_party/tinyusb/src/host/usbh.c.obj
                0x08005dcc                tuh_speed_get
 .text.usbh_get_rhport
                0x08005dde       0x12 CMakeFiles/stm32f429_tinyusb_ui.elf.dir/third_party/tinyusb/src/host/usbh.c.obj
                0x08005dde                usbh_get_rhport
 .text.usbh_edpt_control_open
                0x08005df0       0x2e CMakeFiles/stm32f429_tinyusb_ui.elf.dir/third_party/tinyusb/src/host/usbh.c.obj
 *fill*         0x08005e1e        0x2 
 .text.control_xfer_dispatch_pending
                0x08005e20       0xac CMakeFiles/stm32f429_tinyusb_ui.elf.dir/third_party/tinyusb/src/host/usbh.c.obj
 .text.tuh_control_xfer
                0x08005ecc      0x194 CMakeFiles/stm32f429_tinyusb_ui.elf.dir/third_party/tinyusb/src/host/usbh.c.obj
                0x08005ecc                tuh_control_xfer
 .text.tuh_edpt_abort_xfer
                0x08006060       0xb0 CMakeFiles/stm32f429_tinyusb_ui.elf.dir/third_party/tinyusb/src/host/usbh.c.obj
                0x08006060                tuh_edpt_abort_xfer
 .text.usbh_control_xfer_cb
                0x08006110      0x200 CMakeFiles/stm32f429_tinyusb_ui.elf.dir/third_party/tinyusb/src/host/usbh.c.obj
 .text.tuh_task_ext
                0x08006310      0x274 CMakeFiles/stm32f429_tinyusb_ui.elf.dir/third_party/tinyusb/src/host/usbh.c.obj
                0x08006310                tuh_task_ext
 .text.tuh_edpt_open
                0x08006584       0x5c CMakeFiles/stm32f429_tinyusb_ui.elf.dir/third_party/tinyusb/src/host/usbh.c.obj
                0x08006584                tuh_edpt_open
 .text.hcd_event_handler
                0x080065e0       0xa4 CMakeFiles/stm32f429_tinyusb_ui.elf.dir/third_party/tinyusb/src/host/usbh.c.obj
                0x080065e0                hcd_event_handler
 .text.tuh_descriptor_get
                0x08006684       0x70 CMakeFiles/stm32f429_tinyusb_ui.elf.dir/third_party/tinyusb/src/host/usbh.c.obj
                0x08006684                tuh_descriptor_get
 .text.tuh_descriptor_get_device
                0x080066f4       0x24 CMakeFiles/stm32f429_tinyusb_ui.elf.dir/third_party/tinyusb/src/host/usbh.c.obj
                0x080066f4                tuh_descriptor_get_device
 .text.tuh_descriptor_get_configuration
                0x08006718       0x24 CMakeFiles/stm32f429_tinyusb_ui.elf.dir/third_party/tinyusb/src/host/usbh.c.obj
                0x08006718                tuh_descriptor_get_configuration
 .text.tuh_descriptor_get_string
                0x0800673c       0x70 CMakeFiles/stm32f429_tinyusb_ui.elf.dir/third_party/tinyusb/src/host/usbh.c.obj
                0x0800673c                tuh_descriptor_get_string
 .text.tuh_address_set
                0x080067ac       0x74 CMakeFiles/stm32f429_tinyusb_ui.elf.dir/third_party/tinyusb/src/host/usbh.c.obj
                0x080067ac                tuh_address_set
 .text.tuh_configuration_set
                0x08006820       0x60 CMakeFiles/stm32f429_tinyusb_ui.elf.dir/third_party/tinyusb/src/host/usbh.c.obj
                0x08006820                tuh_configuration_set
 .text.tuh_interface_set
                0x08006880       0x66 CMakeFiles/stm32f429_tinyusb_ui.elf.dir/third_party/tinyusb/src/host/usbh.c.obj
                0x08006880                tuh_interface_set
 *fill*         0x080068e6        0x2 
 .text.usbh_driver_set_config_complete
                0x080068e8       0x8c CMakeFiles/stm32f429_tinyusb_ui.elf.dir/third_party/tinyusb/src/host/usbh.c.obj
                0x080068e8                usbh_driver_set_config_complete
 .text.process_enumeration
                0x08006974      0x5a4 CMakeFiles/stm32f429_tinyusb_ui.elf.dir/third_party/tinyusb/src/host/usbh.c.obj
 .text.enum_delay_async
                0x08006f18      0x1b4 CMakeFiles/stm32f429_tinyusb_ui.elf.dir/third_party/tinyusb/src/host/usbh.c.obj
 .text.port_get_status_complete
                0x080070cc       0x34 CMakeFiles/stm32f429_tinyusb_ui.elf.dir/third_party/tinyusb/src/host/hub.c.obj
 .text.config_get_hub_descriptor
                0x08007100       0x50 CMakeFiles/stm32f429_tinyusb_ui.elf.dir/third_party/tinyusb/src/host/hub.c.obj
 .text.hub_port_clear_feature
                0x08007150       0x7c CMakeFiles/stm32f429_tinyusb_ui.elf.dir/third_party/tinyusb/src/host/hub.c.obj
                0x08007150                hub_port_clear_feature
 .text.hub_port_set_feature
                0x080071cc       0x82 CMakeFiles/stm32f429_tinyusb_ui.elf.dir/third_party/tinyusb/src/host/hub.c.obj
                0x080071cc                hub_port_set_feature
 *fill*         0x0800724e        0x2 
 .text.config_set_port_power
                0x08007250       0x58 CMakeFiles/stm32f429_tinyusb_ui.elf.dir/third_party/tinyusb/src/host/hub.c.obj
 .text.hub_port_get_status
                0x080072a8       0xa0 CMakeFiles/stm32f429_tinyusb_ui.elf.dir/third_party/tinyusb/src/host/hub.c.obj
                0x080072a8                hub_port_get_status
 .text.hub_port_get_status_local
                0x08007348       0x18 CMakeFiles/stm32f429_tinyusb_ui.elf.dir/third_party/tinyusb/src/host/hub.c.obj
                0x08007348                hub_port_get_status_local
 .text.hub_init
                0x08007360       0x14 CMakeFiles/stm32f429_tinyusb_ui.elf.dir/third_party/tinyusb/src/host/hub.c.obj
                0x08007360                hub_init
 .text.hub_deinit
                0x08007374        0x4 CMakeFiles/stm32f429_tinyusb_ui.elf.dir/third_party/tinyusb/src/host/hub.c.obj
                0x08007374                hub_deinit
 .text.hub_open
                0x08007378      0x12c CMakeFiles/stm32f429_tinyusb_ui.elf.dir/third_party/tinyusb/src/host/hub.c.obj
                0x08007378                hub_open
 .text.hub_close
                0x080074a4       0x24 CMakeFiles/stm32f429_tinyusb_ui.elf.dir/third_party/tinyusb/src/host/hub.c.obj
                0x080074a4                hub_close
 .text.hub_edpt_status_xfer
                0x080074c8       0x60 CMakeFiles/stm32f429_tinyusb_ui.elf.dir/third_party/tinyusb/src/host/hub.c.obj
                0x080074c8                hub_edpt_status_xfer
 .text.config_port_power_complete
                0x08007528       0x7c CMakeFiles/stm32f429_tinyusb_ui.elf.dir/third_party/tinyusb/src/host/hub.c.obj
 .text.process_new_status
                0x080075a4      0x168 CMakeFiles/stm32f429_tinyusb_ui.elf.dir/third_party/tinyusb/src/host/hub.c.obj
 .text.hub_set_config
                0x0800770c       0x74 CMakeFiles/stm32f429_tinyusb_ui.elf.dir/third_party/tinyusb/src/host/hub.c.obj
                0x0800770c                hub_set_config
 .text.hub_xfer_cb
                0x08007780       0x94 CMakeFiles/stm32f429_tinyusb_ui.elf.dir/third_party/tinyusb/src/host/hub.c.obj
                0x08007780                hub_xfer_cb
 .text.config_read_capacity_complete
                0x08007814       0x6c CMakeFiles/stm32f429_tinyusb_ui.elf.dir/third_party/tinyusb/src/class/msc/msc_host.c.obj
 .text.tuh_msc_get_block_count
                0x08007880       0x1c CMakeFiles/stm32f429_tinyusb_ui.elf.dir/third_party/tinyusb/src/class/msc/msc_host.c.obj
                0x08007880                tuh_msc_get_block_count
 .text.tuh_msc_get_block_size
                0x0800789c       0x1c CMakeFiles/stm32f429_tinyusb_ui.elf.dir/third_party/tinyusb/src/class/msc/msc_host.c.obj
                0x0800789c                tuh_msc_get_block_size
 .text.tuh_msc_mounted
                0x080078b8       0x14 CMakeFiles/stm32f429_tinyusb_ui.elf.dir/third_party/tinyusb/src/class/msc/msc_host.c.obj
                0x080078b8                tuh_msc_mounted
 .text.tuh_msc_scsi_command
                0x080078cc       0xb4 CMakeFiles/stm32f429_tinyusb_ui.elf.dir/third_party/tinyusb/src/class/msc/msc_host.c.obj
                0x080078cc                tuh_msc_scsi_command
 .text.tuh_msc_read_capacity
                0x08007980       0x70 CMakeFiles/stm32f429_tinyusb_ui.elf.dir/third_party/tinyusb/src/class/msc/msc_host.c.obj
                0x08007980                tuh_msc_read_capacity
 .text.tuh_msc_test_unit_ready
                0x080079f0       0x64 CMakeFiles/stm32f429_tinyusb_ui.elf.dir/third_party/tinyusb/src/class/msc/msc_host.c.obj
                0x080079f0                tuh_msc_test_unit_ready
 .text.config_get_maxlun_complete
                0x08007a54       0x40 CMakeFiles/stm32f429_tinyusb_ui.elf.dir/third_party/tinyusb/src/class/msc/msc_host.c.obj
 .text.config_request_sense_complete
                0x08007a94       0x44 CMakeFiles/stm32f429_tinyusb_ui.elf.dir/third_party/tinyusb/src/class/msc/msc_host.c.obj
 .text.tuh_msc_request_sense
                0x08007ad8       0x78 CMakeFiles/stm32f429_tinyusb_ui.elf.dir/third_party/tinyusb/src/class/msc/msc_host.c.obj
                0x08007ad8                tuh_msc_request_sense
 .text.config_test_unit_ready_complete
                0x08007b50       0x54 CMakeFiles/stm32f429_tinyusb_ui.elf.dir/third_party/tinyusb/src/class/msc/msc_host.c.obj
 .text.tuh_msc_read10
                0x08007ba4       0xb8 CMakeFiles/stm32f429_tinyusb_ui.elf.dir/third_party/tinyusb/src/class/msc/msc_host.c.obj
                0x08007ba4                tuh_msc_read10
 .text.tuh_msc_write10
                0x08007c5c       0xb0 CMakeFiles/stm32f429_tinyusb_ui.elf.dir/third_party/tinyusb/src/class/msc/msc_host.c.obj
                0x08007c5c                tuh_msc_write10
 .text.msch_init
                0x08007d0c       0x14 CMakeFiles/stm32f429_tinyusb_ui.elf.dir/third_party/tinyusb/src/class/msc/msc_host.c.obj
                0x08007d0c                msch_init
 .text.msch_deinit
                0x08007d20        0x4 CMakeFiles/stm32f429_tinyusb_ui.elf.dir/third_party/tinyusb/src/class/msc/msc_host.c.obj
                0x08007d20                msch_deinit
 .text.msch_close
                0x08007d24       0x34 CMakeFiles/stm32f429_tinyusb_ui.elf.dir/third_party/tinyusb/src/class/msc/msc_host.c.obj
                0x08007d24                msch_close
 .text.msch_xfer_cb
                0x08007d58      0x148 CMakeFiles/stm32f429_tinyusb_ui.elf.dir/third_party/tinyusb/src/class/msc/msc_host.c.obj
                0x08007d58                msch_xfer_cb
 .text.msch_open
                0x08007ea0       0xe4 CMakeFiles/stm32f429_tinyusb_ui.elf.dir/third_party/tinyusb/src/class/msc/msc_host.c.obj
                0x08007ea0                msch_open
 .text.msch_set_config
                0x08007f84       0xb0 CMakeFiles/stm32f429_tinyusb_ui.elf.dir/third_party/tinyusb/src/class/msc/msc_host.c.obj
                0x08007f84                msch_set_config
 .text.dwc2_phy_init
                0x08008034       0x30 CMakeFiles/stm32f429_tinyusb_ui.elf.dir/third_party/tinyusb/src/portable/synopsys/dwc2/dwc2_common.c.obj
 .text.dwc2_phy_update
                0x08008064       0x9c CMakeFiles/stm32f429_tinyusb_ui.elf.dir/third_party/tinyusb/src/portable/synopsys/dwc2/dwc2_common.c.obj
 .text.reset_core
                0x08008100       0x44 CMakeFiles/stm32f429_tinyusb_ui.elf.dir/third_party/tinyusb/src/portable/synopsys/dwc2/dwc2_common.c.obj
 .text.phy_fs_init
                0x08008144       0x48 CMakeFiles/stm32f429_tinyusb_ui.elf.dir/third_party/tinyusb/src/portable/synopsys/dwc2/dwc2_common.c.obj
 .text.phy_hs_init
                0x0800818c       0x74 CMakeFiles/stm32f429_tinyusb_ui.elf.dir/third_party/tinyusb/src/portable/synopsys/dwc2/dwc2_common.c.obj
 .text.check_dwc2
                0x08008200       0x44 CMakeFiles/stm32f429_tinyusb_ui.elf.dir/third_party/tinyusb/src/portable/synopsys/dwc2/dwc2_common.c.obj
 .text.dwc2_core_is_highspeed_phy
                0x08008244       0x24 CMakeFiles/stm32f429_tinyusb_ui.elf.dir/third_party/tinyusb/src/portable/synopsys/dwc2/dwc2_common.c.obj
                0x08008244                dwc2_core_is_highspeed_phy
 .text.dwc2_core_init
                0x08008268       0xa4 CMakeFiles/stm32f429_tinyusb_ui.elf.dir/third_party/tinyusb/src/portable/synopsys/dwc2/dwc2_common.c.obj
                0x08008268                dwc2_core_init
 .text.__NVIC_EnableIRQ
                0x0800830c       0x1c CMakeFiles/stm32f429_tinyusb_ui.elf.dir/third_party/tinyusb/src/portable/synopsys/dwc2/hcd_dwc2.c.obj
 .text.dwc2_stm32_gccfg_cfg
                0x08008328       0x70 CMakeFiles/stm32f429_tinyusb_ui.elf.dir/third_party/tinyusb/src/portable/synopsys/dwc2/hcd_dwc2.c.obj
 .text.edpt_close
                0x08008398       0xc8 CMakeFiles/stm32f429_tinyusb_ui.elf.dir/third_party/tinyusb/src/portable/synopsys/dwc2/hcd_dwc2.c.obj
 .text.dfifo_host_init
                0x08008460       0xa4 CMakeFiles/stm32f429_tinyusb_ui.elf.dir/third_party/tinyusb/src/portable/synopsys/dwc2/hcd_dwc2.c.obj
 .text.channel_xfer_out_wrapup
                0x08008504       0xa8 CMakeFiles/stm32f429_tinyusb_ui.elf.dir/third_party/tinyusb/src/portable/synopsys/dwc2/hcd_dwc2.c.obj
 .text.channel_xfer_start
                0x080085ac      0x258 CMakeFiles/stm32f429_tinyusb_ui.elf.dir/third_party/tinyusb/src/portable/synopsys/dwc2/hcd_dwc2.c.obj
 .text.channel_xfer_in_retry
                0x08008804      0x234 CMakeFiles/stm32f429_tinyusb_ui.elf.dir/third_party/tinyusb/src/portable/synopsys/dwc2/hcd_dwc2.c.obj
 .text.handle_channel_in_slave
                0x08008a38      0x494 CMakeFiles/stm32f429_tinyusb_ui.elf.dir/third_party/tinyusb/src/portable/synopsys/dwc2/hcd_dwc2.c.obj
 .text.handle_channel_out_slave
                0x08008ecc      0x34c CMakeFiles/stm32f429_tinyusb_ui.elf.dir/third_party/tinyusb/src/portable/synopsys/dwc2/hcd_dwc2.c.obj
 .text.port0_enable
                0x08009218       0x8c CMakeFiles/stm32f429_tinyusb_ui.elf.dir/third_party/tinyusb/src/portable/synopsys/dwc2/hcd_dwc2.c.obj
 .text.edpt_xfer_kickoff
                0x080092a4       0x90 CMakeFiles/stm32f429_tinyusb_ui.elf.dir/third_party/tinyusb/src/portable/synopsys/dwc2/hcd_dwc2.c.obj
 .text.handle_sof_irq
                0x08009334       0xf0 CMakeFiles/stm32f429_tinyusb_ui.elf.dir/third_party/tinyusb/src/portable/synopsys/dwc2/hcd_dwc2.c.obj
 .text.handle_hprt_irq
                0x08009424       0xa4 CMakeFiles/stm32f429_tinyusb_ui.elf.dir/third_party/tinyusb/src/portable/synopsys/dwc2/hcd_dwc2.c.obj
 .text.handle_channel_irq
                0x080094c8      0x13c CMakeFiles/stm32f429_tinyusb_ui.elf.dir/third_party/tinyusb/src/portable/synopsys/dwc2/hcd_dwc2.c.obj
 .text.handle_rxflvl_irq
                0x08009604       0x90 CMakeFiles/stm32f429_tinyusb_ui.elf.dir/third_party/tinyusb/src/portable/synopsys/dwc2/hcd_dwc2.c.obj
 .text.handle_txfifo_empty
                0x08009694      0x118 CMakeFiles/stm32f429_tinyusb_ui.elf.dir/third_party/tinyusb/src/portable/synopsys/dwc2/hcd_dwc2.c.obj
 .text.hcd_init
                0x080097ac       0xf8 CMakeFiles/stm32f429_tinyusb_ui.elf.dir/third_party/tinyusb/src/portable/synopsys/dwc2/hcd_dwc2.c.obj
                0x080097ac                hcd_init
 .text.hcd_int_enable
                0x080098a4       0x1c CMakeFiles/stm32f429_tinyusb_ui.elf.dir/third_party/tinyusb/src/portable/synopsys/dwc2/hcd_dwc2.c.obj
                0x080098a4                hcd_int_enable
 .text.hcd_port_connect_status
                0x080098c0       0x20 CMakeFiles/stm32f429_tinyusb_ui.elf.dir/third_party/tinyusb/src/portable/synopsys/dwc2/hcd_dwc2.c.obj
                0x080098c0                hcd_port_connect_status
 .text.hcd_port_reset
                0x080098e0       0x28 CMakeFiles/stm32f429_tinyusb_ui.elf.dir/third_party/tinyusb/src/portable/synopsys/dwc2/hcd_dwc2.c.obj
                0x080098e0                hcd_port_reset
 .text.hcd_port_reset_end
                0x08009908       0x24 CMakeFiles/stm32f429_tinyusb_ui.elf.dir/third_party/tinyusb/src/portable/synopsys/dwc2/hcd_dwc2.c.obj
                0x08009908                hcd_port_reset_end
 .text.hcd_port_speed_get
                0x0800992c       0x4c CMakeFiles/stm32f429_tinyusb_ui.elf.dir/third_party/tinyusb/src/portable/synopsys/dwc2/hcd_dwc2.c.obj
                0x0800992c                hcd_port_speed_get
 .text.hcd_device_close
                0x08009978       0x58 CMakeFiles/stm32f429_tinyusb_ui.elf.dir/third_party/tinyusb/src/portable/synopsys/dwc2/hcd_dwc2.c.obj
                0x08009978                hcd_device_close
 .text.hcd_edpt_open
                0x080099d0      0x288 CMakeFiles/stm32f429_tinyusb_ui.elf.dir/third_party/tinyusb/src/portable/synopsys/dwc2/hcd_dwc2.c.obj
                0x080099d0                hcd_edpt_open
 .text.hcd_edpt_xfer
                0x08009c58       0xb8 CMakeFiles/stm32f429_tinyusb_ui.elf.dir/third_party/tinyusb/src/portable/synopsys/dwc2/hcd_dwc2.c.obj
                0x08009c58                hcd_edpt_xfer
 .text.hcd_edpt_abort_xfer
                0x08009d10      0x12c CMakeFiles/stm32f429_tinyusb_ui.elf.dir/third_party/tinyusb/src/portable/synopsys/dwc2/hcd_dwc2.c.obj
                0x08009d10                hcd_edpt_abort_xfer
 .text.hcd_setup_send
                0x08009e3c       0x84 CMakeFiles/stm32f429_tinyusb_ui.elf.dir/third_party/tinyusb/src/portable/synopsys/dwc2/hcd_dwc2.c.obj
                0x08009e3c                hcd_setup_send
 .text.hcd_int_handler
                0x08009ec0       0xf8 CMakeFiles/stm32f429_tinyusb_ui.elf.dir/third_party/tinyusb/src/portable/synopsys/dwc2/hcd_dwc2.c.obj
                0x08009ec0                hcd_int_handler
 .text.advance_index
                0x08009fb8       0x1a CMakeFiles/stm32f429_tinyusb_ui.elf.dir/third_party/tinyusb/src/common/tusb_fifo.c.obj
 .text.correct_read_index
                0x08009fd2       0x16 CMakeFiles/stm32f429_tinyusb_ui.elf.dir/third_party/tinyusb/src/common/tusb_fifo.c.obj
 .text.ff_pull_n
                0x08009fe8       0x40 CMakeFiles/stm32f429_tinyusb_ui.elf.dir/third_party/tinyusb/src/common/tusb_fifo.c.obj
 .text.ff_push_n
                0x0800a028       0x3e CMakeFiles/stm32f429_tinyusb_ui.elf.dir/third_party/tinyusb/src/common/tusb_fifo.c.obj
 .text.tu_hwfifo_write
                0x0800a066       0x34 CMakeFiles/stm32f429_tinyusb_ui.elf.dir/third_party/tinyusb/src/common/tusb_fifo.c.obj
                0x0800a066                tu_hwfifo_write
 .text.hwff_pull_n
                0x0800a09a       0xd0 CMakeFiles/stm32f429_tinyusb_ui.elf.dir/third_party/tinyusb/src/common/tusb_fifo.c.obj
 .text.tu_hwfifo_read
                0x0800a16a       0x36 CMakeFiles/stm32f429_tinyusb_ui.elf.dir/third_party/tinyusb/src/common/tusb_fifo.c.obj
                0x0800a16a                tu_hwfifo_read
 .text.hwff_push_n
                0x0800a1a0       0xc4 CMakeFiles/stm32f429_tinyusb_ui.elf.dir/third_party/tinyusb/src/common/tusb_fifo.c.obj
 .text.tu_fifo_peek_n_access_mode
                0x0800a264       0x6a CMakeFiles/stm32f429_tinyusb_ui.elf.dir/third_party/tinyusb/src/common/tusb_fifo.c.obj
                0x0800a264                tu_fifo_peek_n_access_mode
 .text.tu_fifo_read_n_access_mode
                0x0800a2ce       0x52 CMakeFiles/stm32f429_tinyusb_ui.elf.dir/third_party/tinyusb/src/common/tusb_fifo.c.obj
                0x0800a2ce                tu_fifo_read_n_access_mode
 .text.tu_fifo_write_n_access_mode
                0x0800a320      0x100 CMakeFiles/stm32f429_tinyusb_ui.elf.dir/third_party/tinyusb/src/common/tusb_fifo.c.obj
                0x0800a320                tu_fifo_write_n_access_mode
 .text.ld_16    0x0800a420        0xa CMakeFiles/stm32f429_tinyusb_ui.elf.dir/third_party/FatFs/ff.c.obj
 .text.ld_32    0x0800a42a       0x16 CMakeFiles/stm32f429_tinyusb_ui.elf.dir/third_party/FatFs/ff.c.obj
 .text.ld_64    0x0800a440       0x44 CMakeFiles/stm32f429_tinyusb_ui.elf.dir/third_party/FatFs/ff.c.obj
 .text.st_16    0x0800a484        0x8 CMakeFiles/stm32f429_tinyusb_ui.elf.dir/third_party/FatFs/ff.c.obj
 .text.st_32    0x0800a48c       0x14 CMakeFiles/stm32f429_tinyusb_ui.elf.dir/third_party/FatFs/ff.c.obj
 .text.st_64    0x0800a4a0       0x26 CMakeFiles/stm32f429_tinyusb_ui.elf.dir/third_party/FatFs/ff.c.obj
 .text.dbc_1st  0x0800a4c6        0x4 CMakeFiles/stm32f429_tinyusb_ui.elf.dir/third_party/FatFs/ff.c.obj
 .text.dbc_2nd  0x0800a4ca        0x4 CMakeFiles/stm32f429_tinyusb_ui.elf.dir/third_party/FatFs/ff.c.obj
 .text.clst2sect
                0x0800a4ce       0x18 CMakeFiles/stm32f429_tinyusb_ui.elf.dir/third_party/FatFs/ff.c.obj
 .text.ld_clust
                0x0800a4e6       0x26 CMakeFiles/stm32f429_tinyusb_ui.elf.dir/third_party/FatFs/ff.c.obj
 .text.st_clust
                0x0800a50c       0x28 CMakeFiles/stm32f429_tinyusb_ui.elf.dir/third_party/FatFs/ff.c.obj
 .text.pick_lfn
                0x0800a534       0x88 CMakeFiles/stm32f429_tinyusb_ui.elf.dir/third_party/FatFs/ff.c.obj
 .text.put_lfn  0x0800a5bc       0x78 CMakeFiles/stm32f429_tinyusb_ui.elf.dir/third_party/FatFs/ff.c.obj
 .text.sum_sfn  0x0800a634       0x20 CMakeFiles/stm32f429_tinyusb_ui.elf.dir/third_party/FatFs/ff.c.obj
 .text.xdir_sum
                0x0800a654       0x30 CMakeFiles/stm32f429_tinyusb_ui.elf.dir/third_party/FatFs/ff.c.obj
 .text.init_alloc_info
                0x0800a684       0x46 CMakeFiles/stm32f429_tinyusb_ui.elf.dir/third_party/FatFs/ff.c.obj
 .text.get_ldnumber
                0x0800a6ca       0x52 CMakeFiles/stm32f429_tinyusb_ui.elf.dir/third_party/FatFs/ff.c.obj
 .text.validate
                0x0800a71c       0x46 CMakeFiles/stm32f429_tinyusb_ui.elf.dir/third_party/FatFs/ff.c.obj
 .text.sync_window
                0x0800a762       0x48 CMakeFiles/stm32f429_tinyusb_ui.elf.dir/third_party/FatFs/ff.c.obj
 .text.move_window
                0x0800a7aa       0x3c CMakeFiles/stm32f429_tinyusb_ui.elf.dir/third_party/FatFs/ff.c.obj
 *fill*         0x0800a7e6        0x2 
 .text.check_fs
                0x0800a7e8       0xf4 CMakeFiles/stm32f429_tinyusb_ui.elf.dir/third_party/FatFs/ff.c.obj
 .text.find_volume
                0x0800a8dc       0x70 CMakeFiles/stm32f429_tinyusb_ui.elf.dir/third_party/FatFs/ff.c.obj
 .text.mount_volume
                0x0800a94c      0x490 CMakeFiles/stm32f429_tinyusb_ui.elf.dir/third_party/FatFs/ff.c.obj
 .text.find_bitmap
                0x0800addc       0x88 CMakeFiles/stm32f429_tinyusb_ui.elf.dir/third_party/FatFs/ff.c.obj
 .text.change_bitmap
                0x0800ae64       0x76 CMakeFiles/stm32f429_tinyusb_ui.elf.dir/third_party/FatFs/ff.c.obj
 .text.put_fat  0x0800aeda      0x136 CMakeFiles/stm32f429_tinyusb_ui.elf.dir/third_party/FatFs/ff.c.obj
 .text.fill_last_frag
                0x0800b010       0x30 CMakeFiles/stm32f429_tinyusb_ui.elf.dir/third_party/FatFs/ff.c.obj
 .text.fill_first_frag
                0x0800b040       0x32 CMakeFiles/stm32f429_tinyusb_ui.elf.dir/third_party/FatFs/ff.c.obj
 .text.get_fat  0x0800b072      0x178 CMakeFiles/stm32f429_tinyusb_ui.elf.dir/third_party/FatFs/ff.c.obj
 .text.dir_sdi  0x0800b1ea       0xc0 CMakeFiles/stm32f429_tinyusb_ui.elf.dir/third_party/FatFs/ff.c.obj
 .text.create_chain
                0x0800b2aa      0x1ec CMakeFiles/stm32f429_tinyusb_ui.elf.dir/third_party/FatFs/ff.c.obj
 .text.remove_chain
                0x0800b496      0x150 CMakeFiles/stm32f429_tinyusb_ui.elf.dir/third_party/FatFs/ff.c.obj
 .text.dir_clear
                0x0800b5e6       0x52 CMakeFiles/stm32f429_tinyusb_ui.elf.dir/third_party/FatFs/ff.c.obj
 .text.dir_next
                0x0800b638       0xd8 CMakeFiles/stm32f429_tinyusb_ui.elf.dir/third_party/FatFs/ff.c.obj
 .text.dir_alloc
                0x0800b710       0x64 CMakeFiles/stm32f429_tinyusb_ui.elf.dir/third_party/FatFs/ff.c.obj
 .text.put_utf  0x0800b774       0x36 CMakeFiles/stm32f429_tinyusb_ui.elf.dir/third_party/FatFs/ff.c.obj
 .text.get_fileinfo
                0x0800b7aa      0x208 CMakeFiles/stm32f429_tinyusb_ui.elf.dir/third_party/FatFs/ff.c.obj
 .text.tchar2uni
                0x0800b9b2       0x4a CMakeFiles/stm32f429_tinyusb_ui.elf.dir/third_party/FatFs/ff.c.obj
 .text.create_name
                0x0800b9fc      0x264 CMakeFiles/stm32f429_tinyusb_ui.elf.dir/third_party/FatFs/ff.c.obj
 .text.xname_sum
                0x0800bc60       0x38 CMakeFiles/stm32f429_tinyusb_ui.elf.dir/third_party/FatFs/ff.c.obj
 .text.create_xdir
                0x0800bc98       0x82 CMakeFiles/stm32f429_tinyusb_ui.elf.dir/third_party/FatFs/ff.c.obj
 *fill*         0x0800bd1a        0x2 
 .text.cmp_lfn  0x0800bd1c       0xa4 CMakeFiles/stm32f429_tinyusb_ui.elf.dir/third_party/FatFs/ff.c.obj
 .text.load_xdir
                0x0800bdc0      0x160 CMakeFiles/stm32f429_tinyusb_ui.elf.dir/third_party/FatFs/ff.c.obj
 .text.dir_read
                0x0800bf20       0xea CMakeFiles/stm32f429_tinyusb_ui.elf.dir/third_party/FatFs/ff.c.obj
 .text.dir_find
                0x0800c00a      0x172 CMakeFiles/stm32f429_tinyusb_ui.elf.dir/third_party/FatFs/ff.c.obj
 .text.follow_path
                0x0800c17c       0xa0 CMakeFiles/stm32f429_tinyusb_ui.elf.dir/third_party/FatFs/ff.c.obj
 .text.load_obj_xdir
                0x0800c21c       0x34 CMakeFiles/stm32f429_tinyusb_ui.elf.dir/third_party/FatFs/ff.c.obj
 .text.gen_numname
                0x0800c250       0xc6 CMakeFiles/stm32f429_tinyusb_ui.elf.dir/third_party/FatFs/ff.c.obj
 .text.store_xdir
                0x0800c316       0x86 CMakeFiles/stm32f429_tinyusb_ui.elf.dir/third_party/FatFs/ff.c.obj
 .text.dir_register
                0x0800c39c      0x204 CMakeFiles/stm32f429_tinyusb_ui.elf.dir/third_party/FatFs/ff.c.obj
 .text.sync_fs  0x0800c5a0      0x100 CMakeFiles/stm32f429_tinyusb_ui.elf.dir/third_party/FatFs/ff.c.obj
 .text.f_mount  0x0800c6a0       0x58 CMakeFiles/stm32f429_tinyusb_ui.elf.dir/third_party/FatFs/ff.c.obj
                0x0800c6a0                f_mount
 .text.f_open   0x0800c6f8      0x2ec CMakeFiles/stm32f429_tinyusb_ui.elf.dir/third_party/FatFs/ff.c.obj
                0x0800c6f8                f_open
 .text.f_read   0x0800c9e4      0x1ce CMakeFiles/stm32f429_tinyusb_ui.elf.dir/third_party/FatFs/ff.c.obj
                0x0800c9e4                f_read
 .text.f_write  0x0800cbb2      0x22c CMakeFiles/stm32f429_tinyusb_ui.elf.dir/third_party/FatFs/ff.c.obj
                0x0800cbb2                f_write
 *fill*         0x0800cdde        0x2 
 .text.f_sync   0x0800cde0      0x15c CMakeFiles/stm32f429_tinyusb_ui.elf.dir/third_party/FatFs/ff.c.obj
                0x0800cde0                f_sync
 .text.f_close  0x0800cf3c       0x20 CMakeFiles/stm32f429_tinyusb_ui.elf.dir/third_party/FatFs/ff.c.obj
                0x0800cf3c                f_close
 .text.f_opendir
                0x0800cf5c       0x84 CMakeFiles/stm32f429_tinyusb_ui.elf.dir/third_party/FatFs/ff.c.obj
                0x0800cf5c                f_opendir
 .text.f_closedir
                0x0800cfe0       0x14 CMakeFiles/stm32f429_tinyusb_ui.elf.dir/third_party/FatFs/ff.c.obj
                0x0800cfe0                f_closedir
 .text.f_readdir
                0x0800cff4       0x58 CMakeFiles/stm32f429_tinyusb_ui.elf.dir/third_party/FatFs/ff.c.obj
                0x0800cff4                f_readdir
 .text.f_mkdir  0x0800d04c      0x1b0 CMakeFiles/stm32f429_tinyusb_ui.elf.dir/third_party/FatFs/ff.c.obj
                0x0800d04c                f_mkdir
 .text.ff_uni2oem
                0x0800d1fc       0x40 CMakeFiles/stm32f429_tinyusb_ui.elf.dir/third_party/FatFs/ffunicode.c.obj
                0x0800d1fc                ff_uni2oem
 .text.ff_oem2uni
                0x0800d23c       0x2c CMakeFiles/stm32f429_tinyusb_ui.elf.dir/third_party/FatFs/ffunicode.c.obj