Archive member included to satisfy reference by file (symbol)

E:/support_tools/arm-gnu-toolchain-15.3.rel1-mingw-w64-x86_64-arm-none-eabi/bin/../lib/gcc/arm-none-eabi/15.3.1/../../../../arm-none-eabi/lib/thumb/v7e-m/nofp\libc_nano.a(libc_a-exit.o)
                              E:/support_tools/arm-gnu-toolchain-15.3.rel1-mingw-w64-x86_64-arm-none-eabi/bin/../lib/gcc/arm-none-eabi/15.3.1/../../../../arm-none-eabi/lib/thumb/v7e-m/nofp/crt0.o (exit)
E:/support_tools/arm-gnu-toolchain-15.3.rel1-mingw-w64-x86_64-arm-none-eabi/bin/../lib/gcc/arm-none-eabi/15.3.1/../../../../arm-none-eabi/lib/thumb/v7e-m/nofp\libc_nano.a(libc_a-findfp.o)
                              E:/support_tools/arm-gnu-toolchain-15.3.rel1-mingw-w64-x86_64-arm-none-eabi/bin/../lib/gcc/arm-none-eabi/15.3.1/../../../../arm-none-eabi/lib/thumb/v7e-m/nofp\libc_nano.a(libc_a-exit.o) (__stdio_exit_handler)
E:/support_tools/arm-gnu-toolchain-15.3.rel1-mingw-w64-x86_64-arm-none-eabi/bin/../lib/gcc/arm-none-eabi/15.3.1/../../../../arm-none-eabi/lib/thumb/v7e-m/nofp\libc_nano.a(libc_a-fwalk.o)
                              E:/support_tools/arm-gnu-toolchain-15.3.rel1-mingw-w64-x86_64-arm-none-eabi/bin/../lib/gcc/arm-none-eabi/15.3.1/../../../../arm-none-eabi/lib/thumb/v7e-m/nofp\libc_nano.a(libc_a-findfp.o) (_fwalk_sglue)
E:/support_tools/arm-gnu-toolchain-15.3.rel1-mingw-w64-x86_64-arm-none-eabi/bin/../lib/gcc/arm-none-eabi/15.3.1/../../../../arm-none-eabi/lib/thumb/v7e-m/nofp\libc_nano.a(libc_a-stdio.o)
                              E:/support_tools/arm-gnu-toolchain-15.3.rel1-mingw-w64-x86_64-arm-none-eabi/bin/../lib/gcc/arm-none-eabi/15.3.1/../../../../arm-none-eabi/lib/thumb/v7e-m/nofp\libc_nano.a(libc_a-findfp.o) (__sread)
E:/support_tools/arm-gnu-toolchain-15.3.rel1-mingw-w64-x86_64-arm-none-eabi/bin/../lib/gcc/arm-none-eabi/15.3.1/../../../../arm-none-eabi/lib/thumb/v7e-m/nofp\libc_nano.a(libc_a-memset.o)
                              E:/support_tools/arm-gnu-toolchain-15.3.rel1-mingw-w64-x86_64-arm-none-eabi/bin/../lib/gcc/arm-none-eabi/15.3.1/../../../../arm-none-eabi/lib/thumb/v7e-m/nofp/crt0.o (memset)
E:/support_tools/arm-gnu-toolchain-15.3.rel1-mingw-w64-x86_64-arm-none-eabi/bin/../lib/gcc/arm-none-eabi/15.3.1/../../../../arm-none-eabi/lib/thumb/v7e-m/nofp\libc_nano.a(libc_a-closer.o)
                              E:/support_tools/arm-gnu-toolchain-15.3.rel1-mingw-w64-x86_64-arm-none-eabi/bin/../lib/gcc/arm-none-eabi/15.3.1/../../../../arm-none-eabi/lib/thumb/v7e-m/nofp\libc_nano.a(libc_a-stdio.o) (_close_r)
E:/support_tools/arm-gnu-toolchain-15.3.rel1-mingw-w64-x86_64-arm-none-eabi/bin/../lib/gcc/arm-none-eabi/15.3.1/../../../../arm-none-eabi/lib/thumb/v7e-m/nofp\libc_nano.a(libc_a-reent.o)
                              E:/support_tools/arm-gnu-toolchain-15.3.rel1-mingw-w64-x86_64-arm-none-eabi/bin/../lib/gcc/arm-none-eabi/15.3.1/../../../../arm-none-eabi/lib/thumb/v7e-m/nofp\libc_nano.a(libc_a-closer.o) (errno)
E:/support_tools/arm-gnu-toolchain-15.3.rel1-mingw-w64-x86_64-arm-none-eabi/bin/../lib/gcc/arm-none-eabi/15.3.1/../../../../arm-none-eabi/lib/thumb/v7e-m/nofp\libc_nano.a(libc_a-impure.o)
                              E:/support_tools/arm-gnu-toolchain-15.3.rel1-mingw-w64-x86_64-arm-none-eabi/bin/../lib/gcc/arm-none-eabi/15.3.1/../../../../arm-none-eabi/lib/thumb/v7e-m/nofp\libc_nano.a(libc_a-reent.o) (_impure_ptr)
E:/support_tools/arm-gnu-toolchain-15.3.rel1-mingw-w64-x86_64-arm-none-eabi/bin/../lib/gcc/arm-none-eabi/15.3.1/../../../../arm-none-eabi/lib/thumb/v7e-m/nofp\libc_nano.a(libc_a-lseekr.o)
                              E:/support_tools/arm-gnu-toolchain-15.3.rel1-mingw-w64-x86_64-arm-none-eabi/bin/../lib/gcc/arm-none-eabi/15.3.1/../../../../arm-none-eabi/lib/thumb/v7e-m/nofp\libc_nano.a(libc_a-stdio.o) (_lseek_r)
E:/support_tools/arm-gnu-toolchain-15.3.rel1-mingw-w64-x86_64-arm-none-eabi/bin/../lib/gcc/arm-none-eabi/15.3.1/../../../../arm-none-eabi/lib/thumb/v7e-m/nofp\libc_nano.a(libc_a-readr.o)
                              E:/support_tools/arm-gnu-toolchain-15.3.rel1-mingw-w64-x86_64-arm-none-eabi/bin/../lib/gcc/arm-none-eabi/15.3.1/../../../../arm-none-eabi/lib/thumb/v7e-m/nofp\libc_nano.a(libc_a-stdio.o) (_read_r)
E:/support_tools/arm-gnu-toolchain-15.3.rel1-mingw-w64-x86_64-arm-none-eabi/bin/../lib/gcc/arm-none-eabi/15.3.1/../../../../arm-none-eabi/lib/thumb/v7e-m/nofp\libc_nano.a(libc_a-writer.o)
                              E:/support_tools/arm-gnu-toolchain-15.3.rel1-mingw-w64-x86_64-arm-none-eabi/bin/../lib/gcc/arm-none-eabi/15.3.1/../../../../arm-none-eabi/lib/thumb/v7e-m/nofp\libc_nano.a(libc_a-stdio.o) (_write_r)
E:/support_tools/arm-gnu-toolchain-15.3.rel1-mingw-w64-x86_64-arm-none-eabi/bin/../lib/gcc/arm-none-eabi/15.3.1/../../../../arm-none-eabi/lib/thumb/v7e-m/nofp\libc_nano.a(libc_a-init.o)
[...]
Memory Configuration

Name             Origin             Length             Attributes
FLASH            0x08000000         0x00100000         xr
RAM              0x20000000         0x00030000         xrw
CCMRAM           0x10000000         0x00010000         xrw
SDRAM            0xc0000000         0x02000000         xrw
*default*        0x00000000         0xffffffff

Linker script and memory map

LOAD E:/support_tools/arm-gnu-toolchain-15.3.rel1-mingw-w64-x86_64-arm-none-eabi/bin/../lib/gcc/arm-none-eabi/15.3.1/thumb/v7e-m/nofp/crti.o
LOAD E:/support_tools/arm-gnu-toolchain-15.3.rel1-mingw-w64-x86_64-arm-none-eabi/bin/../lib/gcc/arm-none-eabi/15.3.1/thumb/v7e-m/nofp/crtbegin.o
LOAD E:/support_tools/arm-gnu-toolchain-15.3.rel1-mingw-w64-x86_64-arm-none-eabi/bin/../lib/gcc/arm-none-eabi/15.3.1/../../../../arm-none-eabi/lib/thumb/v7e-m/nofp/crt0.o
LOAD E:/support_tools/arm-gnu-toolchain-15.3.rel1-mingw-w64-x86_64-arm-none-eabi/bin/../lib/gcc/arm-none-eabi/15.3.1/../../../../arm-none-eabi/lib/thumb/v7e-m/nofp\libc_nano.a
LOAD E:/support_tools/arm-gnu-toolchain-15.3.rel1-mingw-w64-x86_64-arm-none-eabi/bin/../lib/gcc/arm-none-eabi/15.3.1/../../../../arm-none-eabi/lib/thumb/v7e-m/nofp\libm.a
LOAD E:/support_tools/arm-gnu-toolchain-15.3.rel1-mingw-w64-x86_64-arm-none-eabi/bin/../lib/gcc/arm-none-eabi/15.3.1/thumb/v7e-m/nofp\libgcc.a
LOAD CMakeFiles/stm32f429_tinyusb_ui.elf.dir/app/app_ui.c.obj
LOAD CMakeFiles/stm32f429_tinyusb_ui.elf.dir/app/main.c.obj
LOAD CMakeFiles/stm32f429_tinyusb_ui.elf.dir/app/sdram_heap.c.obj
LOAD CMakeFiles/stm32f429_tinyusb_ui.elf.dir/app/stm32f4xx_hal_timebase_tim.c.obj
LOAD CMakeFiles/stm32f429_tinyusb_ui.elf.dir/app/stm32f4xx_it.c.obj
LOAD CMakeFiles/stm32f429_tinyusb_ui.elf.dir/app/syscalls.c.obj
LOAD CMakeFiles/stm32f429_tinyusb_ui.elf.dir/app/ui_task.c.obj
LOAD CMakeFiles/stm32f429_tinyusb_ui.elf.dir/app/usb_host_app.c.obj
LOAD CMakeFiles/stm32f429_tinyusb_ui.elf.dir/bsp/bsp_i2c.c.obj
LOAD CMakeFiles/stm32f429_tinyusb_ui.elf.dir/bsp/bsp_lcd.c.obj
LOAD CMakeFiles/stm32f429_tinyusb_ui.elf.dir/bsp/bsp_lcd_text.c.obj
LOAD CMakeFiles/stm32f429_tinyusb_ui.elf.dir/bsp/bsp_led.c.obj
LOAD CMakeFiles/stm32f429_tinyusb_ui.elf.dir/bsp/bsp_pcf8574.c.obj
LOAD CMakeFiles/stm32f429_tinyusb_ui.elf.dir/bsp/bsp_sdram.c.obj
LOAD CMakeFiles/stm32f429_tinyusb_ui.elf.dir/bsp/bsp_uart.c.obj
LOAD CMakeFiles/stm32f429_tinyusb_ui.elf.dir/bsp/bsp_usb_hw.c.obj
LOAD CMakeFiles/stm32f429_tinyusb_ui.elf.dir/bsp/lcd_ascii_font.c.obj
LOAD CMakeFiles/stm32f429_tinyusb_ui.elf.dir/bsp/lv_font_gbk.c.obj
LOAD CMakeFiles/stm32f429_tinyusb_ui.elf.dir/bsp/lv_gbk_map.c.obj
LOAD CMakeFiles/stm32f429_tinyusb_ui.elf.dir/bsp/lv_port_disp.c.obj
LOAD CMakeFiles/stm32f429_tinyusb_ui.elf.dir/Drivers/CMSIS/Device/ST/STM32F4xx/Source/system_stm32f4xx.c.obj
LOAD CMakeFiles/stm32f429_tinyusb_ui.elf.dir/Drivers/CMSIS/Device/ST/STM32F4xx/Source/GCC/startup_stm32f429xx.s.obj
LOAD CMakeFiles/stm32f429_tinyusb_ui.elf.dir/Drivers/STM32F4xx_HAL_Driver/Src/stm32f4xx_hal.c.obj
LOAD CMakeFiles/stm32f429_tinyusb_ui.elf.dir/Drivers/STM32F4xx_HAL_Driver/Src/stm32f4xx_hal_cortex.c.obj
LOAD CMakeFiles/stm32f429_tinyusb_ui.elf.dir/Drivers/STM32F4xx_HAL_Driver/Src/stm32f4xx_hal_rcc.c.obj
LOAD CMakeFiles/stm32f429_tinyusb_ui.elf.dir/Drivers/STM32F4xx_HAL_Driver/Src/stm32f4xx_hal_rcc_ex.c.obj
LOAD CMakeFiles/stm32f429_tinyusb_ui.elf.dir/Drivers/STM32F4xx_HAL_Driver/Src/stm32f4xx_hal_gpio.c.obj
LOAD CMakeFiles/stm32f429_tinyusb_ui.elf.dir/Drivers/STM32F4xx_HAL_Driver/Src/stm32f4xx_hal_uart.c.obj
LOAD CMakeFiles/stm32f429_tinyusb_ui.elf.dir/Drivers/STM32F4xx_HAL_Driver/Src/stm32f4xx_hal_i2c.c.obj
LOAD CMakeFiles/stm32f429_tinyusb_ui.elf.dir/Drivers/STM32F4xx_HAL_Driver/Src/stm32f4xx_hal_dma.c.obj
LOAD CMakeFiles/stm32f429_tinyusb_ui.elf.dir/Drivers/STM32F4xx_HAL_Driver/Src/stm32f4xx_hal_pwr.c.obj
LOAD CMakeFiles/stm32f429_tinyusb_ui.elf.dir/Drivers/STM32F4xx_HAL_Driver/Src/stm32f4xx_hal_pwr_ex.c.obj
LOAD CMakeFiles/stm32f429_tinyusb_ui.elf.dir/Drivers/STM32F4xx_HAL_Driver/Src/stm32f4xx_hal_flash.c.obj
LOAD CMakeFiles/stm32f429_tinyusb_ui.elf.dir/Drivers/STM32F4xx_HAL_Driver/Src/stm32f4xx_hal_tim.c.obj
LOAD CMakeFiles/stm32f429_tinyusb_ui.elf.dir/Drivers/STM32F4xx_HAL_Driver/Src/stm32f4xx_hal_tim_ex.c.obj
LOAD CMakeFiles/stm32f429_tinyusb_ui.elf.dir/Drivers/STM32F4xx_HAL_Driver/Src/stm32f4xx_hal_sdram.c.obj
LOAD CMakeFiles/stm32f429_tinyusb_ui.elf.dir/Drivers/STM32F4xx_HAL_Driver/Src/stm32f4xx_hal_sram.c.obj
LOAD CMakeFiles/stm32f429_tinyusb_ui.elf.dir/Drivers/STM32F4xx_HAL_Driver/Src/stm32f4xx_ll_fmc.c.obj
LOAD CMakeFiles/stm32f429_tinyusb_ui.elf.dir/third_party/FreeRTOS-Kernel/tasks.c.obj
LOAD CMakeFiles/stm32f429_tinyusb_ui.elf.dir/third_party/FreeRTOS-Kernel/queue.c.obj
LOAD CMakeFiles/stm32f429_tinyusb_ui.elf.dir/third_party/FreeRTOS-Kernel/list.c.obj
LOAD CMakeFiles/stm32f429_tinyusb_ui.elf.dir/third_party/FreeRTOS-Kernel/timers.c.obj
LOAD CMakeFiles/stm32f429_tinyusb_ui.elf.dir/third_party/FreeRTOS-Kernel/event_groups.c.obj
LOAD CMakeFiles/stm32f429_tinyusb_ui.elf.dir/third_party/FreeRTOS-Kernel/stream_buffer.c.obj
LOAD CMakeFiles/stm32f429_tinyusb_ui.elf.dir/third_party/FreeRTOS-Kernel/portable/GCC/ARM_CM4F/port.c.obj
LOAD CMakeFiles/stm32f429_tinyusb_ui.elf.dir/third_party/FreeRTOS-Kernel/portable/MemMang/heap_5.c.obj
LOAD CMakeFiles/stm32f429_tinyusb_ui.elf.dir/third_party/tinyusb/src/tusb.c.obj
LOAD CMakeFiles/stm32f429_tinyusb_ui.elf.dir/third_party/tinyusb/src/host/usbh.c.obj
LOAD CMakeFiles/stm32f429_tinyusb_ui.elf.dir/third_party/tinyusb/src/host/hub.c.obj
LOAD CMakeFiles/stm32f429_tinyusb_ui.elf.dir/third_party/tinyusb/src/class/msc/msc_host.c.obj
LOAD CMakeFiles/stm32f429_tinyusb_ui.elf.dir/third_party/tinyusb/src/portable/synopsys/dwc2/dwc2_common.c.obj
LOAD CMakeFiles/stm32f429_tinyusb_ui.elf.dir/third_party/tinyusb/src/portable/synopsys/dwc2/hcd_dwc2.c.obj
LOAD CMakeFiles/stm32f429_tinyusb_ui.elf.dir/third_party/tinyusb/src/common/tusb_fifo.c.obj
LOAD CMakeFiles/stm32f429_tinyusb_ui.elf.dir/third_party/FatFs/ff.c.obj
LOAD CMakeFiles/stm32f429_tinyusb_ui.elf.dir/third_party/FatFs/ffunicode.c.obj
LOAD CMakeFiles/stm32f429_tinyusb_ui.elf.dir/third_party/FatFs/ffsystem.c.obj
LOAD CMakeFiles/stm32f429_tinyusb_ui.elf.dir/third_party/lvgl/src/core/lv_disp.c.obj
LOAD CMakeFiles/stm32f429_tinyusb_ui.elf.dir/third_party/lvgl/src/core/lv_event.c.obj
LOAD CMakeFiles/stm32f429_tinyusb_ui.elf.dir/third_party/lvgl/src/core/lv_group.c.obj
LOAD CMakeFiles/stm32f429_tinyusb_ui.elf.dir/third_party/lvgl/src/core/lv_indev.c.obj
LOAD CMakeFiles/stm32f429_tinyusb_ui.elf.dir/third_party/lvgl/src/core/lv_indev_scroll.c.obj
LOAD CMakeFiles/stm32f429_tinyusb_ui.elf.dir/third_party/lvgl/src/core/lv_obj.c.obj
LOAD CMakeFiles/stm32f429_tinyusb_ui.elf.dir/third_party/lvgl/src/core/lv_obj_class.c.obj
LOAD CMakeFiles/stm32f429_tinyusb_ui.elf.dir/third_party/lvgl/src/core/lv_obj_draw.c.obj
LOAD CMakeFiles/stm32f429_tinyusb_ui.elf.dir/third_party/lvgl/src/core/lv_obj_pos.c.obj
LOAD CMakeFiles/stm32f429_tinyusb_ui.elf.dir/third_party/lvgl/src/core/lv_obj_scroll.c.obj
LOAD CMakeFiles/stm32f429_tinyusb_ui.elf.dir/third_party/lvgl/src/core/lv_obj_style.c.obj
LOAD CMakeFiles/stm32f429_tinyusb_ui.elf.dir/third_party/lvgl/src/core/lv_obj_style_gen.c.obj
LOAD CMakeFiles/stm32f429_tinyusb_ui.elf.dir/third_party/lvgl/src/core/lv_obj_tree.c.obj
LOAD CMakeFiles/stm32f429_tinyusb_ui.elf.dir/third_party/lvgl/src/core/lv_refr.c.obj
LOAD CMakeFiles/stm32f429_tinyusb_ui.elf.dir/third_party/lvgl/src/core/lv_theme.c.obj
LOAD CMakeFiles/stm32f429_tinyusb_ui.elf.dir/third_party/lvgl/src/draw/arm2d/lv_gpu_arm2d.c.obj
LOAD CMakeFiles/stm32f429_tinyusb_ui.elf.dir/third_party/lvgl/src/draw/lv_draw.c.obj
LOAD CMakeFiles/stm32f429_tinyusb_ui.elf.dir/third_party/lvgl/src/draw/lv_draw_arc.c.obj
LOAD CMakeFiles/stm32f429_tinyusb_ui.elf.dir/third_party/lvgl/src/draw/lv_draw_img.c.obj
LOAD CMakeFiles/stm32f429_tinyusb_ui.elf.dir/third_party/lvgl/src/draw/lv_draw_label.c.obj
LOAD CMakeFiles/stm32f429_tinyusb_ui.elf.dir/third_party/lvgl/src/draw/lv_draw_layer.c.obj
LOAD CMakeFiles/stm32f429_tinyusb_ui.elf.dir/third_party/lvgl/src/draw/lv_draw_line.c.obj
LOAD CMakeFiles/stm32f429_tinyusb_ui.elf.dir/third_party/lvgl/src/draw/lv_draw_mask.c.obj
LOAD CMakeFiles/stm32f429_tinyusb_ui.elf.dir/third_party/lvgl/src/draw/lv_draw_rect.c.obj
LOAD CMakeFiles/stm32f429_tinyusb_ui.elf.dir/third_party/lvgl/src/draw/lv_draw_transform.c.obj
LOAD CMakeFiles/stm32f429_tinyusb_ui.elf.dir/third_party/lvgl/src/draw/lv_draw_triangle.c.obj
LOAD CMakeFiles/stm32f429_tinyusb_ui.elf.dir/third_party/lvgl/src/draw/lv_img_buf.c.obj
LOAD CMakeFiles/stm32f429_tinyusb_ui.elf.dir/third_party/lvgl/src/draw/lv_img_cache.c.obj
LOAD CMakeFiles/stm32f429_tinyusb_ui.elf.dir/third_party/lvgl/src/draw/lv_img_decoder.c.obj
LOAD CMakeFiles/stm32f429_tinyusb_ui.elf.dir/third_party/lvgl/src/draw/nxp/pxp/lv_draw_pxp.c.obj
LOAD CMakeFiles/stm32f429_tinyusb_ui.elf.dir/third_party/lvgl/src/draw/nxp/pxp/lv_draw_pxp_blend.c.obj
LOAD CMakeFiles/stm32f429_tinyusb_ui.elf.dir/third_party/lvgl/src/draw/nxp/pxp/lv_gpu_nxp_pxp.c.obj
LOAD CMakeFiles/stm32f429_tinyusb_ui.elf.dir/third_party/lvgl/src/draw/nxp/pxp/lv_gpu_nxp_pxp_osa.c.obj
LOAD CMakeFiles/stm32f429_tinyusb_ui.elf.dir/third_party/lvgl/src/draw/nxp/vglite/lv_draw_vglite.c.obj
LOAD CMakeFiles/stm32f429_tinyusb_ui.elf.dir/third_party/lvgl/src/draw/nxp/vglite/lv_draw_vglite_arc.c.obj
LOAD CMakeFiles/stm32f429_tinyusb_ui.elf.dir/third_party/lvgl/src/draw/nxp/vglite/lv_draw_vglite_blend.c.obj
LOAD CMakeFiles/stm32f429_tinyusb_ui.elf.dir/third_party/lvgl/src/draw/nxp/vglite/lv_draw_vglite_line.c.obj
LOAD CMakeFiles/stm32f429_tinyusb_ui.elf.dir/third_party/lvgl/src/draw/nxp/vglite/lv_draw_vglite_rect.c.obj
LOAD CMakeFiles/stm32f429_tinyusb_ui.elf.dir/third_party/lvgl/src/draw/nxp/vglite/lv_vglite_buf.c.obj
LOAD CMakeFiles/stm32f429_tinyusb_ui.elf.dir/third_party/lvgl/src/draw/nxp/vglite/lv_vglite_utils.c.obj
LOAD CMakeFiles/stm32f429_tinyusb_ui.elf.dir/third_party/lvgl/src/draw/renesas/lv_gpu_d2_draw_label.c.obj
LOAD CMakeFiles/stm32f429_tinyusb_ui.elf.dir/third_party/lvgl/src/draw/renesas/lv_gpu_d2_ra6m3.c.obj
LOAD CMakeFiles/stm32f429_tinyusb_ui.elf.dir/third_party/lvgl/src/draw/sdl/lv_draw_sdl.c.obj
LOAD CMakeFiles/stm32f429_tinyusb_ui.elf.dir/third_party/lvgl/src/draw/sdl/lv_draw_sdl_arc.c.obj
LOAD CMakeFiles/stm32f429_tinyusb_ui.elf.dir/third_party/lvgl/src/draw/sdl/lv_draw_sdl_bg.c.obj
LOAD CMakeFiles/stm32f429_tinyusb_ui.elf.dir/third_party/lvgl/src/draw/sdl/lv_draw_sdl_composite.c.obj
LOAD CMakeFiles/stm32f429_tinyusb_ui.elf.dir/third_party/lvgl/src/draw/sdl/lv_draw_sdl_img.c.obj
LOAD CMakeFiles/stm32f429_tinyusb_ui.elf.dir/third_party/lvgl/src/draw/sdl/lv_draw_sdl_label.c.obj
LOAD CMakeFiles/stm32f429_tinyusb_ui.elf.dir/third_party/lvgl/src/draw/sdl/lv_draw_sdl_layer.c.obj
LOAD CMakeFiles/stm32f429_tinyusb_ui.elf.dir/third_party/lvgl/src/draw/sdl/lv_draw_sdl_line.c.obj
LOAD CMakeFiles/stm32f429_tinyusb_ui.elf.dir/third_party/lvgl/src/draw/sdl/lv_draw_sdl_mask.c.obj
LOAD CMakeFiles/stm32f429_tinyusb_ui.elf.dir/third_party/lvgl/src/draw/sdl/lv_draw_sdl_polygon.c.obj
LOAD CMakeFiles/stm32f429_tinyusb_ui.elf.dir/third_party/lvgl/src/draw/sdl/lv_draw_sdl_rect.c.obj
LOAD CMakeFiles/stm32f429_tinyusb_ui.elf.dir/third_party/lvgl/src/draw/sdl/lv_draw_sdl_stack_blur.c.obj
LOAD CMakeFiles/stm32f429_tinyusb_ui.elf.dir/third_party/lvgl/src/draw/sdl/lv_draw_sdl_texture_cache.c.obj
LOAD CMakeFiles/stm32f429_tinyusb_ui.elf.dir/third_party/lvgl/src/draw/sdl/lv_draw_sdl_utils.c.obj
LOAD CMakeFiles/stm32f429_tinyusb_ui.elf.dir/third_party/lvgl/src/draw/stm32_dma2d/lv_gpu_stm32_dma2d.c.obj
LOAD CMakeFiles/stm32f429_tinyusb_ui.elf.dir/third_party/lvgl/src/draw/sw/lv_draw_sw.c.obj
LOAD CMakeFiles/stm32f429_tinyusb_ui.elf.dir/third_party/lvgl/src/draw/sw/lv_draw_sw_arc.c.obj
LOAD CMakeFiles/stm32f429_tinyusb_ui.elf.dir/third_party/lvgl/src/draw/sw/lv_draw_sw_blend.c.obj
LOAD CMakeFiles/stm32f429_tinyusb_ui.elf.dir/third_party/lvgl/src/draw/sw/lv_draw_sw_dither.c.obj
LOAD CMakeFiles/stm32f429_tinyusb_ui.elf.dir/third_party/lvgl/src/draw/sw/lv_draw_sw_gradient.c.obj
LOAD CMakeFiles/stm32f429_tinyusb_ui.elf.dir/third_party/lvgl/src/draw/sw/lv_draw_sw_img.c.obj
LOAD CMakeFiles/stm32f429_tinyusb_ui.elf.dir/third_party/lvgl/src/draw/sw/lv_draw_sw_layer.c.obj
LOAD CMakeFiles/stm32f429_tinyusb_ui.elf.dir/third_party/lvgl/src/draw/sw/lv_draw_sw_letter.c.obj
LOAD CMakeFiles/stm32f429_tinyusb_ui.elf.dir/third_party/lvgl/src/draw/sw/lv_draw_sw_line.c.obj
LOAD CMakeFiles/stm32f429_tinyusb_ui.elf.dir/third_party/lvgl/src/draw/sw/lv_draw_sw_polygon.c.obj
LOAD CMakeFiles/stm32f429_tinyusb_ui.elf.dir/third_party/lvgl/src/draw/sw/lv_draw_sw_rect.c.obj
LOAD CMakeFiles/stm32f429_tinyusb_ui.elf.dir/third_party/lvgl/src/draw/sw/lv_draw_sw_transform.c.obj
LOAD CMakeFiles/stm32f429_tinyusb_ui.elf.dir/third_party/lvgl/src/draw/swm341_dma2d/lv_gpu_swm341_dma2d.c.obj
LOAD CMakeFiles/stm32f429_tinyusb_ui.elf.dir/third_party/lvgl/src/extra/layouts/flex/lv_flex.c.obj
LOAD CMakeFiles/stm32f429_tinyusb_ui.elf.dir/third_party/lvgl/src/extra/layouts/grid/lv_grid.c.obj
LOAD CMakeFiles/stm32f429_tinyusb_ui.elf.dir/third_party/lvgl/src/extra/libs/bmp/lv_bmp.c.obj
LOAD CMakeFiles/stm32f429_tinyusb_ui.elf.dir/third_party/lvgl/src/extra/libs/ffmpeg/lv_ffmpeg.c.obj
LOAD CMakeFiles/stm32f429_tinyusb_ui.elf.dir/third_party/lvgl/src/extra/libs/freetype/lv_freetype.c.obj
LOAD CMakeFiles/stm32f429_tinyusb_ui.elf.dir/third_party/lvgl/src/extra/libs/fsdrv/lv_fs_fatfs.c.obj
LOAD CMakeFiles/stm32f429_tinyusb_ui.elf.dir/third_party/lvgl/src/extra/libs/fsdrv/lv_fs_littlefs.c.obj
LOAD CMakeFiles/stm32f429_tinyusb_ui.elf.dir/third_party/lvgl/src/extra/libs/fsdrv/lv_fs_posix.c.obj
LOAD CMakeFiles/stm32f429_tinyusb_ui.elf.dir/third_party/lvgl/src/extra/libs/fsdrv/lv_fs_stdio.c.obj
LOAD CMakeFiles/stm32f429_tinyusb_ui.elf.dir/third_party/lvgl/src/extra/libs/fsdrv/lv_fs_win32.c.obj
LOAD CMakeFiles/stm32f429_tinyusb_ui.elf.dir/third_party/lvgl/src/extra/libs/gif/gifdec.c.obj
LOAD CMakeFiles/stm32f429_tinyusb_ui.elf.dir/third_party/lvgl/src/extra/libs/gif/lv_gif.c.obj
LOAD CMakeFiles/stm32f429_tinyusb_ui.elf.dir/third_party/lvgl/src/extra/libs/png/lodepng.c.obj
LOAD CMakeFiles/stm32f429_tinyusb_ui.elf.dir/third_party/lvgl/src/extra/libs/png/lv_png.c.obj
LOAD CMakeFiles/stm32f429_tinyusb_ui.elf.dir/third_party/lvgl/src/extra/libs/qrcode/lv_qrcode.c.obj
LOAD CMakeFiles/stm32f429_tinyusb_ui.elf.dir/third_party/lvgl/src/extra/libs/qrcode/qrcodegen.c.obj
LOAD CMakeFiles/stm32f429_tinyusb_ui.elf.dir/third_party/lvgl/src/extra/libs/rlottie/lv_rlottie.c.obj
LOAD CMakeFiles/stm32f429_tinyusb_ui.elf.dir/third_party/lvgl/src/extra/libs/sjpg/lv_sjpg.c.obj
LOAD CMakeFiles/stm32f429_tinyusb_ui.elf.dir/third_party/lvgl/src/extra/libs/sjpg/tjpgd.c.obj
LOAD CMakeFiles/stm32f429_tinyusb_ui.elf.dir/third_party/lvgl/src/extra/libs/tiny_ttf/lv_tiny_ttf.c.obj
LOAD CMakeFiles/stm32f429_tinyusb_ui.elf.dir/third_party/lvgl/src/extra/lv_extra.c.obj
LOAD CMakeFiles/stm32f429_tinyusb_ui.elf.dir/third_party/lvgl/src/extra/others/fragment/lv_fragment.c.obj
LOAD CMakeFiles/stm32f429_tinyusb_ui.elf.dir/third_party/lvgl/src/extra/others/fragment/lv_fragment_manager.c.obj
LOAD CMakeFiles/stm32f429_tinyusb_ui.elf.dir/third_party/lvgl/src/extra/others/gridnav/lv_gridnav.c.obj
LOAD CMakeFiles/stm32f429_tinyusb_ui.elf.dir/third_party/lvgl/src/extra/others/ime/lv_ime_pinyin.c.obj
LOAD CMakeFiles/stm32f429_tinyusb_ui.elf.dir/third_party/lvgl/src/extra/others/imgfont/lv_imgfont.c.obj
LOAD CMakeFiles/stm32f429_tinyusb_ui.elf.dir/third_party/lvgl/src/extra/others/monkey/lv_monkey.c.obj
LOAD CMakeFiles/stm32f429_tinyusb_ui.elf.dir/third_party/lvgl/src/extra/others/msg/lv_msg.c.obj
LOAD CMakeFiles/stm32f429_tinyusb_ui.elf.dir/third_party/lvgl/src/extra/others/snapshot/lv_snapshot.c.obj
LOAD CMakeFiles/stm32f429_tinyusb_ui.elf.dir/third_party/lvgl/src/extra/themes/basic/lv_theme_basic.c.obj
LOAD CMakeFiles/stm32f429_tinyusb_ui.elf.dir/third_party/lvgl/src/extra/themes/default/lv_theme_default.c.obj
LOAD CMakeFiles/stm32f429_tinyusb_ui.elf.dir/third_party/lvgl/src/extra/themes/mono/lv_theme_mono.c.obj
LOAD CMakeFiles/stm32f429_tinyusb_ui.elf.dir/third_party/lvgl/src/extra/widgets/animimg/lv_animimg.c.obj
LOAD CMakeFiles/stm32f429_tinyusb_ui.elf.dir/third_party/lvgl/src/extra/widgets/calendar/lv_calendar.c.obj
LOAD CMakeFiles/stm32f429_tinyusb_ui.elf.dir/third_party/lvgl/src/extra/widgets/calendar/lv_calendar_header_arrow.c.obj
LOAD CMakeFiles/stm32f429_tinyusb_ui.elf.dir/third_party/lvgl/src/extra/widgets/calendar/lv_calendar_header_dropdown.c.obj
LOAD CMakeFiles/stm32f429_tinyusb_ui.elf.dir/third_party/lvgl/src/extra/widgets/chart/lv_chart.c.obj
LOAD CMakeFiles/stm32f429_tinyusb_ui.elf.dir/third_party/lvgl/src/extra/widgets/colorwheel/lv_colorwheel.c.obj
LOAD CMakeFiles/stm32f429_tinyusb_ui.elf.dir/third_party/lvgl/src/extra/widgets/imgbtn/lv_imgbtn.c.obj
LOAD CMakeFiles/stm32f429_tinyusb_ui.elf.dir/third_party/lvgl/src/extra/widgets/keyboard/lv_keyboard.c.obj
LOAD CMakeFiles/stm32f429_tinyusb_ui.elf.dir/third_party/lvgl/src/extra/widgets/led/lv_led.c.obj
LOAD CMakeFiles/stm32f429_tinyusb_ui.elf.dir/third_party/lvgl/src/extra/widgets/list/lv_list.c.obj
LOAD CMakeFiles/stm32f429_tinyusb_ui.elf.dir/third_party/lvgl/src/extra/widgets/menu/lv_menu.c.obj
LOAD CMakeFiles/stm32f429_tinyusb_ui.elf.dir/third_party/lvgl/src/extra/widgets/meter/lv_meter.c.obj
LOAD CMakeFiles/stm32f429_tinyusb_ui.elf.dir/third_party/lvgl/src/extra/widgets/msgbox/lv_msgbox.c.obj
LOAD CMakeFiles/stm32f429_tinyusb_ui.elf.dir/third_party/lvgl/src/extra/widgets/span/lv_span.c.obj
LOAD CMakeFiles/stm32f429_tinyusb_ui.elf.dir/third_party/lvgl/src/extra/widgets/spinbox/lv_spinbox.c.obj
LOAD CMakeFiles/stm32f429_tinyusb_ui.elf.dir/third_party/lvgl/src/extra/widgets/spinner/lv_spinner.c.obj
LOAD CMakeFiles/stm32f429_tinyusb_ui.elf.dir/third_party/lvgl/src/extra/widgets/tabview/lv_tabview.c.obj
LOAD CMakeFiles/stm32f429_tinyusb_ui.elf.dir/third_party/lvgl/src/extra/widgets/tileview/lv_tileview.c.obj
LOAD CMakeFiles/stm32f429_tinyusb_ui.elf.dir/third_party/lvgl/src/extra/widgets/win/lv_win.c.obj
LOAD CMakeFiles/stm32f429_tinyusb_ui.elf.dir/third_party/lvgl/src/font/lv_font.c.obj
LOAD CMakeFiles/stm32f429_tinyusb_ui.elf.dir/third_party/lvgl/src/font/lv_font_dejavu_16_persian_hebrew.c.obj
LOAD CMakeFiles/stm32f429_tinyusb_ui.elf.dir/third_party/lvgl/src/font/lv_font_fmt_txt.c.obj
LOAD CMakeFiles/stm32f429_tinyusb_ui.elf.dir/third_party/lvgl/src/font/lv_font_loader.c.obj
LOAD CMakeFiles/stm32f429_tinyusb_ui.elf.dir/third_party/lvgl/src/font/lv_font_montserrat_10.c.obj
LOAD CMakeFiles/stm32f429_tinyusb_ui.elf.dir/third_party/lvgl/src/font/lv_font_montserrat_12.c.obj
LOAD CMakeFiles/stm32f429_tinyusb_ui.elf.dir/third_party/lvgl/src/font/lv_font_montserrat_12_subpx.c.obj
LOAD CMakeFiles/stm32f429_tinyusb_ui.elf.dir/third_party/lvgl/src/font/lv_font_montserrat_14.c.obj
LOAD CMakeFiles/stm32f429_tinyusb_ui.elf.dir/third_party/lvgl/src/font/lv_font_montserrat_16.c.obj
LOAD CMakeFiles/stm32f429_tinyusb_ui.elf.dir/third_party/lvgl/src/font/lv_font_montserrat_18.c.obj
LOAD CMakeFiles/stm32f429_tinyusb_ui.elf.dir/third_party/lvgl/src/font/lv_font_montserrat_20.c.obj
LOAD CMakeFiles/stm32f429_tinyusb_ui.elf.dir/third_party/lvgl/src/font/lv_font_montserrat_22.c.obj
LOAD CMakeFiles/stm32f429_tinyusb_ui.elf.dir/third_party/lvgl/src/font/lv_font_montserrat_24.c.obj
LOAD CMakeFiles/stm32f429_tinyusb_ui.elf.dir/third_party/lvgl/src/font/lv_font_montserrat_26.c.obj
LOAD CMakeFiles/stm32f429_tinyusb_ui.elf.dir/third_party/lvgl/src/font/lv_font_montserrat_28.c.obj
LOAD CMakeFiles/stm32f429_tinyusb_ui.elf.dir/third_party/lvgl/src/font/lv_font_montserrat_28_compressed.c.obj
LOAD CMakeFiles/stm32f429_tinyusb_ui.elf.dir/third_party/lvgl/src/font/lv_font_montserrat_30.c.obj
LOAD CMakeFiles/stm32f429_tinyusb_ui.elf.dir/third_party/lvgl/src/font/lv_font_montserrat_32.c.obj
LOAD CMakeFiles/stm32f429_tinyusb_ui.elf.dir/third_party/lvgl/src/font/lv_font_montserrat_34.c.obj
LOAD CMakeFiles/stm32f429_tinyusb_ui.elf.dir/third_party/lvgl/src/font/lv_font_montserrat_36.c.obj
LOAD CMakeFiles/stm32f429_tinyusb_ui.elf.dir/third_party/lvgl/src/font/lv_font_montserrat_38.c.obj
LOAD CMakeFiles/stm32f429_tinyusb_ui.elf.dir/third_party/lvgl/src/font/lv_font_montserrat_40.c.obj
LOAD CMakeFiles/stm32f429_tinyusb_ui.elf.dir/third_party/lvgl/src/font/lv_font_montserrat_42.c.obj
LOAD CMakeFiles/stm32f429_tinyusb_ui.elf.dir/third_party/lvgl/src/font/lv_font_montserrat_44.c.obj
LOAD CMakeFiles/stm32f429_tinyusb_ui.elf.dir/third_party/lvgl/src/font/lv_font_montserrat_46.c.obj
LOAD CMakeFiles/stm32f429_tinyusb_ui.elf.dir/third_party/lvgl/src/font/lv_font_montserrat_48.c.obj
LOAD CMakeFiles/stm32f429_tinyusb_ui.elf.dir/third_party/lvgl/src/font/lv_font_montserrat_8.c.obj
LOAD CMakeFiles/stm32f429_tinyusb_ui.elf.dir/third_party/lvgl/src/font/lv_font_simsun_16_cjk.c.obj
LOAD CMakeFiles/stm32f429_tinyusb_ui.elf.dir/third_party/lvgl/src/font/lv_font_unscii_16.c.obj
LOAD CMakeFiles/stm32f429_tinyusb_ui.elf.dir/third_party/lvgl/src/font/lv_font_unscii_8.c.obj
LOAD CMakeFiles/stm32f429_tinyusb_ui.elf.dir/third_party/lvgl/src/hal/lv_hal_disp.c.obj
LOAD CMakeFiles/stm32f429_tinyusb_ui.elf.dir/third_party/lvgl/src/hal/lv_hal_indev.c.obj
LOAD CMakeFiles/stm32f429_tinyusb_ui.elf.dir/third_party/lvgl/src/hal/lv_hal_tick.c.obj
LOAD CMakeFiles/stm32f429_tinyusb_ui.elf.dir/third_party/lvgl/src/misc/lv_anim.c.obj
LOAD CMakeFiles/stm32f429_tinyusb_ui.elf.dir/third_party/lvgl/src/misc/lv_anim_timeline.c.obj
LOAD CMakeFiles/stm32f429_tinyusb_ui.elf.dir/third_party/lvgl/src/misc/lv_area.c.obj
LOAD CMakeFiles/stm32f429_tinyusb_ui.elf.dir/third_party/lvgl/src/misc/lv_async.c.obj
LOAD CMakeFiles/stm32f429_tinyusb_ui.elf.dir/third_party/lvgl/src/misc/lv_bidi.c.obj
LOAD CMakeFiles/stm32f429_tinyusb_ui.elf.dir/third_party/lvgl/src/misc/lv_color.c.obj
LOAD CMakeFiles/stm32f429_tinyusb_ui.elf.dir/third_party/lvgl/src/misc/lv_fs.c.obj
LOAD CMakeFiles/stm32f429_tinyusb_ui.elf.dir/third_party/lvgl/src/misc/lv_gc.c.obj
LOAD CMakeFiles/stm32f429_tinyusb_ui.elf.dir/third_party/lvgl/src/misc/lv_ll.c.obj
LOAD CMakeFiles/stm32f429_tinyusb_ui.elf.dir/third_party/lvgl/src/misc/lv_log.c.obj
LOAD CMakeFiles/stm32f429_tinyusb_ui.elf.dir/third_party/lvgl/src/misc/lv_lru.c.obj
LOAD CMakeFiles/stm32f429_tinyusb_ui.elf.dir/third_party/lvgl/src/misc/lv_math.c.obj
LOAD CMakeFiles/stm32f429_tinyusb_ui.elf.dir/third_party/lvgl/src/misc/lv_mem.c.obj
LOAD CMakeFiles/stm32f429_tinyusb_ui.elf.dir/third_party/lvgl/src/misc/lv_printf.c.obj
LOAD CMakeFiles/stm32f429_tinyusb_ui.elf.dir/third_party/lvgl/src/misc/lv_style.c.obj
LOAD CMakeFiles/stm32f429_tinyusb_ui.elf.dir/third_party/lvgl/src/misc/lv_style_gen.c.obj
LOAD CMakeFiles/stm32f429_tinyusb_ui.elf.dir/third_party/lvgl/src/misc/lv_templ.c.obj
LOAD CMakeFiles/stm32f429_tinyusb_ui.elf.dir/third_party/lvgl/src/misc/lv_timer.c.obj
LOAD CMakeFiles/stm32f429_tinyusb_ui.elf.dir/third_party/lvgl/src/misc/lv_tlsf.c.obj
LOAD CMakeFiles/stm32f429_tinyusb_ui.elf.dir/third_party/lvgl/src/misc/lv_txt.c.obj
LOAD CMakeFiles/stm32f429_tinyusb_ui.elf.dir/third_party/lvgl/src/misc/lv_txt_ap.c.obj
LOAD CMakeFiles/stm32f429_tinyusb_ui.elf.dir/third_party/lvgl/src/misc/lv_utils.c.obj
LOAD CMakeFiles/stm32f429_tinyusb_ui.elf.dir/third_party/lvgl/src/widgets/lv_arc.c.obj
LOAD CMakeFiles/stm32f429_tinyusb_ui.elf.dir/third_party/lvgl/src/widgets/lv_bar.c.obj
LOAD CMakeFiles/stm32f429_tinyusb_ui.elf.dir/third_party/lvgl/src/widgets/lv_btn.c.obj
LOAD CMakeFiles/stm32f429_tinyusb_ui.elf.dir/third_party/lvgl/src/widgets/lv_btnmatrix.c.obj
LOAD CMakeFiles/stm32f429_tinyusb_ui.elf.dir/third_party/lvgl/src/widgets/lv_canvas.c.obj
LOAD CMakeFiles/stm32f429_tinyusb_ui.elf.dir/third_party/lvgl/src/widgets/lv_checkbox.c.obj
LOAD CMakeFiles/stm32f429_tinyusb_ui.elf.dir/third_party/lvgl/src/widgets/lv_dropdown.c.obj
LOAD CMakeFiles/stm32f429_tinyusb_ui.elf.dir/third_party/lvgl/src/widgets/lv_img.c.obj
LOAD CMakeFiles/stm32f429_tinyusb_ui.elf.dir/third_party/lvgl/src/widgets/lv_label.c.obj
LOAD CMakeFiles/stm32f429_tinyusb_ui.elf.dir/third_party/lvgl/src/widgets/lv_line.c.obj
LOAD CMakeFiles/stm32f429_tinyusb_ui.elf.dir/third_party/lvgl/src/widgets/lv_objx_templ.c.obj
LOAD CMakeFiles/stm32f429_tinyusb_ui.elf.dir/third_party/lvgl/src/widgets/lv_roller.c.obj
LOAD CMakeFiles/stm32f429_tinyusb_ui.elf.dir/third_party/lvgl/src/widgets/lv_slider.c.obj
LOAD CMakeFiles/stm32f429_tinyusb_ui.elf.dir/third_party/lvgl/src/widgets/lv_switch.c.obj
LOAD CMakeFiles/stm32f429_tinyusb_ui.elf.dir/third_party/lvgl/src/widgets/lv_table.c.obj
LOAD CMakeFiles/stm32f429_tinyusb_ui.elf.dir/third_party/lvgl/src/widgets/lv_textarea.c.obj
START GROUP
LOAD E:/support_tools/arm-gnu-toolchain-15.3.rel1-mingw-w64-x86_64-arm-none-eabi/bin/../lib/gcc/arm-none-eabi/15.3.1/thumb/v7e-m/nofp\libgcc.a
LOAD E:/support_tools/arm-gnu-toolchain-15.3.rel1-mingw-w64-x86_64-arm-none-eabi/bin/../lib/gcc/arm-none-eabi/15.3.1/../../../../arm-none-eabi/lib/thumb/v7e-m/nofp\libg_nano.a
LOAD E:/support_tools/arm-gnu-toolchain-15.3.rel1-mingw-w64-x86_64-arm-none-eabi/bin/../lib/gcc/arm-none-eabi/15.3.1/../../../../arm-none-eabi/lib/thumb/v7e-m/nofp\libc_nano.a
END GROUP
START GROUP
LOAD E:/support_tools/arm-gnu-toolchain-15.3.rel1-mingw-w64-x86_64-arm-none-eabi/bin/../lib/gcc/arm-none-eabi/15.3.1/thumb/v7e-m/nofp\libgcc.a
LOAD E:/support_tools/arm-gnu-toolchain-15.3.rel1-mingw-w64-x86_64-arm-none-eabi/bin/../lib/gcc/arm-none-eabi/15.3.1/../../../../arm-none-eabi/lib/thumb/v7e-m/nofp\libc_nano.a
END GROUP
LOAD E:/support_tools/arm-gnu-toolchain-15.3.rel1-mingw-w64-x86_64-arm-none-eabi/bin/../lib/gcc/arm-none-eabi/15.3.1/thumb/v7e-m/nofp/crtend.o
LOAD E:/support_tools/arm-gnu-toolchain-15.3.rel1-mingw-w64-x86_64-arm-none-eabi/bin/../lib/gcc/arm-none-eabi/15.3.1/thumb/v7e-m/nofp/crtn.o
                0x20030000                        _estack = 0x20030000
                0x00000400                        _Min_Heap_Size = 0x400
                0x00002000                        _Min_Stack_Size = 0x2000

.isr_vector     0x08000000      0x1ac
                0x08000000                        . = ALIGN (0x4)
 *(.isr_vector)
 .isr_vector    0x08000000      0x1ac CMakeFiles/stm32f429_tinyusb_ui.elf.dir/Drivers/CMSIS/Device/ST/STM32F4xx/Source/GCC/startup_stm32f429xx.s.obj
                0x08000000                g_pfnVectors
                0x080001ac                        . = ALIGN (0x4)

.text           0x080001b0    0x28f68
                0x080001b0                        . = ALIGN (0x4)
 *(.text)
 .text          0x080001b0       0x30 E:/support_tools/arm-gnu-toolchain-15.3.rel1-mingw-w64-x86_64-arm-none-eabi/bin/../lib/gcc/arm-none-eabi/15.3.1/thumb/v7e-m/nofp\libgcc.a(_aeabi_uldivmod.o)
                0x080001b0                __aeabi_uldivmod
 .text          0x080001e0        0x4 E:/support_tools/arm-gnu-toolchain-15.3.rel1-mingw-w64-x86_64-arm-none-eabi/bin/../lib/gcc/arm-none-eabi/15.3.1/thumb/v7e-m/nofp\libgcc.a(_dvmd_tls.o)
                0x080001e0                __aeabi_idiv0
                0x080001e0                __aeabi_ldiv0
 .text          0x080001e4       0x14 E:/support_tools/arm-gnu-toolchain-15.3.rel1-mingw-w64-x86_64-arm-none-eabi/bin/../lib/gcc/arm-none-eabi/15.3.1/../../../../arm-none-eabi/lib/thumb/v7e-m/nofp\libg_nano.a(libc_a-strcmp.o)
                0x080001e4                strcmp
 .text          0x080001f8       0x10 E:/support_tools/arm-gnu-toolchain-15.3.rel1-mingw-w64-x86_64-arm-none-eabi/bin/../lib/gcc/arm-none-eabi/15.3.1/../../../../arm-none-eabi/lib/thumb/v7e-m/nofp\libg_nano.a(libc_a-strlen.o)
                0x080001f8                strlen
 *fill*         0x08000208        0x8 
 .text          0x08000210       0xa0 E:/support_tools/arm-gnu-toolchain-15.3.rel1-mingw-w64-x86_64-arm-none-eabi/bin/../lib/gcc/arm-none-eabi/15.3.1/../../../../arm-none-eabi/lib/thumb/v7e-m/nofp\libg_nano.a(libc_a-memchr.o)
                0x08000210                memchr
 *(.text*)
 .text.deregister_tm_clones
                0x080002b0       0x1c E:/support_tools/arm-gnu-toolchain-15.3.rel1-mingw-w64-x86_64-arm-none-eabi/bin/../lib/gcc/arm-none-eabi/15.3.1/thumb/v7e-m/nofp/crtbegin.o
 .text.register_tm_clones
                0x080002cc       0x24 E:/support_tools/arm-gnu-toolchain-15.3.rel1-mingw-w64-x86_64-arm-none-eabi/bin/../lib/gcc/arm-none-eabi/15.3.1/thumb/v7e-m/nofp/crtbegin.o
 .text.__do_global_dtors_aux
                0x080002f0       0x28 E:/support_tools/arm-gnu-toolchain-15.3.rel1-mingw-w64-x86_64-arm-none-eabi/bin/../lib/gcc/arm-none-eabi/15.3.1/thumb/v7e-m/nofp/crtbegin.o
 .text.frame_dummy
                0x08000318       0x24 E:/support_tools/arm-gnu-toolchain-15.3.rel1-mingw-w64-x86_64-arm-none-eabi/bin/../lib/gcc/arm-none-eabi/15.3.1/thumb/v7e-m/nofp/crtbegin.o
 .text.std      0x0800033c       0x6c E:/support_tools/arm-gnu-toolchain-15.3.rel1-mingw-w64-x86_64-arm-none-eabi/bin/../lib/gcc/arm-none-eabi/15.3.1/../../../../arm-none-eabi/lib/thumb/v7e-m/nofp\libc_nano.a(libc_a-findfp.o)
 .text.stdio_exit_handler
                0x080003a8       0x18 E:/support_tools/arm-gnu-toolchain-15.3.rel1-mingw-w64-x86_64-arm-none-eabi/bin/../lib/gcc/arm-none-eabi/15.3.1/../../../../arm-none-eabi/lib/thumb/v7e-m/nofp\libc_nano.a(libc_a-findfp.o)
 .text.cleanup_stdio
                0x080003c0       0x40 E:/support_tools/arm-gnu-toolchain-15.3.rel1-mingw-w64-x86_64-arm-none-eabi/bin/../lib/gcc/arm-none-eabi/15.3.1/../../../../arm-none-eabi/lib/thumb/v7e-m/nofp\libc_nano.a(libc_a-findfp.o)
 .text.global_stdio_init.part.0
                0x08000400       0x40 E:/support_tools/arm-gnu-toolchain-15.3.rel1-mingw-w64-x86_64-arm-none-eabi/bin/../lib/gcc/arm-none-eabi/15.3.1/../../../../arm-none-eabi/lib/thumb/v7e-m/nofp\libc_nano.a(libc_a-findfp.o)
 .text.__sfp_lock_acquire
                0x08000440        0xc E:/support_tools/arm-gnu-toolchain-15.3.rel1-mingw-w64-x86_64-arm-none-eabi/bin/../lib/gcc/arm-none-eabi/15.3.1/../../../../arm-none-eabi/lib/thumb/v7e-m/nofp\libc_nano.a(libc_a-findfp.o)
                0x08000440                __sfp_lock_acquire
 .text.__sfp_lock_release
                0x0800044c        0xc E:/support_tools/arm-gnu-toolchain-15.3.rel1-mingw-w64-x86_64-arm-none-eabi/bin/../lib/gcc/arm-none-eabi/15.3.1/../../../../arm-none-eabi/lib/thumb/v7e-m/nofp\libc_nano.a(libc_a-findfp.o)
                0x0800044c                __sfp_lock_release
 .text.__sinit  0x08000458       0x30 E:/support_tools/arm-gnu-toolchain-15.3.rel1-mingw-w64-x86_64-arm-none-eabi/bin/../lib/gcc/arm-none-eabi/15.3.1/../../../../arm-none-eabi/lib/thumb/v7e-m/nofp\libc_nano.a(libc_a-findfp.o)
                0x08000458                __sinit
 .text._fwalk_sglue
                0x08000488       0x3a E:/support_tools/arm-gnu-toolchain-15.3.rel1-mingw-w64-x86_64-arm-none-eabi/bin/../lib/gcc/arm-none-eabi/15.3.1/../../../../arm-none-eabi/lib/thumb/v7e-m/nofp\libc_nano.a(libc_a-fwalk.o)
                0x08000488                _fwalk_sglue
 .text.__sread  0x080004c2       0x22 E:/support_tools/arm-gnu-toolchain-15.3.rel1-mingw-w64-x86_64-arm-none-eabi/bin/../lib/gcc/arm-none-eabi/15.3.1/../../../../arm-none-eabi/lib/thumb/v7e-m/nofp\libc_nano.a(libc_a-stdio.o)
                0x080004c2                __sread
 .text.__swrite
                0x080004e4       0x38 E:/support_tools/arm-gnu-toolchain-15.3.rel1-mingw-w64-x86_64-arm-none-eabi/bin/../lib/gcc/arm-none-eabi/15.3.1/../../../../arm-none-eabi/lib/thumb/v7e-m/nofp\libc_nano.a(libc_a-stdio.o)
                0x080004e4                __swrite
 .text.__sseek  0x0800051c       0x26 E:/support_tools/arm-gnu-toolchain-15.3.rel1-mingw-w64-x86_64-arm-none-eabi/bin/../lib/gcc/arm-none-eabi/15.3.1/../../../../arm-none-eabi/lib/thumb/v7e-m/nofp\libc_nano.a(libc_a-stdio.o)
                0x0800051c                __sseek
 .text.__sclose
                0x08000542        0x8 E:/support_tools/arm-gnu-toolchain-15.3.rel1-mingw-w64-x86_64-arm-none-eabi/bin/../lib/gcc/arm-none-eabi/15.3.1/../../../../arm-none-eabi/lib/thumb/v7e-m/nofp\libc_nano.a(libc_a-stdio.o)
                0x08000542                __sclose
 .text.memset   0x0800054a       0x10 E:/support_tools/arm-gnu-toolchain-15.3.rel1-mingw-w64-x86_64-arm-none-eabi/bin/../lib/gcc/arm-none-eabi/15.3.1/../../../../arm-none-eabi/lib/thumb/v7e-m/nofp\libc_nano.a(libc_a-memset.o)
                0x0800054a                memset
 *fill*         0x0800055a        0x2 
 .text._close_r
                0x0800055c       0x20 E:/support_tools/arm-gnu-toolchain-15.3.rel1-mingw-w64-x86_64-arm-none-eabi/bin/../lib/gcc/arm-none-eabi/15.3.1/../../../../arm-none-eabi/lib/thumb/v7e-m/nofp\libc_nano.a(libc_a-closer.o)
                0x0800055c                _close_r
 .text._lseek_r
                0x0800057c       0x24 E:/support_tools/arm-gnu-toolchain-15.3.rel1-mingw-w64-x86_64-arm-none-eabi/bin/../lib/gcc/arm-none-eabi/15.3.1/../../../../arm-none-eabi/lib/thumb/v7e-m/nofp\libc_nano.a(libc_a-lseekr.o)
                0x0800057c                _lseek_r
 .text._read_r  0x080005a0       0x24 E:/support_tools/arm-gnu-toolchain-15.3.rel1-mingw-w64-x86_64-arm-none-eabi/bin/../lib/gcc/arm-none-eabi/15.3.1/../../../../arm-none-eabi/lib/thumb/v7e-m/nofp\libc_nano.a(libc_a-readr.o)
                0x080005a0                _read_r
 .text._write_r
                0x080005c4       0x24 E:/support_tools/arm-gnu-toolchain-15.3.rel1-mingw-w64-x86_64-arm-none-eabi/bin/../lib/gcc/arm-none-eabi/15.3.1/../../../../arm-none-eabi/lib/thumb/v7e-m/nofp\libc_nano.a(libc_a-writer.o)
                0x080005c4                _write_r
 .text.__libc_init_array
                0x080005e8       0x48 E:/support_tools/arm-gnu-toolchain-15.3.rel1-mingw-w64-x86_64-arm-none-eabi/bin/../lib/gcc/arm-none-eabi/15.3.1/../../../../arm-none-eabi/lib/thumb/v7e-m/nofp\libc_nano.a(libc_a-init.o)
                0x080005e8                __libc_init_array
 .text.__retarget_lock_init_recursive
                0x08000630        0x2 E:/support_tools/arm-gnu-toolchain-15.3.rel1-mingw-w64-x86_64-arm-none-eabi/bin/../lib/gcc/arm-none-eabi/15.3.1/../../../../arm-none-eabi/lib/thumb/v7e-m/nofp\libc_nano.a(libc_a-lock.o)
                0x08000630                __retarget_lock_init_recursive
 .text.__retarget_lock_acquire_recursive
                0x08000632        0x2 E:/support_tools/arm-gnu-toolchain-15.3.rel1-mingw-w64-x86_64-arm-none-eabi/bin/../lib/gcc/arm-none-eabi/15.3.1/../../../../arm-none-eabi/lib/thumb/v7e-m/nofp\libc_nano.a(libc_a-lock.o)
                0x08000632                __retarget_lock_acquire_recursive
 .text.__retarget_lock_release_recursive
                0x08000634        0x2 E:/support_tools/arm-gnu-toolchain-15.3.rel1-mingw-w64-x86_64-arm-none-eabi/bin/../lib/gcc/arm-none-eabi/15.3.1/../../../../arm-none-eabi/lib/thumb/v7e-m/nofp\libc_nano.a(libc_a-lock.o)
                0x08000634                __retarget_lock_release_recursive
 *fill*         0x08000636        0x2 
 .text._free_r  0x08000638       0x98 E:/support_tools/arm-gnu-toolchain-15.3.rel1-mingw-w64-x86_64-arm-none-eabi/bin/../lib/gcc/arm-none-eabi/15.3.1/../../../../arm-none-eabi/lib/thumb/v7e-m/nofp\libc_nano.a(libc_a-freer.o)
                0x08000638                _free_r
 .text.sbrk_aligned
                0x080006d0       0x44 E:/support_tools/arm-gnu-toolchain-15.3.rel1-mingw-w64-x86_64-arm-none-eabi/bin/../lib/gcc/arm-none-eabi/15.3.1/../../../../arm-none-eabi/lib/thumb/v7e-m/nofp\libc_nano.a(libc_a-mallocr.o)
 .text._malloc_r
                0x08000714       0xf8 E:/support_tools/arm-gnu-toolchain-15.3.rel1-mingw-w64-x86_64-arm-none-eabi/bin/../lib/gcc/arm-none-eabi/15.3.1/../../../../arm-none-eabi/lib/thumb/v7e-m/nofp\libc_nano.a(libc_a-mallocr.o)
                0x08000714                _malloc_r
 .text.__malloc_lock
                0x0800080c        0xc E:/support_tools/arm-gnu-toolchain-15.3.rel1-mingw-w64-x86_64-arm-none-eabi/bin/../lib/gcc/arm-none-eabi/15.3.1/../../../../arm-none-eabi/lib/thumb/v7e-m/nofp\libc_nano.a(libc_a-mlock.o)
                0x0800080c                __malloc_lock
 .text.__malloc_unlock
                0x08000818        0xc E:/support_tools/arm-gnu-toolchain-15.3.rel1-mingw-w64-x86_64-arm-none-eabi/bin/../lib/gcc/arm-none-eabi/15.3.1/../../../../arm-none-eabi/lib/thumb/v7e-m/nofp\libc_nano.a(libc_a-mlock.o)
                0x08000818                __malloc_unlock
 .text.__sflush_r
                0x08000824       0xf8 E:/support_tools/arm-gnu-toolchain-15.3.rel1-mingw-w64-x86_64-arm-none-eabi/bin/../lib/gcc/arm-none-eabi/15.3.1/../../../../arm-none-eabi/lib/thumb/v7e-m/nofp\libc_nano.a(libc_a-fflush.o)
                0x08000824                __sflush_r
 .text._fflush_r
                0x0800091c       0x50 E:/support_tools/arm-gnu-toolchain-15.3.rel1-mingw-w64-x86_64-arm-none-eabi/bin/../lib/gcc/arm-none-eabi/15.3.1/../../../../arm-none-eabi/lib/thumb/v7e-m/nofp\libc_nano.a(libc_a-fflush.o)
                0x0800091c                _fflush_r
 .text._sbrk_r  0x0800096c       0x20 E:/support_tools/arm-gnu-toolchain-15.3.rel1-mingw-w64-x86_64-arm-none-eabi/bin/../lib/gcc/arm-none-eabi/15.3.1/../../../../arm-none-eabi/lib/thumb/v7e-m/nofp\libc_nano.a(libc_a-sbrkr.o)
                0x0800096c                _sbrk_r
 .text.lv_color_hex
                0x0800098c       0x1c CMakeFiles/stm32f429_tinyusb_ui.elf.dir/app/app_ui.c.obj
 .text.usb_state_str
                0x080009a8       0x54 CMakeFiles/stm32f429_tinyusb_ui.elf.dir/app/app_ui.c.obj
 .text.refresh_usb
                0x080009fc       0x28 CMakeFiles/stm32f429_tinyusb_ui.elf.dir/app/app_ui.c.obj
 .text.lv_scr_act
                0x08000a24        0xc CMakeFiles/stm32f429_tinyusb_ui.elf.dir/app/app_ui.c.obj
 .text.lv_obj_set_style_pad_all
                0x08000a30       0x2c CMakeFiles/stm32f429_tinyusb_ui.elf.dir/app/app_ui.c.obj
 .text.mk_separator
                0x08000a5c       0x44 CMakeFiles/stm32f429_tinyusb_ui.elf.dir/app/app_ui.c.obj
 .text.mk_label
                0x08000aa0       0x50 CMakeFiles/stm32f429_tinyusb_ui.elf.dir/app/app_ui.c.obj
 .text.mk_label_center
                0x08000af0       0x3a CMakeFiles/stm32f429_tinyusb_ui.elf.dir/app/app_ui.c.obj
 *fill*         0x08000b2a        0x2 
 .text.refresh_font
                0x08000b2c       0x34 CMakeFiles/stm32f429_tinyusb_ui.elf.dir/app/app_ui.c.obj
 .text.refresh_runtime
                0x08000b60       0x70 CMakeFiles/stm32f429_tinyusb_ui.elf.dir/app/app_ui.c.obj
 .text.ui_tick_cb
                0x08000bd0       0x30 CMakeFiles/stm32f429_tinyusb_ui.elf.dir/app/app_ui.c.obj
 .text.app_ui_create
                0x08000c00      0x18c CMakeFiles/stm32f429_tinyusb_ui.elf.dir/app/app_ui.c.obj
                0x08000c00                app_ui_create
 .text.app_ui_show_fault
                0x08000d8c      0x104 CMakeFiles/stm32f429_tinyusb_ui.elf.dir/app/app_ui.c.obj
                0x08000d8c                app_ui_show_fault
 .text.app_ui_request_usb_refresh
                0x08000e90       0x18 CMakeFiles/stm32f429_tinyusb_ui.elf.dir/app/app_ui.c.obj
                0x08000e90                app_ui_request_usb_refresh
 .text.led_task
                0x08000ea8       0x70 CMakeFiles/stm32f429_tinyusb_ui.elf.dir/app/main.c.obj
 .text.Error_Handler
                0x08000f18       0x24 CMakeFiles/stm32f429_tinyusb_ui.elf.dir/app/main.c.obj
                0x08000f18                Error_Handler
 .text.SystemClock_Config
                0x08000f3c       0xa8 CMakeFiles/stm32f429_tinyusb_ui.elf.dir/app/main.c.obj
 .text.main     0x08000fe4      0x100 CMakeFiles/stm32f429_tinyusb_ui.elf.dir/app/main.c.obj
                0x08000fe4                main
 .text.vApplicationAssertFailed
                0x080010e4        0x6 CMakeFiles/stm32f429_tinyusb_ui.elf.dir/app/main.c.obj
                0x080010e4                vApplicationAssertFailed
 .text.vApplicationMallocFailedHook
                0x080010ea        0x6 CMakeFiles/stm32f429_tinyusb_ui.elf.dir/app/main.c.obj
                0x080010ea                vApplicationMallocFailedHook
 .text.vApplicationStackOverflowHook
                0x080010f0        0x6 CMakeFiles/stm32f429_tinyusb_ui.elf.dir/app/main.c.obj
                0x080010f0                vApplicationStackOverflowHook
 *fill*         0x080010f6        0x2 
 .text.HAL_InitTick
                0x080010f8       0xb0 CMakeFiles/stm32f429_tinyusb_ui.elf.dir/app/stm32f4xx_hal_timebase_tim.c.obj
                0x080010f8                HAL_InitTick
 .text.HAL_TIM_PeriodElapsedCallback
                0x080011a8       0x18 CMakeFiles/stm32f429_tinyusb_ui.elf.dir/app/stm32f4xx_hal_timebase_tim.c.obj
                0x080011a8                HAL_TIM_PeriodElapsedCallback
 .text.NMI_Handler
                0x080011c0        0x2 CMakeFiles/stm32f429_tinyusb_ui.elf.dir/app/stm32f4xx_it.c.obj
                0x080011c0                NMI_Handler
 .text.HardFault_Handler
                0x080011c2        0x2 CMakeFiles/stm32f429_tinyusb_ui.elf.dir/app/stm32f4xx_it.c.obj
                0x080011c2                HardFault_Handler
 .text.MemManage_Handler
                0x080011c4        0x2 CMakeFiles/stm32f429_tinyusb_ui.elf.dir/app/stm32f4xx_it.c.obj
                0x080011c4                MemManage_Handler
 .text.BusFault_Handler
                0x080011c6        0x2 CMakeFiles/stm32f429_tinyusb_ui.elf.dir/app/stm32f4xx_it.c.obj
                0x080011c6                BusFault_Handler
 .text.UsageFault_Handler
                0x080011c8        0x2 CMakeFiles/stm32f429_tinyusb_ui.elf.dir/app/stm32f4xx_it.c.obj
                0x080011c8                UsageFault_Handler
 .text.DebugMon_Handler
                0x080011ca        0x2 CMakeFiles/stm32f429_tinyusb_ui.elf.dir/app/stm32f4xx_it.c.obj
                0x080011ca                DebugMon_Handler
 .text.TIM1_TRG_COM_TIM11_IRQHandler
                0x080011cc       0x10 CMakeFiles/stm32f429_tinyusb_ui.elf.dir/app/stm32f4xx_it.c.obj
                0x080011cc                TIM1_TRG_COM_TIM11_IRQHandler
 .text.OTG_FS_IRQHandler
                0x080011dc        0xc CMakeFiles/stm32f429_tinyusb_ui.elf.dir/app/stm32f4xx_it.c.obj
                0x080011dc                OTG_FS_IRQHandler
 .text._sbrk    0x080011e8       0x24 CMakeFiles/stm32f429_tinyusb_ui.elf.dir/app/syscalls.c.obj
                0x080011e8                _sbrk
 .text._write   0x0800120c       0x24 CMakeFiles/stm32f429_tinyusb_ui.elf.dir/app/syscalls.c.obj
                0x0800120c                _write
 .text._close   0x08001230        0x6 CMakeFiles/stm32f429_tinyusb_ui.elf.dir/app/syscalls.c.obj
                0x08001230                _close
 .text._read    0x08001236        0x4 CMakeFiles/stm32f429_tinyusb_ui.elf.dir/app/syscalls.c.obj
                0x08001236                _read
 .text._lseek   0x0800123a        0x4 CMakeFiles/stm32f429_tinyusb_ui.elf.dir/app/syscalls.c.obj
                0x0800123a                _lseek
 .text._fstat   0x0800123e        0xa CMakeFiles/stm32f429_tinyusb_ui.elf.dir/app/syscalls.c.obj
                0x0800123e                _fstat
 .text._isatty  0x08001248        0x4 CMakeFiles/stm32f429_tinyusb_ui.elf.dir/app/syscalls.c.obj
                0x08001248                _isatty
 .text.show_screen_for_font
                0x0800124c       0x28 CMakeFiles/stm32f429_tinyusb_ui.elf.dir/app/ui_task.c.obj
 .text.ui_task  0x08001274       0xe8 CMakeFiles/stm32f429_tinyusb_ui.elf.dir/app/ui_task.c.obj
                0x08001274                ui_task
 .text.disk_io_complete
                0x0800135c       0x10 CMakeFiles/stm32f429_tinyusb_ui.elf.dir/app/usb_host_app.c.obj
 .text.wait_for_disk_io
                0x0800136c       0x1c CMakeFiles/stm32f429_tinyusb_ui.elf.dir/app/usb_host_app.c.obj
 .text.seed_demo_files
                0x08001388       0x8c CMakeFiles/stm32f429_tinyusb_ui.elf.dir/app/usb_host_app.c.obj
 .text.dump_chunk
                0x08001414       0x58 CMakeFiles/stm32f429_tinyusb_ui.elf.dir/app/usb_host_app.c.obj
 .text.dump_file
                0x0800146c       0xa4 CMakeFiles/stm32f429_tinyusb_ui.elf.dir/app/usb_host_app.c.obj
 .text.explore_dir
                0x08001510      0x100 CMakeFiles/stm32f429_tinyusb_ui.elf.dir/app/usb_host_app.c.obj
 .text.usb_disk_explore
                0x08001610       0x60 CMakeFiles/stm32f429_tinyusb_ui.elf.dir/app/usb_host_app.c.obj
 .text.fs_lock  0x08001670       0x18 CMakeFiles/stm32f429_tinyusb_ui.elf.dir/app/usb_host_app.c.obj
                0x08001670                fs_lock
 .text.fs_unlock
                0x08001688       0x18 CMakeFiles/stm32f429_tinyusb_ui.elf.dir/app/usb_host_app.c.obj
                0x08001688                fs_unlock
 .text.file_task
                0x080016a0       0x78 CMakeFiles/stm32f429_tinyusb_ui.elf.dir/app/usb_host_app.c.obj
 .text.disk_status
                0x08001718       0x14 CMakeFiles/stm32f429_tinyusb_ui.elf.dir/app/usb_host_app.c.obj
                0x08001718                disk_status
 .text.disk_initialize
                0x0800172c        0x4 CMakeFiles/stm32f429_tinyusb_ui.elf.dir/app/usb_host_app.c.obj
                0x0800172c                disk_initialize
 .text.disk_read
                0x08001730       0x44 CMakeFiles/stm32f429_tinyusb_ui.elf.dir/app/usb_host_app.c.obj
                0x08001730                disk_read
 .text.disk_write
                0x08001774       0x44 CMakeFiles/stm32f429_tinyusb_ui.elf.dir/app/usb_host_app.c.obj
                0x08001774                disk_write
 .text.disk_ioctl
                0x080017b8       0x44 CMakeFiles/stm32f429_tinyusb_ui.elf.dir/app/usb_host_app.c.obj
                0x080017b8                disk_ioctl
 .text.tuh_msc_mount_cb
                0x080017fc       0x2c CMakeFiles/stm32f429_tinyusb_ui.elf.dir/app/usb_host_app.c.obj
                0x080017fc                tuh_msc_mount_cb
 .text.tuh_msc_umount_cb
                0x08001828       0x24 CMakeFiles/stm32f429_tinyusb_ui.elf.dir/app/usb_host_app.c.obj
                0x08001828                tuh_msc_umount_cb
 .text.usbh_app_init
                0x0800184c       0x58 CMakeFiles/stm32f429_tinyusb_ui.elf.dir/app/usb_host_app.c.obj
                0x0800184c                usbh_app_init
 .text.usbh_host_task
                0x080018a4       0x44 CMakeFiles/stm32f429_tinyusb_ui.elf.dir/app/usb_host_app.c.obj
                0x080018a4                usbh_host_task
 .text.i2c_udelay
                0x080018e8       0x20 CMakeFiles/stm32f429_tinyusb_ui.elf.dir/bsp/bsp_i2c.c.obj
 .text.i2c_scl_gpio_out
                0x08001908       0x2c CMakeFiles/stm32f429_tinyusb_ui.elf.dir/bsp/bsp_i2c.c.obj
 .text.i2c_gpio_af_od
                0x08001934       0x34 CMakeFiles/stm32f429_tinyusb_ui.elf.dir/bsp/bsp_i2c.c.obj
 .text.BSP_I2C_Init
                0x08001968       0x98 CMakeFiles/stm32f429_tinyusb_ui.elf.dir/bsp/bsp_i2c.c.obj
                0x08001968                BSP_I2C_Init
 .text.BSP_I2C_Recover
                0x08001a00      0x118 CMakeFiles/stm32f429_tinyusb_ui.elf.dir/bsp/bsp_i2c.c.obj
                0x08001a00                BSP_I2C_Recover
 .text.lcd_delay_us
                0x08001b18       0x1c CMakeFiles/stm32f429_tinyusb_ui.elf.dir/bsp/bsp_lcd.c.obj
 .text.lcd_write_reg
                0x08001b34       0x10 CMakeFiles/stm32f429_tinyusb_ui.elf.dir/bsp/bsp_lcd.c.obj
 .text.lcd_rd_data
                0x08001b44       0x20 CMakeFiles/stm32f429_tinyusb_ui.elf.dir/bsp/bsp_lcd.c.obj
 .text.lcd_write_data
                0x08001b64       0x10 CMakeFiles/stm32f429_tinyusb_ui.elf.dir/bsp/bsp_lcd.c.obj
 .text.lcd_write_reg_data
                0x08001b74       0x14 CMakeFiles/stm32f429_tinyusb_ui.elf.dir/bsp/bsp_lcd.c.obj
 .text.lcd_scan_dir
                0x08001b88      0x10c CMakeFiles/stm32f429_tinyusb_ui.elf.dir/bsp/bsp_lcd.c.obj
 .text.lcd_display_dir
                0x08001c94        0xa CMakeFiles/stm32f429_tinyusb_ui.elf.dir/bsp/bsp_lcd.c.obj
 *fill*         0x08001c9e        0x2 
 .text.lcd_hardware_init
                0x08001ca0      0x130 CMakeFiles/stm32f429_tinyusb_ui.elf.dir/bsp/bsp_lcd.c.obj
 .text.lcd_set_cursor
                0x08001dd0       0x48 CMakeFiles/stm32f429_tinyusb_ui.elf.dir/bsp/bsp_lcd.c.obj
                0x08001dd0                lcd_set_cursor
 .text.lcd_write_ram_prepare
                0x08001e18       0x18 CMakeFiles/stm32f429_tinyusb_ui.elf.dir/bsp/bsp_lcd.c.obj
                0x08001e18                lcd_write_ram_prepare
 .text.lcd_driver_clear
                0x08001e30       0x38 CMakeFiles/stm32f429_tinyusb_ui.elf.dir/bsp/bsp_lcd.c.obj
                0x08001e30                lcd_driver_clear
 .text.lcd_config_init
                0x08001e68      0xfcc CMakeFiles/stm32f429_tinyusb_ui.elf.dir/bsp/bsp_lcd.c.obj
 .text.lcd_driver_init
                0x08002e34       0x54 CMakeFiles/stm32f429_tinyusb_ui.elf.dir/bsp/bsp_lcd.c.obj
                0x08002e34                lcd_driver_init
 .text.lcd_color_fill
                0x08002e88       0xe4 CMakeFiles/stm32f429_tinyusb_ui.elf.dir/bsp/bsp_lcd.c.obj
                0x08002e88                lcd_color_fill
 .text.font_index_from_height
                0x08002f6c       0x2a CMakeFiles/stm32f429_tinyusb_ui.elf.dir/bsp/bsp_lcd_text.c.obj
 .text.font_blank
                0x08002f96       0x16 CMakeFiles/stm32f429_tinyusb_ui.elf.dir/bsp/bsp_lcd_text.c.obj
 .text.font_read_raw
                0x08002fac       0xd0 CMakeFiles/stm32f429_tinyusb_ui.elf.dir/bsp/bsp_lcd_text.c.obj
 .text.lcd_driver_font_init
                0x0800307c       0x90 CMakeFiles/stm32f429_tinyusb_ui.elf.dir/bsp/bsp_lcd_text.c.obj
                0x0800307c                lcd_driver_font_init
 .text.lcd_driver_font_status
                0x0800310c       0x28 CMakeFiles/stm32f429_tinyusb_ui.elf.dir/bsp/bsp_lcd_text.c.obj
                0x0800310c                lcd_driver_font_status
 .text.lcd_driver_get_hzmat_raw
                0x08003134       0x2c CMakeFiles/stm32f429_tinyusb_ui.elf.dir/bsp/bsp_lcd_text.c.obj
                0x08003134                lcd_driver_get_hzmat_raw
 .text.BSP_LED_Init
                0x08003160       0x5c CMakeFiles/stm32f429_tinyusb_ui.elf.dir/bsp/bsp_led.c.obj
                0x08003160                BSP_LED_Init
 .text.BSP_LED_On
                0x080031bc       0x28 CMakeFiles/stm32f429_tinyusb_ui.elf.dir/bsp/bsp_led.c.obj
                0x080031bc                BSP_LED_On
 .text.BSP_LED_Off
                0x080031e4       0x28 CMakeFiles/stm32f429_tinyusb_ui.elf.dir/bsp/bsp_led.c.obj
                0x080031e4                BSP_LED_Off
 .text.BSP_LED_Toggle
                0x0800320c       0x24 CMakeFiles/stm32f429_tinyusb_ui.elf.dir/bsp/bsp_led.c.obj
                0x0800320c                BSP_LED_Toggle
 .text.BSP_PCF8574_Write
                0x08003230       0x24 CMakeFiles/stm32f429_tinyusb_ui.elf.dir/bsp/bsp_pcf8574.c.obj
                0x08003230                BSP_PCF8574_Write
 .text.bsp_delay_us
                0x08003254       0x4c CMakeFiles/stm32f429_tinyusb_ui.elf.dir/bsp/bsp_sdram.c.obj
 .text.sdram_memory_test
                0x080032a0       0x90 CMakeFiles/stm32f429_tinyusb_ui.elf.dir/bsp/bsp_sdram.c.obj
 .text.sdram_hardware_init
                0x08003330      0x160 CMakeFiles/stm32f429_tinyusb_ui.elf.dir/bsp/bsp_sdram.c.obj
 .text.sdram_send_command
                0x08003490       0x40 CMakeFiles/stm32f429_tinyusb_ui.elf.dir/bsp/bsp_sdram.c.obj
 .text.sdram_initialize_sequence
                0x080034d0       0x46 CMakeFiles/stm32f429_tinyusb_ui.elf.dir/bsp/bsp_sdram.c.obj
 *fill*         0x08003516        0x2 
 .text.bsp_sdram_init
                0x08003518       0x38 CMakeFiles/stm32f429_tinyusb_ui.elf.dir/bsp/bsp_sdram.c.obj
                0x08003518                bsp_sdram_init
 .text.BSP_UART_Init
                0x08003550       0xa8 CMakeFiles/stm32f429_tinyusb_ui.elf.dir/bsp/bsp_uart.c.obj
                0x08003550                BSP_UART_Init
 .text.uart_write
                0x080035f8       0xa4 CMakeFiles/stm32f429_tinyusb_ui.elf.dir/bsp/bsp_uart.c.obj
                0x080035f8                uart_write
 .text.BSP_UART_IRQHandler
                0x0800369c       0x68 CMakeFiles/stm32f429_tinyusb_ui.elf.dir/bsp/bsp_uart.c.obj
                0x0800369c                BSP_UART_IRQHandler
 .text.USART3_IRQHandler
                0x08003704        0x8 CMakeFiles/stm32f429_tinyusb_ui.elf.dir/bsp/bsp_uart.c.obj
                0x08003704                USART3_IRQHandler
 .text.USBH_HW_Init
                0x0800370c       0x78 CMakeFiles/stm32f429_tinyusb_ui.elf.dir/bsp/bsp_usb_hw.c.obj
                0x0800370c                USBH_HW_Init
 .text.gbk_get_glyph_dsc
                0x08003784       0x48 CMakeFiles/stm32f429_tinyusb_ui.elf.dir/bsp/lv_font_gbk.c.obj
 .text.conv_row_lsb_to_lvgl
                0x080037cc       0x8a CMakeFiles/stm32f429_tinyusb_ui.elf.dir/bsp/lv_font_gbk.c.obj
 .text.conv_col_msb_to_lvgl
                0x08003856       0x86 CMakeFiles/stm32f429_tinyusb_ui.elf.dir/bsp/lv_font_gbk.c.obj
 .text.cjk_glyph
                0x080038dc       0xdc CMakeFiles/stm32f429_tinyusb_ui.elf.dir/bsp/lv_font_gbk.c.obj
 .text.gbk_get_glyph_bitmap
                0x080039b8       0x3a CMakeFiles/stm32f429_tinyusb_ui.elf.dir/bsp/lv_font_gbk.c.obj
 *fill*         0x080039f2        0x2 
 .text.lv_font_gbk_cache_stats
                0x080039f4       0x1c CMakeFiles/stm32f429_tinyusb_ui.elf.dir/bsp/lv_font_gbk.c.obj
                0x080039f4                lv_font_gbk_cache_stats
 .text.lv_gbk_from_unicode
                0x08003a10       0x6c CMakeFiles/stm32f429_tinyusb_ui.elf.dir/bsp/lv_gbk_map.c.obj
                0x08003a10                lv_gbk_from_unicode
 .text.disp_flush
                0x08003a7c       0x38 CMakeFiles/stm32f429_tinyusb_ui.elf.dir/bsp/lv_port_disp.c.obj
 .text.lv_port_disp_init
                0x08003ab4       0x6c CMakeFiles/stm32f429_tinyusb_ui.elf.dir/bsp/lv_port_disp.c.obj
                0x08003ab4                lv_port_disp_init
 .text.SystemInit
                0x08003b20        0x2 CMakeFiles/stm32f429_tinyusb_ui.elf.dir/Drivers/CMSIS/Device/ST/STM32F4xx/Source/system_stm32f4xx.c.obj
                0x08003b20                SystemInit
 *fill*         0x08003b22        0x2 
 .text.Reset_Handler
                0x08003b24       0x50 CMakeFiles/stm32f429_tinyusb_ui.elf.dir/Drivers/CMSIS/Device/ST/STM32F4xx/Source/GCC/startup_stm32f429xx.s.obj
                0x08003b24                Reset_Handler
 .text.Default_Handler
                0x08003b74        0x2 CMakeFiles/stm32f429_tinyusb_ui.elf.dir/Drivers/CMSIS/Device/ST/STM32F4xx/Source/GCC/startup_stm32f429xx.s.obj
                0x08003b74                RTC_Alarm_IRQHandler
                0x08003b74                HASH_RNG_IRQHandler
                0x08003b74                EXTI2_IRQHandler
                0x08003b74                TIM8_CC_IRQHandler
                0x08003b74                UART8_IRQHandler
                0x08003b74                SPI4_IRQHandler
                0x08003b74                TIM1_CC_IRQHandler
                0x08003b74                DMA2_Stream5_IRQHandler
                0x08003b74                DMA1_Stream5_IRQHandler
                0x08003b74                SysTick_Handler
                0x08003b74                PVD_IRQHandler
                0x08003b74                SDIO_IRQHandler
                0x08003b74                TAMP_STAMP_IRQHandler
                0x08003b74                PendSV_Handler
                0x08003b74                CAN2_RX1_IRQHandler
                0x08003b74                EXTI3_IRQHandler
                0x08003b74                TIM8_TRG_COM_TIM14_IRQHandler
                0x08003b74                TIM1_UP_TIM10_IRQHandler
                0x08003b74                TIM8_UP_TIM13_IRQHandler
                0x08003b74                I2C3_ER_IRQHandler
                0x08003b74                EXTI0_IRQHandler
                0x08003b74                I2C2_EV_IRQHandler
                0x08003b74                DMA1_Stream2_IRQHandler
                0x08003b74                CAN1_RX0_IRQHandler
                0x08003b74                FPU_IRQHandler
                0x08003b74                OTG_HS_WKUP_IRQHandler
                0x08003b74                LTDC_ER_IRQHandler
                0x08003b74                CAN2_SCE_IRQHandler
                0x08003b74                DMA2_Stream2_IRQHandler
                0x08003b74                SPI1_IRQHandler
                0x08003b74                TIM6_DAC_IRQHandler
                0x08003b74                TIM1_BRK_TIM9_IRQHandler
                0x08003b74                DCMI_IRQHandler
                0x08003b74                CAN2_RX0_IRQHandler
                0x08003b74                DMA2_Stream3_IRQHandler
                0x08003b74                USART6_IRQHandler
                0x08003b74                CRYP_IRQHandler
                0x08003b74                CAN1_RX1_IRQHandler
                0x08003b74                UART5_IRQHandler
                0x08003b74                DMA2_Stream0_IRQHandler
                0x08003b74                TIM4_IRQHandler
                0x08003b74                I2C1_EV_IRQHandler
                0x08003b74                DMA1_Stream6_IRQHandler
                0x08003b74                DMA1_Stream1_IRQHandler
                0x08003b74                UART4_IRQHandler
                0x08003b74                TIM3_IRQHandler
                0x08003b74                RCC_IRQHandler
                0x08003b74                TIM8_BRK_TIM12_IRQHandler
                0x08003b74                Default_Handler
                0x08003b74                EXTI15_10_IRQHandler
                0x08003b74                ADC_IRQHandler
                0x08003b74                DMA1_Stream7_IRQHandler
                0x08003b74                SPI5_IRQHandler
                0x08003b74                TIM7_IRQHandler
                0x08003b74                CAN2_TX_IRQHandler
                0x08003b74                TIM5_IRQHandler
                0x08003b74                DMA2_Stream7_IRQHandler
                0x08003b74                I2C3_EV_IRQHandler
                0x08003b74                EXTI9_5_IRQHandler
                0x08003b74                RTC_WKUP_IRQHandler
                0x08003b74                LTDC_IRQHandler
                0x08003b74                ETH_WKUP_IRQHandler
                0x08003b74                SPI2_IRQHandler
                0x08003b74                OTG_HS_EP1_IN_IRQHandler
                0x08003b74                DMA1_Stream0_IRQHandler
                0x08003b74                CAN1_TX_IRQHandler
                0x08003b74                SVC_Handler
                0x08003b74                EXTI4_IRQHandler
                0x08003b74                ETH_IRQHandler
                0x08003b74                OTG_HS_EP1_OUT_IRQHandler
                0x08003b74                WWDG_IRQHandler
                0x08003b74                SPI6_IRQHandler
                0x08003b74                TIM2_IRQHandler
                0x08003b74                OTG_FS_WKUP_IRQHandler
                0x08003b74                OTG_HS_IRQHandler
                0x08003b74                DMA2D_IRQHandler
                0x08003b74                EXTI1_IRQHandler
                0x08003b74                UART7_IRQHandler
                0x08003b74                USART2_IRQHandler
                0x08003b74                I2C2_ER_IRQHandler
                0x08003b74                DMA2_Stream1_IRQHandler
                0x08003b74                CAN1_SCE_IRQHandler
                0x08003b74                FLASH_IRQHandler
                0x08003b74                DMA2_Stream4_IRQHandler
                0x08003b74                USART1_IRQHandler
                0x08003b74                SPI3_IRQHandler
                0x08003b74                DMA1_Stream4_IRQHandler
                0x08003b74                I2C1_ER_IRQHandler
                0x08003b74                FMC_IRQHandler
                0x08003b74                DMA2_Stream6_IRQHandler
                0x08003b74                SAI1_IRQHandler
                0x08003b74                DMA1_Stream3_IRQHandler
 .text.HAL_MspInit
                0x08003b76        0x2 CMakeFiles/stm32f429_tinyusb_ui.elf.dir/Drivers/STM32F4xx_HAL_Driver/Src/stm32f4xx_hal.c.obj
                0x08003b76                HAL_MspInit
 .text.HAL_Init
                0x08003b78       0x34 CMakeFiles/stm32f429_tinyusb_ui.elf.dir/Drivers/STM32F4xx_HAL_Driver/Src/stm32f4xx_hal.c.obj
                0x08003b78                HAL_Init
 .text.HAL_IncTick
                0x08003bac       0x18 CMakeFiles/stm32f429_tinyusb_ui.elf.dir/Drivers/STM32F4xx_HAL_Driver/Src/stm32f4xx_hal.c.obj
                0x08003bac                HAL_IncTick
 .text.HAL_GetTick
                0x08003bc4        0xc CMakeFiles/stm32f429_tinyusb_ui.elf.dir/Drivers/STM32F4xx_HAL_Driver/Src/stm32f4xx_hal.c.obj
                0x08003bc4                HAL_GetTick
 .text.HAL_Delay
                0x08003bd0       0x28 CMakeFiles/stm32f429_tinyusb_ui.elf.dir/Drivers/STM32F4xx_HAL_Driver/Src/stm32f4xx_hal.c.obj
                0x08003bd0                HAL_Delay
 .text.__NVIC_EnableIRQ
                0x08003bf8       0x1c CMakeFiles/stm32f429_tinyusb_ui.elf.dir/Drivers/STM32F4xx_HAL_Driver/Src/stm32f4xx_hal_cortex.c.obj
 .text.__NVIC_SetPriority
                0x08003c14       0x28 CMakeFiles/stm32f429_tinyusb_ui.elf.dir/Drivers/STM32F4xx_HAL_Driver/Src/stm32f4xx_hal_cortex.c.obj
 .text.NVIC_EncodePriority
                0x08003c3c       0x46 CMakeFiles/stm32f429_tinyusb_ui.elf.dir/Drivers/STM32F4xx_HAL_Driver/Src/stm32f4xx_hal_cortex.c.obj
 *fill*         0x08003c82        0x2 
 .text.HAL_NVIC_SetPriorityGrouping
                0x08003c84       0x24 CMakeFiles/stm32f429_tinyusb_ui.elf.dir/Drivers/STM32F4xx_HAL_Driver/Src/stm32f4xx_hal_cortex.c.obj
                0x08003c84                HAL_NVIC_SetPriorityGrouping
 .text.HAL_NVIC_SetPriority
                0x08003ca8       0x20 CMakeFiles/stm32f429_tinyusb_ui.elf.dir/Drivers/STM32F4xx_HAL_Driver/Src/stm32f4xx_hal_cortex.c.obj
                0x08003ca8                HAL_NVIC_SetPriority
 .text.HAL_NVIC_EnableIRQ
                0x08003cc8        0x8 CMakeFiles/stm32f429_tinyusb_ui.elf.dir/Drivers/STM32F4xx_HAL_Driver/Src/stm32f4xx_hal_cortex.c.obj
                0x08003cc8                HAL_NVIC_EnableIRQ
 .text.HAL_RCC_OscConfig
                0x08003cd0      0x3fc CMakeFiles/stm32f429_tinyusb_ui.elf.dir/Drivers/STM32F4xx_HAL_Driver/Src/stm32f4xx_hal_rcc.c.obj
                0x08003cd0                HAL_RCC_OscConfig
 .text.HAL_RCC_GetSysClockFreq
                0x080040cc       0xa8 CMakeFiles/stm32f429_tinyusb_ui.elf.dir/Drivers/STM32F4xx_HAL_Driver/Src/stm32f4xx_hal_rcc.c.obj
                0x080040cc                HAL_RCC_GetSysClockFreq
 .text.HAL_RCC_ClockConfig
                0x08004174      0x160 CMakeFiles/stm32f429_tinyusb_ui.elf.dir/Drivers/STM32F4xx_HAL_Driver/Src/stm32f4xx_hal_rcc.c.obj
                0x08004174                HAL_RCC_ClockConfig
 .text.HAL_RCC_GetHCLKFreq
                0x080042d4        0xc CMakeFiles/stm32f429_tinyusb_ui.elf.dir/Drivers/STM32F4xx_HAL_Driver/Src/stm32f4xx_hal_rcc.c.obj
                0x080042d4                HAL_RCC_GetHCLKFreq
 .text.HAL_RCC_GetPCLK1Freq
                0x080042e0       0x20 CMakeFiles/stm32f429_tinyusb_ui.elf.dir/Drivers/STM32F4xx_HAL_Driver/Src/stm32f4xx_hal_rcc.c.obj
                0x080042e0                HAL_RCC_GetPCLK1Freq
 .text.HAL_RCC_GetPCLK2Freq
                0x08004300       0x20 CMakeFiles/stm32f429_tinyusb_ui.elf.dir/Drivers/STM32F4xx_HAL_Driver/Src/stm32f4xx_hal_rcc.c.obj
                0x08004300                HAL_RCC_GetPCLK2Freq
 .text.HAL_RCC_GetClockConfig
                0x08004320       0x3c CMakeFiles/stm32f429_tinyusb_ui.elf.dir/Drivers/STM32F4xx_HAL_Driver/Src/stm32f4xx_hal_rcc.c.obj
                0x08004320                HAL_RCC_GetClockConfig
 .text.HAL_GPIO_Init
                0x0800435c      0x220 CMakeFiles/stm32f429_tinyusb_ui.elf.dir/Drivers/STM32F4xx_HAL_Driver/Src/stm32f4xx_hal_gpio.c.obj
                0x0800435c                HAL_GPIO_Init
 .text.HAL_GPIO_WritePin
                0x0800457c        0xc CMakeFiles/stm32f429_tinyusb_ui.elf.dir/Drivers/STM32F4xx_HAL_Driver/Src/stm32f4xx_hal_gpio.c.obj
                0x0800457c                HAL_GPIO_WritePin
 .text.HAL_GPIO_TogglePin
                0x08004588       0x12 CMakeFiles/stm32f429_tinyusb_ui.elf.dir/Drivers/STM32F4xx_HAL_Driver/Src/stm32f4xx_hal_gpio.c.obj
                0x08004588                HAL_GPIO_TogglePin
 *fill*         0x0800459a        0x2 
 .text.UART_SetConfig
                0x0800459c      0x110 CMakeFiles/stm32f429_tinyusb_ui.elf.dir/Drivers/STM32F4xx_HAL_Driver/Src/stm32f4xx_hal_uart.c.obj
 .text.UART_WaitOnFlagUntilTimeout
                0x080046ac       0x80 CMakeFiles/stm32f429_tinyusb_ui.elf.dir/Drivers/STM32F4xx_HAL_Driver/Src/stm32f4xx_hal_uart.c.obj
 .text.HAL_UART_MspInit
                0x0800472c        0x2 CMakeFiles/stm32f429_tinyusb_ui.elf.dir/Drivers/STM32F4xx_HAL_Driver/Src/stm32f4xx_hal_uart.c.obj
                0x0800472c                HAL_UART_MspInit
 .text.HAL_UART_Init
                0x0800472e       0x5e CMakeFiles/stm32f429_tinyusb_ui.elf.dir/Drivers/STM32F4xx_HAL_Driver/Src/stm32f4xx_hal_uart.c.obj
                0x0800472e                HAL_UART_Init
 .text.HAL_UART_Transmit
                0x0800478c       0xd8 CMakeFiles/stm32f429_tinyusb_ui.elf.dir/Drivers/STM32F4xx_HAL_Driver/Src/stm32f4xx_hal_uart.c.obj
                0x0800478c                HAL_UART_Transmit
 .text.I2C_IsAcknowledgeFailed
                0x08004864       0x32 CMakeFiles/stm32f429_tinyusb_ui.elf.dir/Drivers/STM32F4xx_HAL_Driver/Src/stm32f4xx_hal_i2c.c.obj
 .text.I2C_WaitOnFlagUntilTimeout
                0x08004896       0x78 CMakeFiles/stm32f429_tinyusb_ui.elf.dir/Drivers/STM32F4xx_HAL_Driver/Src/stm32f4xx_hal_i2c.c.obj
 .text.I2C_WaitOnMasterAddressFlagUntilTimeout
                0x0800490e       0xa4 CMakeFiles/stm32f429_tinyusb_ui.elf.dir/Drivers/STM32F4xx_HAL_Driver/Src/stm32f4xx_hal_i2c.c.obj
 *fill*         0x080049b2        0x2 
 .text.I2C_MasterRequestWrite
                0x080049b4       0xb4 CMakeFiles/stm32f429_tinyusb_ui.elf.dir/Drivers/STM32F4xx_HAL_Driver/Src/stm32f4xx_hal_i2c.c.obj
 .text.I2C_WaitOnTXEFlagUntilTimeout
                0x08004a68       0x54 CMakeFiles/stm32f429_tinyusb_ui.elf.dir/Drivers/STM32F4xx_HAL_Driver/Src/stm32f4xx_hal_i2c.c.obj
 .text.I2C_WaitOnBTFFlagUntilTimeout
                0x08004abc       0x54 CMakeFiles/stm32f429_tinyusb_ui.elf.dir/Drivers/STM32F4xx_HAL_Driver/Src/stm32f4xx_hal_i2c.c.obj
 .text.HAL_I2C_MspInit
                0x08004b10        0x2 CMakeFiles/stm32f429_tinyusb_ui.elf.dir/Drivers/STM32F4xx_HAL_Driver/Src/stm32f4xx_hal_i2c.c.obj
                0x08004b10                HAL_I2C_MspInit
 *fill*         0x08004b12        0x2 
 .text.HAL_I2C_Init
                0x08004b14      0x1d8 CMakeFiles/stm32f429_tinyusb_ui.elf.dir/Drivers/STM32F4xx_HAL_Driver/Src/stm32f4xx_hal_i2c.c.obj
                0x08004b14                HAL_I2C_Init
 .text.HAL_I2C_MspDeInit
                0x08004cec        0x2 CMakeFiles/stm32f429_tinyusb_ui.elf.dir/Drivers/STM32F4xx_HAL_Driver/Src/stm32f4xx_hal_i2c.c.obj
                0x08004cec                HAL_I2C_MspDeInit
 .text.HAL_I2C_DeInit
                0x08004cee       0x32 CMakeFiles/stm32f429_tinyusb_ui.elf.dir/Drivers/STM32F4xx_HAL_Driver/Src/stm32f4xx_hal_i2c.c.obj
                0x08004cee                HAL_I2C_DeInit
 .text.HAL_I2C_Master_Transmit
                0x08004d20      0x180 CMakeFiles/stm32f429_tinyusb_ui.elf.dir/Drivers/STM32F4xx_HAL_Driver/Src/stm32f4xx_hal_i2c.c.obj
                0x08004d20                HAL_I2C_Master_Transmit
 .text.HAL_TIM_Base_MspInit
                0x08004ea0        0x2 CMakeFiles/stm32f429_tinyusb_ui.elf.dir/Drivers/STM32F4xx_HAL_Driver/Src/stm32f4xx_hal_tim.c.obj
                0x08004ea0                HAL_TIM_Base_MspInit
 *fill*         0x08004ea2        0x2 
 .text.HAL_TIM_Base_Start_IT
                0x08004ea4       0x84 CMakeFiles/stm32f429_tinyusb_ui.elf.dir/Drivers/STM32F4xx_HAL_Driver/Src/stm32f4xx_hal_tim.c.obj
                0x08004ea4                HAL_TIM_Base_Start_IT
 .text.HAL_TIM_Base_Stop_IT
                0x08004f28       0x32 CMakeFiles/stm32f429_tinyusb_ui.elf.dir/Drivers/STM32F4xx_HAL_Driver/Src/stm32f4xx_hal_tim.c.obj
                0x08004f28                HAL_TIM_Base_Stop_IT
 .text.HAL_TIM_OC_DelayElapsedCallback
                0x08004f5a        0x2 CMakeFiles/stm32f429_tinyusb_ui.elf.dir/Drivers/STM32F4xx_HAL_Driver/Src/stm32f4xx_hal_tim.c.obj
                0x08004f5a                HAL_TIM_OC_DelayElapsedCallback
 .text.HAL_TIM_IC_CaptureCallback
                0x08004f5c        0x2 CMakeFiles/stm32f429_tinyusb_ui.elf.dir/Drivers/STM32F4xx_HAL_Driver/Src/stm32f4xx_hal_tim.c.obj
                0x08004f5c                HAL_TIM_IC_CaptureCallback
 .text.HAL_TIM_PWM_PulseFinishedCallback
                0x08004f5e        0x2 CMakeFiles/stm32f429_tinyusb_ui.elf.dir/Drivers/STM32F4xx_HAL_Driver/Src/stm32f4xx_hal_tim.c.obj
                0x08004f5e                HAL_TIM_PWM_PulseFinishedCallback
 .text.HAL_TIM_TriggerCallback
                0x08004f60        0x2 CMakeFiles/stm32f429_tinyusb_ui.elf.dir/Drivers/STM32F4xx_HAL_Driver/Src/stm32f4xx_hal_tim.c.obj
                0x08004f60                HAL_TIM_TriggerCallback
 .text.HAL_TIM_IRQHandler
                0x08004f62      0x17a CMakeFiles/stm32f429_tinyusb_ui.elf.dir/Drivers/STM32F4xx_HAL_Driver/Src/stm32f4xx_hal_tim.c.obj
                0x08004f62                HAL_TIM_IRQHandler
 .text.TIM_Base_SetConfig
                0x080050dc       0xc8 CMakeFiles/stm32f429_tinyusb_ui.elf.dir/Drivers/STM32F4xx_HAL_Driver/Src/stm32f4xx_hal_tim.c.obj
                0x080050dc                TIM_Base_SetConfig
 .text.HAL_TIM_Base_Init
                0x080051a4       0x58 CMakeFiles/stm32f429_tinyusb_ui.elf.dir/Drivers/STM32F4xx_HAL_Driver/Src/stm32f4xx_hal_tim.c.obj
                0x080051a4                HAL_TIM_Base_Init
 .text.HAL_TIMEx_CommutCallback
                0x080051fc        0x2 CMakeFiles/stm32f429_tinyusb_ui.elf.dir/Drivers/STM32F4xx_HAL_Driver/Src/stm32f4xx_hal_tim_ex.c.obj
                0x080051fc                HAL_TIMEx_CommutCallback
 .text.HAL_TIMEx_BreakCallback
                0x080051fe        0x2 CMakeFiles/stm32f429_tinyusb_ui.elf.dir/Drivers/STM32F4xx_HAL_Driver/Src/stm32f4xx_hal_tim_ex.c.obj
                0x080051fe                HAL_TIMEx_BreakCallback
 .text.HAL_SDRAM_MspInit
                0x08005200        0x2 CMakeFiles/stm32f429_tinyusb_ui.elf.dir/Drivers/STM32F4xx_HAL_Driver/Src/stm32f4xx_hal_sdram.c.obj
                0x08005200                HAL_SDRAM_MspInit
 .text.HAL_SDRAM_Init
                0x08005202       0x40 CMakeFiles/stm32f429_tinyusb_ui.elf.dir/Drivers/STM32F4xx_HAL_Driver/Src/stm32f4xx_hal_sdram.c.obj
                0x08005202                HAL_SDRAM_Init
 .text.HAL_SDRAM_SendCommand
                0x08005242       0x42 CMakeFiles/stm32f429_tinyusb_ui.elf.dir/Drivers/STM32F4xx_HAL_Driver/Src/stm32f4xx_hal_sdram.c.obj
                0x08005242                HAL_SDRAM_SendCommand
 .text.HAL_SDRAM_ProgramRefreshRate
                0x08005284       0x30 CMakeFiles/stm32f429_tinyusb_ui.elf.dir/Drivers/STM32F4xx_HAL_Driver/Src/stm32f4xx_hal_sdram.c.obj
                0x08005284                HAL_SDRAM_ProgramRefreshRate
 .text.HAL_SRAM_MspInit
                0x080052b4        0x2 CMakeFiles/stm32f429_tinyusb_ui.elf.dir/Drivers/STM32F4xx_HAL_Driver/Src/stm32f4xx_hal_sram.c.obj
                0x080052b4                HAL_SRAM_MspInit
 .text.HAL_SRAM_Init
                0x080052b6       0x58 CMakeFiles/stm32f429_tinyusb_ui.elf.dir/Drivers/STM32F4xx_HAL_Driver/Src/stm32f4xx_hal_sram.c.obj
                0x080052b6                HAL_SRAM_Init
 *fill*         0x0800530e        0x2 
 .text.FMC_NORSRAM_Init
                0x08005310       0x90 CMakeFiles/stm32f429_tinyusb_ui.elf.dir/Drivers/STM32F4xx_HAL_Driver/Src/stm32f4xx_ll_fmc.c.obj
                0x08005310                FMC_NORSRAM_Init
 .text.FMC_NORSRAM_Timing_Init
                0x080053a0       0x64 CMakeFiles/stm32f429_tinyusb_ui.elf.dir/Drivers/STM32F4xx_HAL_Driver/Src/stm32f4xx_ll_fmc.c.obj
                0x080053a0                FMC_NORSRAM_Timing_Init
 .text.FMC_NORSRAM_Extended_Timing_Init
                0x08005404       0x48 CMakeFiles/stm32f429_tinyusb_ui.elf.dir/Drivers/STM32F4xx_HAL_Driver/Src/stm32f4xx_ll_fmc.c.obj
                0x08005404                FMC_NORSRAM_Extended_Timing_Init
 .text.FMC_SDRAM_Init
                0x0800544c       0x6e CMakeFiles/stm32f429_tinyusb_ui.elf.dir/Drivers/STM32F4xx_HAL_Driver/Src/stm32f4xx_ll_fmc.c.obj
                0x0800544c                FMC_SDRAM_Init
 .text.FMC_SDRAM_Timing_Init
                0x080054ba       0xb2 CMakeFiles/stm32f429_tinyusb_ui.elf.dir/Drivers/STM32F4xx_HAL_Driver/Src/stm32f4xx_ll_fmc.c.obj
                0x080054ba                FMC_SDRAM_Timing_Init
 .text.FMC_SDRAM_SendCommand
                0x0800556c       0x4c CMakeFiles/stm32f429_tinyusb_ui.elf.dir/Drivers/STM32F4xx_HAL_Driver/Src/stm32f4xx_ll_fmc.c.obj
                0x0800556c                FMC_SDRAM_SendCommand
 .text.FMC_SDRAM_ProgramRefreshRate
                0x080055b8       0x10 CMakeFiles/stm32f429_tinyusb_ui.elf.dir/Drivers/STM32F4xx_HAL_Driver/Src/stm32f4xx_ll_fmc.c.obj
                0x080055b8                FMC_SDRAM_ProgramRefreshRate
 .text.prvResetNextTaskUnblockTime
                0x080055c8       0x28 CMakeFiles/stm32f429_tinyusb_ui.elf.dir/third_party/FreeRTOS-Kernel/tasks.c.obj
 .text.prvDeleteTCB
                0x080055f0       0x12 CMakeFiles/stm32f429_tinyusb_ui.elf.dir/third_party/FreeRTOS-Kernel/tasks.c.obj
 *fill*         0x08005602        0x2 
 .text.prvInitialiseNewTask
                0x08005604       0x98 CMakeFiles/stm32f429_tinyusb_ui.elf.dir/third_party/FreeRTOS-Kernel/tasks.c.obj
 .text.prvCreateTask
                0x0800569c       0x5a CMakeFiles/stm32f429_tinyusb_ui.elf.dir/third_party/FreeRTOS-Kernel/tasks.c.obj
 *fill*         0x080056f6        0x2 
 .text.prvInitialiseTaskLists
                0x080056f8       0x68 CMakeFiles/stm32f429_tinyusb_ui.elf.dir/third_party/FreeRTOS-Kernel/tasks.c.obj
 .text.prvAddNewTaskToReadyList
                0x08005760       0xcc CMakeFiles/stm32f429_tinyusb_ui.elf.dir/third_party/FreeRTOS-Kernel/tasks.c.obj
 .text.prvCheckTasksWaitingTermination
                0x0800582c       0x4c CMakeFiles/stm32f429_tinyusb_ui.elf.dir/third_party/FreeRTOS-Kernel/tasks.c.obj
 .text.prvIdleTask
                0x08005878       0x28 CMakeFiles/stm32f429_tinyusb_ui.elf.dir/third_party/FreeRTOS-Kernel/tasks.c.obj
 .text.prvAddCurrentTaskToDelayedList
                0x080058a0       0xc0 CMakeFiles/stm32f429_tinyusb_ui.elf.dir/third_party/FreeRTOS-Kernel/tasks.c.obj
 .text.xTaskCreate
                0x08005960       0x2a CMakeFiles/stm32f429_tinyusb_ui.elf.dir/third_party/FreeRTOS-Kernel/tasks.c.obj
                0x08005960                xTaskCreate
 *fill*         0x0800598a        0x2 
 .text.prvCreateIdleTasks
                0x0800598c       0x54 CMakeFiles/stm32f429_tinyusb_ui.elf.dir/third_party/FreeRTOS-Kernel/tasks.c.obj
 .text.vTaskStartScheduler
                0x080059e0       0x68 CMakeFiles/stm32f429_tinyusb_ui.elf.dir/third_party/FreeRTOS-Kernel/tasks.c.obj
                0x080059e0                vTaskStartScheduler
 .text.vTaskSuspendAll
                0x08005a48       0x10 CMakeFiles/stm32f429_tinyusb_ui.elf.dir/third_party/FreeRTOS-Kernel/tasks.c.obj
                0x08005a48                vTaskSuspendAll
 .text.xTaskGetTickCount
                0x08005a58        0xc CMakeFiles/stm32f429_tinyusb_ui.elf.dir/third_party/FreeRTOS-Kernel/tasks.c.obj
                0x08005a58                xTaskGetTickCount
 .text.uxTaskGetNumberOfTasks
                0x08005a64        0xc CMakeFiles/stm32f429_tinyusb_ui.elf.dir/third_party/FreeRTOS-Kernel/tasks.c.obj
                0x08005a64                uxTaskGetNumberOfTasks
 .text.xTaskIncrementTick
                0x08005a70      0x178 CMakeFiles/stm32f429_tinyusb_ui.elf.dir/third_party/FreeRTOS-Kernel/tasks.c.obj
                0x08005a70                xTaskIncrementTick
 .text.xTaskResumeAll
                0x08005be8      0x15c CMakeFiles/stm32f429_tinyusb_ui.elf.dir/third_party/FreeRTOS-Kernel/tasks.c.obj
                0x08005be8                xTaskResumeAll
 .text.vTaskDelay
                0x08005d44       0x50 CMakeFiles/stm32f429_tinyusb_ui.elf.dir/third_party/FreeRTOS-Kernel/tasks.c.obj
                0x08005d44                vTaskDelay
 .text.vTaskSwitchContext
                0x08005d94       0xcc CMakeFiles/stm32f429_tinyusb_ui.elf.dir/third_party/FreeRTOS-Kernel/tasks.c.obj
                0x08005d94                vTaskSwitchContext
 .text.vTaskPlaceOnEventList
                0x08005e60       0x34 CMakeFiles/stm32f429_tinyusb_ui.elf.dir/third_party/FreeRTOS-Kernel/tasks.c.obj
                0x08005e60                vTaskPlaceOnEventList
 .text.vTaskPlaceOnEventListRestricted
                0x08005e94       0x54 CMakeFiles/stm32f429_tinyusb_ui.elf.dir/third_party/FreeRTOS-Kernel/tasks.c.obj
                0x08005e94                vTaskPlaceOnEventListRestricted
 .text.xTaskRemoveFromEventList
                0x08005ee8       0xf8 CMakeFiles/stm32f429_tinyusb_ui.elf.dir/third_party/FreeRTOS-Kernel/tasks.c.obj
                0x08005ee8                xTaskRemoveFromEventList
 .text.vTaskInternalSetTimeOutState
                0x08005fe0       0x18 CMakeFiles/stm32f429_tinyusb_ui.elf.dir/third_party/FreeRTOS-Kernel/tasks.c.obj
                0x08005fe0                vTaskInternalSetTimeOutState
 .text.xTaskCheckForTimeOut
                0x08005ff8       0x84 CMakeFiles/stm32f429_tinyusb_ui.elf.dir/third_party/FreeRTOS-Kernel/tasks.c.obj
                0x08005ff8                xTaskCheckForTimeOut
 .text.vTaskMissedYield
                0x0800607c        0xc CMakeFiles/stm32f429_tinyusb_ui.elf.dir/third_party/FreeRTOS-Kernel/tasks.c.obj
                0x0800607c                vTaskMissedYield
 .text.xTaskGetCurrentTaskHandle
                0x08006088        0xc CMakeFiles/stm32f429_tinyusb_ui.elf.dir/third_party/FreeRTOS-Kernel/tasks.c.obj
                0x08006088                xTaskGetCurrentTaskHandle
 .text.xTaskGetSchedulerState
                0x08006094       0x20 CMakeFiles/stm32f429_tinyusb_ui.elf.dir/third_party/FreeRTOS-Kernel/tasks.c.obj
                0x08006094                xTaskGetSchedulerState
 .text.xTaskPriorityInherit
                0x080060b4       0xd0 CMakeFiles/stm32f429_tinyusb_ui.elf.dir/third_party/FreeRTOS-Kernel/tasks.c.obj
                0x080060b4                xTaskPriorityInherit
 .text.xTaskPriorityDisinherit
                0x08006184       0xc0 CMakeFiles/stm32f429_tinyusb_ui.elf.dir/third_party/FreeRTOS-Kernel/tasks.c.obj
                0x08006184                xTaskPriorityDisinherit
 .text.vTaskPriorityDisinheritAfterTimeout
                0x08006244       0xd0 CMakeFiles/stm32f429_tinyusb_ui.elf.dir/third_party/FreeRTOS-Kernel/tasks.c.obj
                0x08006244                vTaskPriorityDisinheritAfterTimeout
 .text.pvTaskIncrementMutexHeldCount
                0x08006314       0x14 CMakeFiles/stm32f429_tinyusb_ui.elf.dir/third_party/FreeRTOS-Kernel/tasks.c.obj
                0x08006314                pvTaskIncrementMutexHeldCount
 .text.prvGetDisinheritPriorityAfterTimeout
                0x08006328       0x10 CMakeFiles/stm32f429_tinyusb_ui.elf.dir/third_party/FreeRTOS-Kernel/queue.c.obj
 .text.prvIsQueueFull
                0x08006338       0x1e CMakeFiles/stm32f429_tinyusb_ui.elf.dir/third_party/FreeRTOS-Kernel/queue.c.obj
 .text.prvIsQueueEmpty
                0x08006356       0x1e CMakeFiles/stm32f429_tinyusb_ui.elf.dir/third_party/FreeRTOS-Kernel/queue.c.obj
 .text.prvCopyDataToQueue
                0x08006374       0x76 CMakeFiles/stm32f429_tinyusb_ui.elf.dir/third_party/FreeRTOS-Kernel/queue.c.obj
 .text.prvCopyDataFromQueue
                0x080063ea       0x24 CMakeFiles/stm32f429_tinyusb_ui.elf.dir/third_party/FreeRTOS-Kernel/queue.c.obj
 .text.prvUnlockQueue
                0x0800640e       0x6e CMakeFiles/stm32f429_tinyusb_ui.elf.dir/third_party/FreeRTOS-Kernel/queue.c.obj
 .text.xQueueGenericReset
                0x0800647c       0xa8 CMakeFiles/stm32f429_tinyusb_ui.elf.dir/third_party/FreeRTOS-Kernel/queue.c.obj
                0x0800647c                xQueueGenericReset
 .text.prvInitialiseNewQueue
                0x08006524       0x22 CMakeFiles/stm32f429_tinyusb_ui.elf.dir/third_party/FreeRTOS-Kernel/queue.c.obj
 *fill*         0x08006546        0x2 
 .text.xQueueGenericCreate
                0x08006548       0x58 CMakeFiles/stm32f429_tinyusb_ui.elf.dir/third_party/FreeRTOS-Kernel/queue.c.obj
                0x08006548                xQueueGenericCreate
 .text.xQueueGenericSend
                0x080065a0      0x170 CMakeFiles/stm32f429_tinyusb_ui.elf.dir/third_party/FreeRTOS-Kernel/queue.c.obj
                0x080065a0                xQueueGenericSend
 .text.prvInitialiseMutex
                0x08006710       0x18 CMakeFiles/stm32f429_tinyusb_ui.elf.dir/third_party/FreeRTOS-Kernel/queue.c.obj
 .text.xQueueCreateMutex
                0x08006728       0x16 CMakeFiles/stm32f429_tinyusb_ui.elf.dir/third_party/FreeRTOS-Kernel/queue.c.obj
                0x08006728                xQueueCreateMutex
 *fill*         0x0800673e        0x2 
 .text.xQueueGenericSendFromISR
                0x08006740       0xe0 CMakeFiles/stm32f429_tinyusb_ui.elf.dir/third_party/FreeRTOS-Kernel/queue.c.obj
                0x08006740                xQueueGenericSendFromISR
 .text.xQueueReceive
                0x08006820      0x14c CMakeFiles/stm32f429_tinyusb_ui.elf.dir/third_party/FreeRTOS-Kernel/queue.c.obj
                0x08006820                xQueueReceive
 .text.xQueueSemaphoreTake
                0x0800696c      0x180 CMakeFiles/stm32f429_tinyusb_ui.elf.dir/third_party/FreeRTOS-Kernel/queue.c.obj
                0x0800696c                xQueueSemaphoreTake
 .text.vQueueAddToRegistry
                0x08006aec       0x5c CMakeFiles/stm32f429_tinyusb_ui.elf.dir/third_party/FreeRTOS-Kernel/queue.c.obj
                0x08006aec                vQueueAddToRegistry
 .text.vQueueWaitForMessageRestricted
                0x08006b48       0x52 CMakeFiles/stm32f429_tinyusb_ui.elf.dir/third_party/FreeRTOS-Kernel/queue.c.obj
                0x08006b48                vQueueWaitForMessageRestricted
 .text.vListInitialise
                0x08006b9a       0x16 CMakeFiles/stm32f429_tinyusb_ui.elf.dir/third_party/FreeRTOS-Kernel/list.c.obj
                0x08006b9a                vListInitialise
 .text.vListInitialiseItem
                0x08006bb0        0x6 CMakeFiles/stm32f429_tinyusb_ui.elf.dir/third_party/FreeRTOS-Kernel/list.c.obj
                0x08006bb0                vListInitialiseItem
 .text.vListInsert
                0x08006bb6       0x38 CMakeFiles/stm32f429_tinyusb_ui.elf.dir/third_party/FreeRTOS-Kernel/list.c.obj
                0x08006bb6                vListInsert
 .text.uxListRemove
                0x08006bee       0x24 CMakeFiles/stm32f429_tinyusb_ui.elf.dir/third_party/FreeRTOS-Kernel/list.c.obj
                0x08006bee                uxListRemove
 *fill*         0x08006c12        0x2 
 .text.prvGetNextExpireTime
                0x08006c14       0x20 CMakeFiles/stm32f429_tinyusb_ui.elf.dir/third_party/FreeRTOS-Kernel/timers.c.obj
 .text.prvInsertTimerInActiveList
                0x08006c34       0x48 CMakeFiles/stm32f429_tinyusb_ui.elf.dir/third_party/FreeRTOS-Kernel/timers.c.obj
 .text.prvReloadTimer
                0x08006c7c       0x28 CMakeFiles/stm32f429_tinyusb_ui.elf.dir/third_party/FreeRTOS-Kernel/timers.c.obj
 .text.prvProcessExpiredTimer
                0x08006ca4       0x40 CMakeFiles/stm32f429_tinyusb_ui.elf.dir/third_party/FreeRTOS-Kernel/timers.c.obj
 .text.prvSwitchTimerLists
                0x08006ce4       0x30 CMakeFiles/stm32f429_tinyusb_ui.elf.dir/third_party/FreeRTOS-Kernel/timers.c.obj
 .text.prvSampleTimeNow
                0x08006d14       0x2c CMakeFiles/stm32f429_tinyusb_ui.elf.dir/third_party/FreeRTOS-Kernel/timers.c.obj
 .text.prvProcessTimerOrBlockTask
                0x08006d40       0x78 CMakeFiles/stm32f429_tinyusb_ui.elf.dir/third_party/FreeRTOS-Kernel/timers.c.obj
 .text.prvProcessReceivedCommands
                0x08006db8      0x110 CMakeFiles/stm32f429_tinyusb_ui.elf.dir/third_party/FreeRTOS-Kernel/timers.c.obj
 .text.prvTimerTask
                0x08006ec8       0x16 CMakeFiles/stm32f429_tinyusb_ui.elf.dir/third_party/FreeRTOS-Kernel/timers.c.obj
 *fill*         0x08006ede        0x2 
 .text.prvCheckForValidListAndQueue
                0x08006ee0       0x5c CMakeFiles/stm32f429_tinyusb_ui.elf.dir/third_party/FreeRTOS-Kernel/timers.c.obj
 .text.xTimerCreateTimerTask
                0x08006f3c       0x50 CMakeFiles/stm32f429_tinyusb_ui.elf.dir/third_party/FreeRTOS-Kernel/timers.c.obj
                0x08006f3c                xTimerCreateTimerTask
 *fill*         0x08006f8c        0x4 
 .text.vPortSVCHandler
                0x08006f90       0x24 CMakeFiles/stm32f429_tinyusb_ui.elf.dir/third_party/FreeRTOS-Kernel/portable/GCC/ARM_CM4F/port.c.obj
                0x08006f90                vPortSVCHandler
 .text.prvPortStartFirstTask
                0x08006fb4       0x28 CMakeFiles/stm32f429_tinyusb_ui.elf.dir/third_party/FreeRTOS-Kernel/portable/GCC/ARM_CM4F/port.c.obj
 *fill*         0x08006fdc        0x4 
 .text.xPortPendSVHandler
                0x08006fe0       0x64 CMakeFiles/stm32f429_tinyusb_ui.elf.dir/third_party/FreeRTOS-Kernel/portable/GCC/ARM_CM4F/port.c.obj
                0x08006fe0                xPortPendSVHandler
 .text.vPortEnableVFP
                0x08007044       0x14 CMakeFiles/stm32f429_tinyusb_ui.elf.dir/third_party/FreeRTOS-Kernel/portable/GCC/ARM_CM4F/port.c.obj
 .text.prvTaskExitError
                0x08007058       0x40 CMakeFiles/stm32f429_tinyusb_ui.elf.dir/third_party/FreeRTOS-Kernel/portable/GCC/ARM_CM4F/port.c.obj
 .text.pxPortInitialiseStack
                0x08007098       0x2c CMakeFiles/stm32f429_tinyusb_ui.elf.dir/third_party/FreeRTOS-Kernel/portable/GCC/ARM_CM4F/port.c.obj
                0x08007098                pxPortInitialiseStack
 .text.vPortEnterCritical
                0x080070c4       0x44 CMakeFiles/stm32f429_tinyusb_ui.elf.dir/third_party/FreeRTOS-Kernel/portable/GCC/ARM_CM4F/port.c.obj
                0x080070c4                vPortEnterCritical
 .text.vPortExitCritical
                0x08007108       0x2c CMakeFiles/stm32f429_tinyusb_ui.elf.dir/third_party/FreeRTOS-Kernel/portable/GCC/ARM_CM4F/port.c.obj
                0x08007108                vPortExitCritical
 .text.xPortSysTickHandler
                0x08007134       0x2c CMakeFiles/stm32f429_tinyusb_ui.elf.dir/third_party/FreeRTOS-Kernel/portable/GCC/ARM_CM4F/port.c.obj
                0x08007134                xPortSysTickHandler
 .text.vPortSetupTimerInterrupt
                0x08007160       0x28 CMakeFiles/stm32f429_tinyusb_ui.elf.dir/third_party/FreeRTOS-Kernel/portable/GCC/ARM_CM4F/port.c.obj
                0x08007160                vPortSetupTimerInterrupt
 .text.xPortStartScheduler
                0x08007188      0x16c CMakeFiles/stm32f429_tinyusb_ui.elf.dir/third_party/FreeRTOS-Kernel/portable/GCC/ARM_CM4F/port.c.obj
                0x08007188                xPortStartScheduler
 .text.vPortValidateInterruptPriority
                0x080072f4       0x54 CMakeFiles/stm32f429_tinyusb_ui.elf.dir/third_party/FreeRTOS-Kernel/portable/GCC/ARM_CM4F/port.c.obj
                0x080072f4                vPortValidateInterruptPriority
 .text.prvInsertBlockIntoFreeList
                0x08007348       0x5c CMakeFiles/stm32f429_tinyusb_ui.elf.dir/third_party/FreeRTOS-Kernel/portable/MemMang/heap_5.c.obj
 .text.pvPortMalloc
                0x080073a4      0x148 CMakeFiles/stm32f429_tinyusb_ui.elf.dir/third_party/FreeRTOS-Kernel/portable/MemMang/heap_5.c.obj
                0x080073a4                pvPortMalloc
 .text.vPortFree
                0x080074ec       0x80 CMakeFiles/stm32f429_tinyusb_ui.elf.dir/third_party/FreeRTOS-Kernel/portable/MemMang/heap_5.c.obj
                0x080074ec                vPortFree
 .text.vPortDefineHeapRegions
                0x0800756c       0xc0 CMakeFiles/stm32f429_tinyusb_ui.elf.dir/third_party/FreeRTOS-Kernel/portable/MemMang/heap_5.c.obj
                0x0800756c                vPortDefineHeapRegions
 .text.tusb_time_millis_api
                0x0800762c       0x34 CMakeFiles/stm32f429_tinyusb_ui.elf.dir/third_party/tinyusb/src/tusb.c.obj
                0x0800762c                tusb_time_millis_api
 .text.tusb_rhport_init
                0x08007660       0x48 CMakeFiles/stm32f429_tinyusb_ui.elf.dir/third_party/tinyusb/src/tusb.c.obj
                0x08007660                tusb_rhport_init
 .text.tu_edpt_claim
                0x080076a8       0x48 CMakeFiles/stm32f429_tinyusb_ui.elf.dir/third_party/tinyusb/src/tusb.c.obj
                0x080076a8                tu_edpt_claim
 .text.tu_edpt_release
                0x080076f0       0x3e CMakeFiles/stm32f429_tinyusb_ui.elf.dir/third_party/tinyusb/src/tusb.c.obj
                0x080076f0                tu_edpt_release
 .text.tu_bind_driver_to_ep_itf
                0x0800772e       0x7e CMakeFiles/stm32f429_tinyusb_ui.elf.dir/third_party/tinyusb/src/tusb.c.obj
                0x0800772e                tu_bind_driver_to_ep_itf
 .text.control_xfer_sync_complete
                0x080077ac        0xc CMakeFiles/stm32f429_tinyusb_ui.elf.dir/third_party/tinyusb/src/host/usbh.c.obj
 .text.enum_get_new_address
                0x080077b8       0x3c CMakeFiles/stm32f429_tinyusb_ui.elf.dir/third_party/tinyusb/src/host/usbh.c.obj
 .text.clear_device
                0x080077f4       0x26 CMakeFiles/stm32f429_tinyusb_ui.elf.dir/third_party/tinyusb/src/host/usbh.c.obj
 *fill*         0x0800781a        0x2 
 .text.enum_full_complete
                0x0800781c       0x20 CMakeFiles/stm32f429_tinyusb_ui.elf.dir/third_party/tinyusb/src/host/usbh.c.obj
 .text.enum_parse_configuration_desc
                0x0800783c       0xe4 CMakeFiles/stm32f429_tinyusb_ui.elf.dir/third_party/tinyusb/src/host/usbh.c.obj
 .text.control_xfer_complete
                0x08007920       0x80 CMakeFiles/stm32f429_tinyusb_ui.elf.dir/third_party/tinyusb/src/host/usbh.c.obj
 .text.tuh_enum_descriptor_device_cb
                0x080079a0        0x2 CMakeFiles/stm32f429_tinyusb_ui.elf.dir/third_party/tinyusb/src/host/usbh.c.obj
                0x080079a0                tuh_enum_descriptor_device_cb
 .text.tuh_enum_descriptor_configuration_cb
                0x080079a2        0x4 CMakeFiles/stm32f429_tinyusb_ui.elf.dir/third_party/tinyusb/src/host/usbh.c.obj
                0x080079a2                tuh_enum_descriptor_configuration_cb
 .text.tuh_event_hook_cb
                0x080079a6        0x2 CMakeFiles/stm32f429_tinyusb_ui.elf.dir/third_party/tinyusb/src/host/usbh.c.obj
                0x080079a6                tuh_event_hook_cb
 .text.usbh_app_driver_get_cb
                0x080079a8        0x8 CMakeFiles/stm32f429_tinyusb_ui.elf.dir/third_party/tinyusb/src/host/usbh.c.obj
                0x080079a8                usbh_app_driver_get_cb
 .text.tuh_mount_cb
                0x080079b0        0x2 CMakeFiles/stm32f429_tinyusb_ui.elf.dir/third_party/tinyusb/src/host/usbh.c.obj
                0x080079b0                tuh_mount_cb
 .text.tuh_umount_cb
                0x080079b2        0x2 CMakeFiles/stm32f429_tinyusb_ui.elf.dir/third_party/tinyusb/src/host/usbh.c.obj
                0x080079b2                tuh_umount_cb
 .text.remove_device_tree
                0x080079b4      0x1a4 CMakeFiles/stm32f429_tinyusb_ui.elf.dir/third_party/tinyusb/src/host/usbh.c.obj
 .text.process_remove_event
                0x08007b58       0xa0 CMakeFiles/stm32f429_tinyusb_ui.elf.dir/third_party/tinyusb/src/host/usbh.c.obj
 .text.usbh_defer_func_ms_async
                0x08007bf8       0x38 CMakeFiles/stm32f429_tinyusb_ui.elf.dir/third_party/tinyusb/src/host/usbh.c.obj
                0x08007bf8                usbh_defer_func_ms_async
 .text.enum_new_device
                0x08007c30       0x24 CMakeFiles/stm32f429_tinyusb_ui.elf.dir/third_party/tinyusb/src/host/usbh.c.obj
 .text.tuh_connected
                0x08007c54       0x38 CMakeFiles/stm32f429_tinyusb_ui.elf.dir/third_party/tinyusb/src/host/usbh.c.obj
                0x08007c54                tuh_connected
 .text.tuh_descriptor_get_device_local
                0x08007c8c       0x4c CMakeFiles/stm32f429_tinyusb_ui.elf.dir/third_party/tinyusb/src/host/usbh.c.obj
                0x08007c8c                tuh_descriptor_get_device_local
 .text.tuh_rhport_is_active
                0x08007cd8       0x14 CMakeFiles/stm32f429_tinyusb_ui.elf.dir/third_party/tinyusb/src/host/usbh.c.obj
                0x08007cd8                tuh_rhport_is_active
 .text.tuh_inited
                0x08007cec       0x10 CMakeFiles/stm32f429_tinyusb_ui.elf.dir/third_party/tinyusb/src/host/usbh.c.obj
                0x08007cec                tuh_inited
 .text.tuh_rhport_init
                0x08007cfc      0x18c CMakeFiles/stm32f429_tinyusb_ui.elf.dir/third_party/tinyusb/src/host/usbh.c.obj
                0x08007cfc                tuh_rhport_init
 .text.usbh_get_enum_buf
                0x08007e88        0x8 CMakeFiles/stm32f429_tinyusb_ui.elf.dir/third_party/tinyusb/src/host/usbh.c.obj
                0x08007e88                usbh_get_enum_buf
 .text.usbh_edpt_claim
                0x08007e90       0x58 CMakeFiles/stm32f429_tinyusb_ui.elf.dir/third_party/tinyusb/src/host/usbh.c.obj
                0x08007e90                usbh_edpt_claim
 .text.usbh_edpt_release
                0x08007ee8       0x48 CMakeFiles/stm32f429_tinyusb_ui.elf.dir/third_party/tinyusb/src/host/usbh.c.obj
                0x08007ee8                usbh_edpt_release
 .text.usbh_edpt_xfer_with_callback
                0x08007f30       0x9c CMakeFiles/stm32f429_tinyusb_ui.elf.dir/third_party/tinyusb/src/host/usbh.c.obj
                0x08007f30                usbh_edpt_xfer_with_callback
 .text.tuh_bus_info_get
                0x08007fcc       0x30 CMakeFiles/stm32f429_tinyusb_ui.elf.dir/third_party/tinyusb/src/host/usbh.c.obj
                0x08007fcc                tuh_bus_info_get
 .text.tuh_speed_get
                0x08007ffc       0x12 CMakeFiles/stm32f429_tinyusb_ui.elf.dir/third_party/tinyusb/src/host/usbh.c.obj
                0x08007ffc                tuh_speed_get
 .text.usbh_get_rhport