Archive member included to satisfy reference by file (symbol)

E:/support_tools/arm-gnu-toolchain-15.3.rel1-mingw-w64-x86_64-arm-none-eabi/bin/../lib/gcc/arm-none-eabi/15.3.1/../../../../arm-none-eabi/lib/thumb/v7e-m/nofp\libc_nano.a(libc_a-exit.o)
                              E:/support_tools/arm-gnu-toolchain-15.3.rel1-mingw-w64-x86_64-arm-none-eabi/bin/../lib/gcc/arm-none-eabi/15.3.1/../../../../arm-none-eabi/lib/thumb/v7e-m/nofp/crt0.o (exit)
E:/support_tools/arm-gnu-toolchain-15.3.rel1-mingw-w64-x86_64-arm-none-eabi/bin/../lib/gcc/arm-none-eabi/15.3.1/../../../../arm-none-eabi/lib/thumb/v7e-m/nofp\libc_nano.a(libc_a-findfp.o)
                              E:/support_tools/arm-gnu-toolchain-15.3.rel1-mingw-w64-x86_64-arm-none-eabi/bin/../lib/gcc/arm-none-eabi/15.3.1/../../../../arm-none-eabi/lib/thumb/v7e-m/nofp\libc_nano.a(libc_a-exit.o) (__stdio_exit_handler)
E:/support_tools/arm-gnu-toolchain-15.3.rel1-mingw-w64-x86_64-arm-none-eabi/bin/../lib/gcc/arm-none-eabi/15.3.1/../../../../arm-none-eabi/lib/thumb/v7e-m/nofp\libc_nano.a(libc_a-fwalk.o)
                              E:/support_tools/arm-gnu-toolchain-15.3.rel1-mingw-w64-x86_64-arm-none-eabi/bin/../lib/gcc/arm-none-eabi/15.3.1/../../../../arm-none-eabi/lib/thumb/v7e-m/nofp\libc_nano.a(libc_a-findfp.o) (_fwalk_sglue)
E:/support_tools/arm-gnu-toolchain-15.3.rel1-mingw-w64-x86_64-arm-none-eabi/bin/../lib/gcc/arm-none-eabi/15.3.1/../../../../arm-none-eabi/lib/thumb/v7e-m/nofp\libc_nano.a(libc_a-stdio.o)
                              E:/support_tools/arm-gnu-toolchain-15.3.rel1-mingw-w64-x86_64-arm-none-eabi/bin/../lib/gcc/arm-none-eabi/15.3.1/../../../../arm-none-eabi/lib/thumb/v7e-m/nofp\libc_nano.a(libc_a-findfp.o) (__sread)
E:/support_tools/arm-gnu-toolchain-15.3.rel1-mingw-w64-x86_64-arm-none-eabi/bin/../lib/gcc/arm-none-eabi/15.3.1/../../../../arm-none-eabi/lib/thumb/v7e-m/nofp\libc_nano.a(libc_a-memset.o)
                              E:/support_tools/arm-gnu-toolchain-15.3.rel1-mingw-w64-x86_64-arm-none-eabi/bin/../lib/gcc/arm-none-eabi/15.3.1/../../../../arm-none-eabi/lib/thumb/v7e-m/nofp/crt0.o (memset)
E:/support_tools/arm-gnu-toolchain-15.3.rel1-mingw-w64-x86_64-arm-none-eabi/bin/../lib/gcc/arm-none-eabi/15.3.1/../../../../arm-none-eabi/lib/thumb/v7e-m/nofp\libc_nano.a(libc_a-closer.o)
                              E:/support_tools/arm-gnu-toolchain-15.3.rel1-mingw-w64-x86_64-arm-none-eabi/bin/../lib/gcc/arm-none-eabi/15.3.1/../../../../arm-none-eabi/lib/thumb/v7e-m/nofp\libc_nano.a(libc_a-stdio.o) (_close_r)
E:/support_tools/arm-gnu-toolchain-15.3.rel1-mingw-w64-x86_64-arm-none-eabi/bin/../lib/gcc/arm-none-eabi/15.3.1/../../../../arm-none-eabi/lib/thumb/v7e-m/nofp\libc_nano.a(libc_a-reent.o)
                              E:/support_tools/arm-gnu-toolchain-15.3.rel1-mingw-w64-x86_64-arm-none-eabi/bin/../lib/gcc/arm-none-eabi/15.3.1/../../../../arm-none-eabi/lib/thumb/v7e-m/nofp\libc_nano.a(libc_a-closer.o) (errno)
E:/support_tools/arm-gnu-toolchain-15.3.rel1-mingw-w64-x86_64-arm-none-eabi/bin/../lib/gcc/arm-none-eabi/15.3.1/../../../../arm-none-eabi/lib/thumb/v7e-m/nofp\libc_nano.a(libc_a-impure.o)
                              E:/support_tools/arm-gnu-toolchain-15.3.rel1-mingw-w64-x86_64-arm-none-eabi/bin/../lib/gcc/arm-none-eabi/15.3.1/../../../../arm-none-eabi/lib/thumb/v7e-m/nofp\libc_nano.a(libc_a-reent.o) (_impure_ptr)
E:/support_tools/arm-gnu-toolchain-15.3.rel1-mingw-w64-x86_64-arm-none-eabi/bin/../lib/gcc/arm-none-eabi/15.3.1/../../../../arm-none-eabi/lib/thumb/v7e-m/nofp\libc_nano.a(libc_a-lseekr.o)
                              E:/support_tools/arm-gnu-toolchain-15.3.rel1-mingw-w64-x86_64-arm-none-eabi/bin/../lib/gcc/arm-none-eabi/15.3.1/../../../../arm-none-eabi/lib/thumb/v7e-m/nofp\libc_nano.a(libc_a-stdio.o) (_lseek_r)
E:/support_tools/arm-gnu-toolchain-15.3.rel1-mingw-w64-x86_64-arm-none-eabi/bin/../lib/gcc/arm-none-eabi/15.3.1/../../../../arm-none-eabi/lib/thumb/v7e-m/nofp\libc_nano.a(libc_a-readr.o)
                              E:/support_tools/arm-gnu-toolchain-15.3.rel1-mingw-w64-x86_64-arm-none-eabi/bin/../lib/gcc/arm-none-eabi/15.3.1/../../../../arm-none-eabi/lib/thumb/v7e-m/nofp\libc_nano.a(libc_a-stdio.o) (_read_r)
E:/support_tools/arm-gnu-toolchain-15.3.rel1-mingw-w64-x86_64-arm-none-eabi/bin/../lib/gcc/arm-none-eabi/15.3.1/../../../../arm-none-eabi/lib/thumb/v7e-m/nofp\libc_nano.a(libc_a-writer.o)
                              E:/support_tools/arm-gnu-toolchain-15.3.rel1-mingw-w64-x86_64-arm-none-eabi/bin/../lib/gcc/arm-none-eabi/15.3.1/../../../../arm-none-eabi/lib/thumb/v7e-m/nofp\libc_nano.a(libc_a-stdio.o) (_write_r)
E:/support_tools/arm-gnu-toolchain-15.3.rel1-mingw-w64-x86_64-arm-none-eabi/bin/../lib/gcc/arm-none-eabi/15.3.1/../../../../arm-none-eabi/lib/thumb/v7e-m/nofp\libc_nano.a(libc_a-init.o)
[...]
Memory Configuration

Name             Origin             Length             Attributes
FLASH            0x08000000         0x00100000         xr
RAM              0x20000000         0x00030000         xrw
CCMRAM           0x10000000         0x00010000         xrw
SDRAM            0xc0000000         0x02000000         xrw
*default*        0x00000000         0xffffffff

Linker script and memory map

LOAD E:/support_tools/arm-gnu-toolchain-15.3.rel1-mingw-w64-x86_64-arm-none-eabi/bin/../lib/gcc/arm-none-eabi/15.3.1/thumb/v7e-m/nofp/crti.o
LOAD E:/support_tools/arm-gnu-toolchain-15.3.rel1-mingw-w64-x86_64-arm-none-eabi/bin/../lib/gcc/arm-none-eabi/15.3.1/thumb/v7e-m/nofp/crtbegin.o
LOAD E:/support_tools/arm-gnu-toolchain-15.3.rel1-mingw-w64-x86_64-arm-none-eabi/bin/../lib/gcc/arm-none-eabi/15.3.1/../../../../arm-none-eabi/lib/thumb/v7e-m/nofp/crt0.o
LOAD E:/support_tools/arm-gnu-toolchain-15.3.rel1-mingw-w64-x86_64-arm-none-eabi/bin/../lib/gcc/arm-none-eabi/15.3.1/../../../../arm-none-eabi/lib/thumb/v7e-m/nofp\libc_nano.a
LOAD E:/support_tools/arm-gnu-toolchain-15.3.rel1-mingw-w64-x86_64-arm-none-eabi/bin/../lib/gcc/arm-none-eabi/15.3.1/../../../../arm-none-eabi/lib/thumb/v7e-m/nofp\libm.a
LOAD E:/support_tools/arm-gnu-toolchain-15.3.rel1-mingw-w64-x86_64-arm-none-eabi/bin/../lib/gcc/arm-none-eabi/15.3.1/thumb/v7e-m/nofp\libgcc.a
LOAD CMakeFiles/stm32f429_tinyusb_ui.elf.dir/app/app_ui.c.obj
LOAD CMakeFiles/stm32f429_tinyusb_ui.elf.dir/app/fs_diskio.c.obj
LOAD CMakeFiles/stm32f429_tinyusb_ui.elf.dir/app/log.c.obj
LOAD CMakeFiles/stm32f429_tinyusb_ui.elf.dir/app/main.c.obj
LOAD CMakeFiles/stm32f429_tinyusb_ui.elf.dir/app/sd_card.c.obj
LOAD CMakeFiles/stm32f429_tinyusb_ui.elf.dir/app/sdram_heap.c.obj
LOAD CMakeFiles/stm32f429_tinyusb_ui.elf.dir/app/sensor_task.c.obj
LOAD CMakeFiles/stm32f429_tinyusb_ui.elf.dir/app/stm32f4xx_hal_timebase_tim.c.obj
LOAD CMakeFiles/stm32f429_tinyusb_ui.elf.dir/app/stm32f4xx_it.c.obj
LOAD CMakeFiles/stm32f429_tinyusb_ui.elf.dir/app/syscalls.c.obj
LOAD CMakeFiles/stm32f429_tinyusb_ui.elf.dir/app/touch_task.c.obj
LOAD CMakeFiles/stm32f429_tinyusb_ui.elf.dir/app/ui_task.c.obj
LOAD CMakeFiles/stm32f429_tinyusb_ui.elf.dir/app/usb_host_app.c.obj
LOAD CMakeFiles/stm32f429_tinyusb_ui.elf.dir/bsp/bsp_ap3216.c.obj
LOAD CMakeFiles/stm32f429_tinyusb_ui.elf.dir/bsp/bsp_delay.c.obj
LOAD CMakeFiles/stm32f429_tinyusb_ui.elf.dir/bsp/bsp_gt9147.c.obj
LOAD CMakeFiles/stm32f429_tinyusb_ui.elf.dir/bsp/bsp_i2c.c.obj
LOAD CMakeFiles/stm32f429_tinyusb_ui.elf.dir/bsp/bsp_lcd.c.obj
LOAD CMakeFiles/stm32f429_tinyusb_ui.elf.dir/bsp/bsp_lcd_text.c.obj
LOAD CMakeFiles/stm32f429_tinyusb_ui.elf.dir/bsp/bsp_led.c.obj
LOAD CMakeFiles/stm32f429_tinyusb_ui.elf.dir/bsp/bsp_mpu9250.c.obj
LOAD CMakeFiles/stm32f429_tinyusb_ui.elf.dir/bsp/bsp_pcf8574.c.obj
LOAD CMakeFiles/stm32f429_tinyusb_ui.elf.dir/bsp/bsp_sdio.c.obj
LOAD CMakeFiles/stm32f429_tinyusb_ui.elf.dir/bsp/bsp_sdram.c.obj
LOAD CMakeFiles/stm32f429_tinyusb_ui.elf.dir/bsp/bsp_sw_i2c.c.obj
LOAD CMakeFiles/stm32f429_tinyusb_ui.elf.dir/bsp/bsp_touch.c.obj
LOAD CMakeFiles/stm32f429_tinyusb_ui.elf.dir/bsp/bsp_uart.c.obj
LOAD CMakeFiles/stm32f429_tinyusb_ui.elf.dir/bsp/bsp_usb_hw.c.obj
LOAD CMakeFiles/stm32f429_tinyusb_ui.elf.dir/bsp/lcd_ascii_font.c.obj
LOAD CMakeFiles/stm32f429_tinyusb_ui.elf.dir/bsp/lv_font_gbk.c.obj
LOAD CMakeFiles/stm32f429_tinyusb_ui.elf.dir/bsp/lv_gbk_map.c.obj
LOAD CMakeFiles/stm32f429_tinyusb_ui.elf.dir/bsp/lv_port_disp.c.obj
LOAD CMakeFiles/stm32f429_tinyusb_ui.elf.dir/bsp/lv_port_indev.c.obj
LOAD CMakeFiles/stm32f429_tinyusb_ui.elf.dir/sys_startup/system_stm32f4xx.c.obj
LOAD CMakeFiles/stm32f429_tinyusb_ui.elf.dir/sys_startup/gcc/startup_stm32f429xx.s.obj
LOAD CMakeFiles/stm32f429_tinyusb_ui.elf.dir/Drivers/STM32F4xx_HAL_Driver/Src/stm32f4xx_hal.c.obj
LOAD CMakeFiles/stm32f429_tinyusb_ui.elf.dir/Drivers/STM32F4xx_HAL_Driver/Src/stm32f4xx_hal_cortex.c.obj
LOAD CMakeFiles/stm32f429_tinyusb_ui.elf.dir/Drivers/STM32F4xx_HAL_Driver/Src/stm32f4xx_hal_rcc.c.obj
LOAD CMakeFiles/stm32f429_tinyusb_ui.elf.dir/Drivers/STM32F4xx_HAL_Driver/Src/stm32f4xx_hal_rcc_ex.c.obj
LOAD CMakeFiles/stm32f429_tinyusb_ui.elf.dir/Drivers/STM32F4xx_HAL_Driver/Src/stm32f4xx_hal_gpio.c.obj
LOAD CMakeFiles/stm32f429_tinyusb_ui.elf.dir/Drivers/STM32F4xx_HAL_Driver/Src/stm32f4xx_hal_exti.c.obj
LOAD CMakeFiles/stm32f429_tinyusb_ui.elf.dir/Drivers/STM32F4xx_HAL_Driver/Src/stm32f4xx_hal_uart.c.obj
LOAD CMakeFiles/stm32f429_tinyusb_ui.elf.dir/Drivers/STM32F4xx_HAL_Driver/Src/stm32f4xx_hal_i2c.c.obj
LOAD CMakeFiles/stm32f429_tinyusb_ui.elf.dir/Drivers/STM32F4xx_HAL_Driver/Src/stm32f4xx_hal_dma.c.obj
LOAD CMakeFiles/stm32f429_tinyusb_ui.elf.dir/Drivers/STM32F4xx_HAL_Driver/Src/stm32f4xx_hal_pwr.c.obj
LOAD CMakeFiles/stm32f429_tinyusb_ui.elf.dir/Drivers/STM32F4xx_HAL_Driver/Src/stm32f4xx_hal_pwr_ex.c.obj
LOAD CMakeFiles/stm32f429_tinyusb_ui.elf.dir/Drivers/STM32F4xx_HAL_Driver/Src/stm32f4xx_hal_flash.c.obj
LOAD CMakeFiles/stm32f429_tinyusb_ui.elf.dir/Drivers/STM32F4xx_HAL_Driver/Src/stm32f4xx_hal_tim.c.obj
LOAD CMakeFiles/stm32f429_tinyusb_ui.elf.dir/Drivers/STM32F4xx_HAL_Driver/Src/stm32f4xx_hal_tim_ex.c.obj
LOAD CMakeFiles/stm32f429_tinyusb_ui.elf.dir/Drivers/STM32F4xx_HAL_Driver/Src/stm32f4xx_hal_sdram.c.obj
LOAD CMakeFiles/stm32f429_tinyusb_ui.elf.dir/Drivers/STM32F4xx_HAL_Driver/Src/stm32f4xx_hal_sram.c.obj
LOAD CMakeFiles/stm32f429_tinyusb_ui.elf.dir/Drivers/STM32F4xx_HAL_Driver/Src/stm32f4xx_ll_fmc.c.obj
LOAD CMakeFiles/stm32f429_tinyusb_ui.elf.dir/Drivers/STM32F4xx_HAL_Driver/Src/stm32f4xx_hal_sd.c.obj
LOAD CMakeFiles/stm32f429_tinyusb_ui.elf.dir/Drivers/STM32F4xx_HAL_Driver/Src/stm32f4xx_ll_sdmmc.c.obj
LOAD CMakeFiles/stm32f429_tinyusb_ui.elf.dir/third_party/FreeRTOS-Kernel/tasks.c.obj
LOAD CMakeFiles/stm32f429_tinyusb_ui.elf.dir/third_party/FreeRTOS-Kernel/queue.c.obj
LOAD CMakeFiles/stm32f429_tinyusb_ui.elf.dir/third_party/FreeRTOS-Kernel/list.c.obj
LOAD CMakeFiles/stm32f429_tinyusb_ui.elf.dir/third_party/FreeRTOS-Kernel/timers.c.obj
LOAD CMakeFiles/stm32f429_tinyusb_ui.elf.dir/third_party/FreeRTOS-Kernel/event_groups.c.obj
LOAD CMakeFiles/stm32f429_tinyusb_ui.elf.dir/third_party/FreeRTOS-Kernel/stream_buffer.c.obj
LOAD CMakeFiles/stm32f429_tinyusb_ui.elf.dir/third_party/FreeRTOS-Kernel/portable/GCC/ARM_CM4F/port.c.obj
LOAD CMakeFiles/stm32f429_tinyusb_ui.elf.dir/third_party/FreeRTOS-Kernel/portable/MemMang/heap_5.c.obj
LOAD CMakeFiles/stm32f429_tinyusb_ui.elf.dir/third_party/tinyusb/src/tusb.c.obj
LOAD CMakeFiles/stm32f429_tinyusb_ui.elf.dir/third_party/tinyusb/src/host/usbh.c.obj
LOAD CMakeFiles/stm32f429_tinyusb_ui.elf.dir/third_party/tinyusb/src/host/hub.c.obj
LOAD CMakeFiles/stm32f429_tinyusb_ui.elf.dir/third_party/tinyusb/src/class/msc/msc_host.c.obj
LOAD CMakeFiles/stm32f429_tinyusb_ui.elf.dir/third_party/tinyusb/src/portable/synopsys/dwc2/dwc2_common.c.obj
LOAD CMakeFiles/stm32f429_tinyusb_ui.elf.dir/third_party/tinyusb/src/portable/synopsys/dwc2/hcd_dwc2.c.obj
LOAD CMakeFiles/stm32f429_tinyusb_ui.elf.dir/third_party/tinyusb/src/common/tusb_fifo.c.obj
LOAD CMakeFiles/stm32f429_tinyusb_ui.elf.dir/third_party/FatFs/ff.c.obj
LOAD CMakeFiles/stm32f429_tinyusb_ui.elf.dir/third_party/FatFs/ffunicode.c.obj
LOAD CMakeFiles/stm32f429_tinyusb_ui.elf.dir/third_party/FatFs/ffsystem.c.obj
LOAD CMakeFiles/stm32f429_tinyusb_ui.elf.dir/third_party/lvgl/src/core/lv_disp.c.obj
LOAD CMakeFiles/stm32f429_tinyusb_ui.elf.dir/third_party/lvgl/src/core/lv_event.c.obj
LOAD CMakeFiles/stm32f429_tinyusb_ui.elf.dir/third_party/lvgl/src/core/lv_group.c.obj
LOAD CMakeFiles/stm32f429_tinyusb_ui.elf.dir/third_party/lvgl/src/core/lv_indev.c.obj
LOAD CMakeFiles/stm32f429_tinyusb_ui.elf.dir/third_party/lvgl/src/core/lv_indev_scroll.c.obj
LOAD CMakeFiles/stm32f429_tinyusb_ui.elf.dir/third_party/lvgl/src/core/lv_obj.c.obj
LOAD CMakeFiles/stm32f429_tinyusb_ui.elf.dir/third_party/lvgl/src/core/lv_obj_class.c.obj
LOAD CMakeFiles/stm32f429_tinyusb_ui.elf.dir/third_party/lvgl/src/core/lv_obj_draw.c.obj
LOAD CMakeFiles/stm32f429_tinyusb_ui.elf.dir/third_party/lvgl/src/core/lv_obj_pos.c.obj
LOAD CMakeFiles/stm32f429_tinyusb_ui.elf.dir/third_party/lvgl/src/core/lv_obj_scroll.c.obj
LOAD CMakeFiles/stm32f429_tinyusb_ui.elf.dir/third_party/lvgl/src/core/lv_obj_style.c.obj
LOAD CMakeFiles/stm32f429_tinyusb_ui.elf.dir/third_party/lvgl/src/core/lv_obj_style_gen.c.obj
LOAD CMakeFiles/stm32f429_tinyusb_ui.elf.dir/third_party/lvgl/src/core/lv_obj_tree.c.obj
LOAD CMakeFiles/stm32f429_tinyusb_ui.elf.dir/third_party/lvgl/src/core/lv_refr.c.obj
LOAD CMakeFiles/stm32f429_tinyusb_ui.elf.dir/third_party/lvgl/src/core/lv_theme.c.obj
LOAD CMakeFiles/stm32f429_tinyusb_ui.elf.dir/third_party/lvgl/src/draw/arm2d/lv_gpu_arm2d.c.obj
LOAD CMakeFiles/stm32f429_tinyusb_ui.elf.dir/third_party/lvgl/src/draw/lv_draw.c.obj
LOAD CMakeFiles/stm32f429_tinyusb_ui.elf.dir/third_party/lvgl/src/draw/lv_draw_arc.c.obj
LOAD CMakeFiles/stm32f429_tinyusb_ui.elf.dir/third_party/lvgl/src/draw/lv_draw_img.c.obj
LOAD CMakeFiles/stm32f429_tinyusb_ui.elf.dir/third_party/lvgl/src/draw/lv_draw_label.c.obj
LOAD CMakeFiles/stm32f429_tinyusb_ui.elf.dir/third_party/lvgl/src/draw/lv_draw_layer.c.obj
LOAD CMakeFiles/stm32f429_tinyusb_ui.elf.dir/third_party/lvgl/src/draw/lv_draw_line.c.obj
LOAD CMakeFiles/stm32f429_tinyusb_ui.elf.dir/third_party/lvgl/src/draw/lv_draw_mask.c.obj
LOAD CMakeFiles/stm32f429_tinyusb_ui.elf.dir/third_party/lvgl/src/draw/lv_draw_rect.c.obj
LOAD CMakeFiles/stm32f429_tinyusb_ui.elf.dir/third_party/lvgl/src/draw/lv_draw_transform.c.obj
LOAD CMakeFiles/stm32f429_tinyusb_ui.elf.dir/third_party/lvgl/src/draw/lv_draw_triangle.c.obj
LOAD CMakeFiles/stm32f429_tinyusb_ui.elf.dir/third_party/lvgl/src/draw/lv_img_buf.c.obj
LOAD CMakeFiles/stm32f429_tinyusb_ui.elf.dir/third_party/lvgl/src/draw/lv_img_cache.c.obj
LOAD CMakeFiles/stm32f429_tinyusb_ui.elf.dir/third_party/lvgl/src/draw/lv_img_decoder.c.obj
LOAD CMakeFiles/stm32f429_tinyusb_ui.elf.dir/third_party/lvgl/src/draw/nxp/pxp/lv_draw_pxp.c.obj
LOAD CMakeFiles/stm32f429_tinyusb_ui.elf.dir/third_party/lvgl/src/draw/nxp/pxp/lv_draw_pxp_blend.c.obj
LOAD CMakeFiles/stm32f429_tinyusb_ui.elf.dir/third_party/lvgl/src/draw/nxp/pxp/lv_gpu_nxp_pxp.c.obj
LOAD CMakeFiles/stm32f429_tinyusb_ui.elf.dir/third_party/lvgl/src/draw/nxp/pxp/lv_gpu_nxp_pxp_osa.c.obj
LOAD CMakeFiles/stm32f429_tinyusb_ui.elf.dir/third_party/lvgl/src/draw/nxp/vglite/lv_draw_vglite.c.obj
LOAD CMakeFiles/stm32f429_tinyusb_ui.elf.dir/third_party/lvgl/src/draw/nxp/vglite/lv_draw_vglite_arc.c.obj
LOAD CMakeFiles/stm32f429_tinyusb_ui.elf.dir/third_party/lvgl/src/draw/nxp/vglite/lv_draw_vglite_blend.c.obj
LOAD CMakeFiles/stm32f429_tinyusb_ui.elf.dir/third_party/lvgl/src/draw/nxp/vglite/lv_draw_vglite_line.c.obj
LOAD CMakeFiles/stm32f429_tinyusb_ui.elf.dir/third_party/lvgl/src/draw/nxp/vglite/lv_draw_vglite_rect.c.obj
LOAD CMakeFiles/stm32f429_tinyusb_ui.elf.dir/third_party/lvgl/src/draw/nxp/vglite/lv_vglite_buf.c.obj
LOAD CMakeFiles/stm32f429_tinyusb_ui.elf.dir/third_party/lvgl/src/draw/nxp/vglite/lv_vglite_utils.c.obj
LOAD CMakeFiles/stm32f429_tinyusb_ui.elf.dir/third_party/lvgl/src/draw/renesas/lv_gpu_d2_draw_label.c.obj
LOAD CMakeFiles/stm32f429_tinyusb_ui.elf.dir/third_party/lvgl/src/draw/renesas/lv_gpu_d2_ra6m3.c.obj
LOAD CMakeFiles/stm32f429_tinyusb_ui.elf.dir/third_party/lvgl/src/draw/sdl/lv_draw_sdl.c.obj
LOAD CMakeFiles/stm32f429_tinyusb_ui.elf.dir/third_party/lvgl/src/draw/sdl/lv_draw_sdl_arc.c.obj
LOAD CMakeFiles/stm32f429_tinyusb_ui.elf.dir/third_party/lvgl/src/draw/sdl/lv_draw_sdl_bg.c.obj
LOAD CMakeFiles/stm32f429_tinyusb_ui.elf.dir/third_party/lvgl/src/draw/sdl/lv_draw_sdl_composite.c.obj
LOAD CMakeFiles/stm32f429_tinyusb_ui.elf.dir/third_party/lvgl/src/draw/sdl/lv_draw_sdl_img.c.obj
LOAD CMakeFiles/stm32f429_tinyusb_ui.elf.dir/third_party/lvgl/src/draw/sdl/lv_draw_sdl_label.c.obj
LOAD CMakeFiles/stm32f429_tinyusb_ui.elf.dir/third_party/lvgl/src/draw/sdl/lv_draw_sdl_layer.c.obj
LOAD CMakeFiles/stm32f429_tinyusb_ui.elf.dir/third_party/lvgl/src/draw/sdl/lv_draw_sdl_line.c.obj
LOAD CMakeFiles/stm32f429_tinyusb_ui.elf.dir/third_party/lvgl/src/draw/sdl/lv_draw_sdl_mask.c.obj
LOAD CMakeFiles/stm32f429_tinyusb_ui.elf.dir/third_party/lvgl/src/draw/sdl/lv_draw_sdl_polygon.c.obj
LOAD CMakeFiles/stm32f429_tinyusb_ui.elf.dir/third_party/lvgl/src/draw/sdl/lv_draw_sdl_rect.c.obj
LOAD CMakeFiles/stm32f429_tinyusb_ui.elf.dir/third_party/lvgl/src/draw/sdl/lv_draw_sdl_stack_blur.c.obj
LOAD CMakeFiles/stm32f429_tinyusb_ui.elf.dir/third_party/lvgl/src/draw/sdl/lv_draw_sdl_texture_cache.c.obj
LOAD CMakeFiles/stm32f429_tinyusb_ui.elf.dir/third_party/lvgl/src/draw/sdl/lv_draw_sdl_utils.c.obj
LOAD CMakeFiles/stm32f429_tinyusb_ui.elf.dir/third_party/lvgl/src/draw/stm32_dma2d/lv_gpu_stm32_dma2d.c.obj
LOAD CMakeFiles/stm32f429_tinyusb_ui.elf.dir/third_party/lvgl/src/draw/sw/lv_draw_sw.c.obj
LOAD CMakeFiles/stm32f429_tinyusb_ui.elf.dir/third_party/lvgl/src/draw/sw/lv_draw_sw_arc.c.obj
LOAD CMakeFiles/stm32f429_tinyusb_ui.elf.dir/third_party/lvgl/src/draw/sw/lv_draw_sw_blend.c.obj
LOAD CMakeFiles/stm32f429_tinyusb_ui.elf.dir/third_party/lvgl/src/draw/sw/lv_draw_sw_dither.c.obj
LOAD CMakeFiles/stm32f429_tinyusb_ui.elf.dir/third_party/lvgl/src/draw/sw/lv_draw_sw_gradient.c.obj
LOAD CMakeFiles/stm32f429_tinyusb_ui.elf.dir/third_party/lvgl/src/draw/sw/lv_draw_sw_img.c.obj
LOAD CMakeFiles/stm32f429_tinyusb_ui.elf.dir/third_party/lvgl/src/draw/sw/lv_draw_sw_layer.c.obj
LOAD CMakeFiles/stm32f429_tinyusb_ui.elf.dir/third_party/lvgl/src/draw/sw/lv_draw_sw_letter.c.obj
LOAD CMakeFiles/stm32f429_tinyusb_ui.elf.dir/third_party/lvgl/src/draw/sw/lv_draw_sw_line.c.obj
LOAD CMakeFiles/stm32f429_tinyusb_ui.elf.dir/third_party/lvgl/src/draw/sw/lv_draw_sw_polygon.c.obj
LOAD CMakeFiles/stm32f429_tinyusb_ui.elf.dir/third_party/lvgl/src/draw/sw/lv_draw_sw_rect.c.obj
LOAD CMakeFiles/stm32f429_tinyusb_ui.elf.dir/third_party/lvgl/src/draw/sw/lv_draw_sw_transform.c.obj
LOAD CMakeFiles/stm32f429_tinyusb_ui.elf.dir/third_party/lvgl/src/draw/swm341_dma2d/lv_gpu_swm341_dma2d.c.obj
LOAD CMakeFiles/stm32f429_tinyusb_ui.elf.dir/third_party/lvgl/src/extra/layouts/flex/lv_flex.c.obj
LOAD CMakeFiles/stm32f429_tinyusb_ui.elf.dir/third_party/lvgl/src/extra/layouts/grid/lv_grid.c.obj
LOAD CMakeFiles/stm32f429_tinyusb_ui.elf.dir/third_party/lvgl/src/extra/libs/bmp/lv_bmp.c.obj
LOAD CMakeFiles/stm32f429_tinyusb_ui.elf.dir/third_party/lvgl/src/extra/libs/ffmpeg/lv_ffmpeg.c.obj
LOAD CMakeFiles/stm32f429_tinyusb_ui.elf.dir/third_party/lvgl/src/extra/libs/freetype/lv_freetype.c.obj
LOAD CMakeFiles/stm32f429_tinyusb_ui.elf.dir/third_party/lvgl/src/extra/libs/fsdrv/lv_fs_fatfs.c.obj
LOAD CMakeFiles/stm32f429_tinyusb_ui.elf.dir/third_party/lvgl/src/extra/libs/fsdrv/lv_fs_littlefs.c.obj
LOAD CMakeFiles/stm32f429_tinyusb_ui.elf.dir/third_party/lvgl/src/extra/libs/fsdrv/lv_fs_posix.c.obj
LOAD CMakeFiles/stm32f429_tinyusb_ui.elf.dir/third_party/lvgl/src/extra/libs/fsdrv/lv_fs_stdio.c.obj
LOAD CMakeFiles/stm32f429_tinyusb_ui.elf.dir/third_party/lvgl/src/extra/libs/fsdrv/lv_fs_win32.c.obj
LOAD CMakeFiles/stm32f429_tinyusb_ui.elf.dir/third_party/lvgl/src/extra/libs/gif/gifdec.c.obj
LOAD CMakeFiles/stm32f429_tinyusb_ui.elf.dir/third_party/lvgl/src/extra/libs/gif/lv_gif.c.obj
LOAD CMakeFiles/stm32f429_tinyusb_ui.elf.dir/third_party/lvgl/src/extra/libs/png/lodepng.c.obj
LOAD CMakeFiles/stm32f429_tinyusb_ui.elf.dir/third_party/lvgl/src/extra/libs/png/lv_png.c.obj
LOAD CMakeFiles/stm32f429_tinyusb_ui.elf.dir/third_party/lvgl/src/extra/libs/qrcode/lv_qrcode.c.obj
LOAD CMakeFiles/stm32f429_tinyusb_ui.elf.dir/third_party/lvgl/src/extra/libs/qrcode/qrcodegen.c.obj
LOAD CMakeFiles/stm32f429_tinyusb_ui.elf.dir/third_party/lvgl/src/extra/libs/rlottie/lv_rlottie.c.obj
LOAD CMakeFiles/stm32f429_tinyusb_ui.elf.dir/third_party/lvgl/src/extra/libs/sjpg/lv_sjpg.c.obj
LOAD CMakeFiles/stm32f429_tinyusb_ui.elf.dir/third_party/lvgl/src/extra/libs/sjpg/tjpgd.c.obj
LOAD CMakeFiles/stm32f429_tinyusb_ui.elf.dir/third_party/lvgl/src/extra/libs/tiny_ttf/lv_tiny_ttf.c.obj
LOAD CMakeFiles/stm32f429_tinyusb_ui.elf.dir/third_party/lvgl/src/extra/lv_extra.c.obj
LOAD CMakeFiles/stm32f429_tinyusb_ui.elf.dir/third_party/lvgl/src/extra/others/fragment/lv_fragment.c.obj
LOAD CMakeFiles/stm32f429_tinyusb_ui.elf.dir/third_party/lvgl/src/extra/others/fragment/lv_fragment_manager.c.obj
LOAD CMakeFiles/stm32f429_tinyusb_ui.elf.dir/third_party/lvgl/src/extra/others/gridnav/lv_gridnav.c.obj
LOAD CMakeFiles/stm32f429_tinyusb_ui.elf.dir/third_party/lvgl/src/extra/others/ime/lv_ime_pinyin.c.obj
LOAD CMakeFiles/stm32f429_tinyusb_ui.elf.dir/third_party/lvgl/src/extra/others/imgfont/lv_imgfont.c.obj
LOAD CMakeFiles/stm32f429_tinyusb_ui.elf.dir/third_party/lvgl/src/extra/others/monkey/lv_monkey.c.obj
LOAD CMakeFiles/stm32f429_tinyusb_ui.elf.dir/third_party/lvgl/src/extra/others/msg/lv_msg.c.obj
LOAD CMakeFiles/stm32f429_tinyusb_ui.elf.dir/third_party/lvgl/src/extra/others/snapshot/lv_snapshot.c.obj
LOAD CMakeFiles/stm32f429_tinyusb_ui.elf.dir/third_party/lvgl/src/extra/themes/basic/lv_theme_basic.c.obj
LOAD CMakeFiles/stm32f429_tinyusb_ui.elf.dir/third_party/lvgl/src/extra/themes/default/lv_theme_default.c.obj
LOAD CMakeFiles/stm32f429_tinyusb_ui.elf.dir/third_party/lvgl/src/extra/themes/mono/lv_theme_mono.c.obj
LOAD CMakeFiles/stm32f429_tinyusb_ui.elf.dir/third_party/lvgl/src/extra/widgets/animimg/lv_animimg.c.obj
LOAD CMakeFiles/stm32f429_tinyusb_ui.elf.dir/third_party/lvgl/src/extra/widgets/calendar/lv_calendar.c.obj
LOAD CMakeFiles/stm32f429_tinyusb_ui.elf.dir/third_party/lvgl/src/extra/widgets/calendar/lv_calendar_header_arrow.c.obj
LOAD CMakeFiles/stm32f429_tinyusb_ui.elf.dir/third_party/lvgl/src/extra/widgets/calendar/lv_calendar_header_dropdown.c.obj
LOAD CMakeFiles/stm32f429_tinyusb_ui.elf.dir/third_party/lvgl/src/extra/widgets/chart/lv_chart.c.obj
LOAD CMakeFiles/stm32f429_tinyusb_ui.elf.dir/third_party/lvgl/src/extra/widgets/colorwheel/lv_colorwheel.c.obj
LOAD CMakeFiles/stm32f429_tinyusb_ui.elf.dir/third_party/lvgl/src/extra/widgets/imgbtn/lv_imgbtn.c.obj
LOAD CMakeFiles/stm32f429_tinyusb_ui.elf.dir/third_party/lvgl/src/extra/widgets/keyboard/lv_keyboard.c.obj
LOAD CMakeFiles/stm32f429_tinyusb_ui.elf.dir/third_party/lvgl/src/extra/widgets/led/lv_led.c.obj
LOAD CMakeFiles/stm32f429_tinyusb_ui.elf.dir/third_party/lvgl/src/extra/widgets/list/lv_list.c.obj
LOAD CMakeFiles/stm32f429_tinyusb_ui.elf.dir/third_party/lvgl/src/extra/widgets/menu/lv_menu.c.obj
LOAD CMakeFiles/stm32f429_tinyusb_ui.elf.dir/third_party/lvgl/src/extra/widgets/meter/lv_meter.c.obj
LOAD CMakeFiles/stm32f429_tinyusb_ui.elf.dir/third_party/lvgl/src/extra/widgets/msgbox/lv_msgbox.c.obj
LOAD CMakeFiles/stm32f429_tinyusb_ui.elf.dir/third_party/lvgl/src/extra/widgets/span/lv_span.c.obj
LOAD CMakeFiles/stm32f429_tinyusb_ui.elf.dir/third_party/lvgl/src/extra/widgets/spinbox/lv_spinbox.c.obj
LOAD CMakeFiles/stm32f429_tinyusb_ui.elf.dir/third_party/lvgl/src/extra/widgets/spinner/lv_spinner.c.obj
LOAD CMakeFiles/stm32f429_tinyusb_ui.elf.dir/third_party/lvgl/src/extra/widgets/tabview/lv_tabview.c.obj
LOAD CMakeFiles/stm32f429_tinyusb_ui.elf.dir/third_party/lvgl/src/extra/widgets/tileview/lv_tileview.c.obj
LOAD CMakeFiles/stm32f429_tinyusb_ui.elf.dir/third_party/lvgl/src/extra/widgets/win/lv_win.c.obj
LOAD CMakeFiles/stm32f429_tinyusb_ui.elf.dir/third_party/lvgl/src/font/lv_font.c.obj
LOAD CMakeFiles/stm32f429_tinyusb_ui.elf.dir/third_party/lvgl/src/font/lv_font_dejavu_16_persian_hebrew.c.obj
LOAD CMakeFiles/stm32f429_tinyusb_ui.elf.dir/third_party/lvgl/src/font/lv_font_fmt_txt.c.obj
LOAD CMakeFiles/stm32f429_tinyusb_ui.elf.dir/third_party/lvgl/src/font/lv_font_loader.c.obj
LOAD CMakeFiles/stm32f429_tinyusb_ui.elf.dir/third_party/lvgl/src/font/lv_font_montserrat_10.c.obj
LOAD CMakeFiles/stm32f429_tinyusb_ui.elf.dir/third_party/lvgl/src/font/lv_font_montserrat_12.c.obj
LOAD CMakeFiles/stm32f429_tinyusb_ui.elf.dir/third_party/lvgl/src/font/lv_font_montserrat_12_subpx.c.obj
LOAD CMakeFiles/stm32f429_tinyusb_ui.elf.dir/third_party/lvgl/src/font/lv_font_montserrat_14.c.obj
LOAD CMakeFiles/stm32f429_tinyusb_ui.elf.dir/third_party/lvgl/src/font/lv_font_montserrat_16.c.obj
LOAD CMakeFiles/stm32f429_tinyusb_ui.elf.dir/third_party/lvgl/src/font/lv_font_montserrat_18.c.obj
LOAD CMakeFiles/stm32f429_tinyusb_ui.elf.dir/third_party/lvgl/src/font/lv_font_montserrat_20.c.obj
LOAD CMakeFiles/stm32f429_tinyusb_ui.elf.dir/third_party/lvgl/src/font/lv_font_montserrat_22.c.obj
LOAD CMakeFiles/stm32f429_tinyusb_ui.elf.dir/third_party/lvgl/src/font/lv_font_montserrat_24.c.obj
LOAD CMakeFiles/stm32f429_tinyusb_ui.elf.dir/third_party/lvgl/src/font/lv_font_montserrat_26.c.obj
LOAD CMakeFiles/stm32f429_tinyusb_ui.elf.dir/third_party/lvgl/src/font/lv_font_montserrat_28.c.obj
LOAD CMakeFiles/stm32f429_tinyusb_ui.elf.dir/third_party/lvgl/src/font/lv_font_montserrat_28_compressed.c.obj
LOAD CMakeFiles/stm32f429_tinyusb_ui.elf.dir/third_party/lvgl/src/font/lv_font_montserrat_30.c.obj
LOAD CMakeFiles/stm32f429_tinyusb_ui.elf.dir/third_party/lvgl/src/font/lv_font_montserrat_32.c.obj
LOAD CMakeFiles/stm32f429_tinyusb_ui.elf.dir/third_party/lvgl/src/font/lv_font_montserrat_34.c.obj
LOAD CMakeFiles/stm32f429_tinyusb_ui.elf.dir/third_party/lvgl/src/font/lv_font_montserrat_36.c.obj
LOAD CMakeFiles/stm32f429_tinyusb_ui.elf.dir/third_party/lvgl/src/font/lv_font_montserrat_38.c.obj
LOAD CMakeFiles/stm32f429_tinyusb_ui.elf.dir/third_party/lvgl/src/font/lv_font_montserrat_40.c.obj
LOAD CMakeFiles/stm32f429_tinyusb_ui.elf.dir/third_party/lvgl/src/font/lv_font_montserrat_42.c.obj
LOAD CMakeFiles/stm32f429_tinyusb_ui.elf.dir/third_party/lvgl/src/font/lv_font_montserrat_44.c.obj
LOAD CMakeFiles/stm32f429_tinyusb_ui.elf.dir/third_party/lvgl/src/font/lv_font_montserrat_46.c.obj
LOAD CMakeFiles/stm32f429_tinyusb_ui.elf.dir/third_party/lvgl/src/font/lv_font_montserrat_48.c.obj
LOAD CMakeFiles/stm32f429_tinyusb_ui.elf.dir/third_party/lvgl/src/font/lv_font_montserrat_8.c.obj
LOAD CMakeFiles/stm32f429_tinyusb_ui.elf.dir/third_party/lvgl/src/font/lv_font_simsun_16_cjk.c.obj
LOAD CMakeFiles/stm32f429_tinyusb_ui.elf.dir/third_party/lvgl/src/font/lv_font_unscii_16.c.obj
LOAD CMakeFiles/stm32f429_tinyusb_ui.elf.dir/third_party/lvgl/src/font/lv_font_unscii_8.c.obj
LOAD CMakeFiles/stm32f429_tinyusb_ui.elf.dir/third_party/lvgl/src/hal/lv_hal_disp.c.obj
LOAD CMakeFiles/stm32f429_tinyusb_ui.elf.dir/third_party/lvgl/src/hal/lv_hal_indev.c.obj
LOAD CMakeFiles/stm32f429_tinyusb_ui.elf.dir/third_party/lvgl/src/hal/lv_hal_tick.c.obj
LOAD CMakeFiles/stm32f429_tinyusb_ui.elf.dir/third_party/lvgl/src/misc/lv_anim.c.obj
LOAD CMakeFiles/stm32f429_tinyusb_ui.elf.dir/third_party/lvgl/src/misc/lv_anim_timeline.c.obj
LOAD CMakeFiles/stm32f429_tinyusb_ui.elf.dir/third_party/lvgl/src/misc/lv_area.c.obj
LOAD CMakeFiles/stm32f429_tinyusb_ui.elf.dir/third_party/lvgl/src/misc/lv_async.c.obj
LOAD CMakeFiles/stm32f429_tinyusb_ui.elf.dir/third_party/lvgl/src/misc/lv_bidi.c.obj
LOAD CMakeFiles/stm32f429_tinyusb_ui.elf.dir/third_party/lvgl/src/misc/lv_color.c.obj
LOAD CMakeFiles/stm32f429_tinyusb_ui.elf.dir/third_party/lvgl/src/misc/lv_fs.c.obj
LOAD CMakeFiles/stm32f429_tinyusb_ui.elf.dir/third_party/lvgl/src/misc/lv_gc.c.obj
LOAD CMakeFiles/stm32f429_tinyusb_ui.elf.dir/third_party/lvgl/src/misc/lv_ll.c.obj
LOAD CMakeFiles/stm32f429_tinyusb_ui.elf.dir/third_party/lvgl/src/misc/lv_log.c.obj
LOAD CMakeFiles/stm32f429_tinyusb_ui.elf.dir/third_party/lvgl/src/misc/lv_lru.c.obj
LOAD CMakeFiles/stm32f429_tinyusb_ui.elf.dir/third_party/lvgl/src/misc/lv_math.c.obj
LOAD CMakeFiles/stm32f429_tinyusb_ui.elf.dir/third_party/lvgl/src/misc/lv_mem.c.obj
LOAD CMakeFiles/stm32f429_tinyusb_ui.elf.dir/third_party/lvgl/src/misc/lv_printf.c.obj
LOAD CMakeFiles/stm32f429_tinyusb_ui.elf.dir/third_party/lvgl/src/misc/lv_style.c.obj
LOAD CMakeFiles/stm32f429_tinyusb_ui.elf.dir/third_party/lvgl/src/misc/lv_style_gen.c.obj
LOAD CMakeFiles/stm32f429_tinyusb_ui.elf.dir/third_party/lvgl/src/misc/lv_templ.c.obj
LOAD CMakeFiles/stm32f429_tinyusb_ui.elf.dir/third_party/lvgl/src/misc/lv_timer.c.obj
LOAD CMakeFiles/stm32f429_tinyusb_ui.elf.dir/third_party/lvgl/src/misc/lv_tlsf.c.obj
LOAD CMakeFiles/stm32f429_tinyusb_ui.elf.dir/third_party/lvgl/src/misc/lv_txt.c.obj
LOAD CMakeFiles/stm32f429_tinyusb_ui.elf.dir/third_party/lvgl/src/misc/lv_txt_ap.c.obj
LOAD CMakeFiles/stm32f429_tinyusb_ui.elf.dir/third_party/lvgl/src/misc/lv_utils.c.obj
LOAD CMakeFiles/stm32f429_tinyusb_ui.elf.dir/third_party/lvgl/src/widgets/lv_arc.c.obj
LOAD CMakeFiles/stm32f429_tinyusb_ui.elf.dir/third_party/lvgl/src/widgets/lv_bar.c.obj
LOAD CMakeFiles/stm32f429_tinyusb_ui.elf.dir/third_party/lvgl/src/widgets/lv_btn.c.obj
LOAD CMakeFiles/stm32f429_tinyusb_ui.elf.dir/third_party/lvgl/src/widgets/lv_btnmatrix.c.obj
LOAD CMakeFiles/stm32f429_tinyusb_ui.elf.dir/third_party/lvgl/src/widgets/lv_canvas.c.obj
LOAD CMakeFiles/stm32f429_tinyusb_ui.elf.dir/third_party/lvgl/src/widgets/lv_checkbox.c.obj
LOAD CMakeFiles/stm32f429_tinyusb_ui.elf.dir/third_party/lvgl/src/widgets/lv_dropdown.c.obj
LOAD CMakeFiles/stm32f429_tinyusb_ui.elf.dir/third_party/lvgl/src/widgets/lv_img.c.obj
LOAD CMakeFiles/stm32f429_tinyusb_ui.elf.dir/third_party/lvgl/src/widgets/lv_label.c.obj
LOAD CMakeFiles/stm32f429_tinyusb_ui.elf.dir/third_party/lvgl/src/widgets/lv_line.c.obj
LOAD CMakeFiles/stm32f429_tinyusb_ui.elf.dir/third_party/lvgl/src/widgets/lv_objx_templ.c.obj
LOAD CMakeFiles/stm32f429_tinyusb_ui.elf.dir/third_party/lvgl/src/widgets/lv_roller.c.obj
LOAD CMakeFiles/stm32f429_tinyusb_ui.elf.dir/third_party/lvgl/src/widgets/lv_slider.c.obj
LOAD CMakeFiles/stm32f429_tinyusb_ui.elf.dir/third_party/lvgl/src/widgets/lv_switch.c.obj
LOAD CMakeFiles/stm32f429_tinyusb_ui.elf.dir/third_party/lvgl/src/widgets/lv_table.c.obj
LOAD CMakeFiles/stm32f429_tinyusb_ui.elf.dir/third_party/lvgl/src/widgets/lv_textarea.c.obj
START GROUP
LOAD E:/support_tools/arm-gnu-toolchain-15.3.rel1-mingw-w64-x86_64-arm-none-eabi/bin/../lib/gcc/arm-none-eabi/15.3.1/thumb/v7e-m/nofp\libgcc.a
LOAD E:/support_tools/arm-gnu-toolchain-15.3.rel1-mingw-w64-x86_64-arm-none-eabi/bin/../lib/gcc/arm-none-eabi/15.3.1/../../../../arm-none-eabi/lib/thumb/v7e-m/nofp\libg_nano.a
LOAD E:/support_tools/arm-gnu-toolchain-15.3.rel1-mingw-w64-x86_64-arm-none-eabi/bin/../lib/gcc/arm-none-eabi/15.3.1/../../../../arm-none-eabi/lib/thumb/v7e-m/nofp\libc_nano.a
END GROUP
START GROUP
LOAD E:/support_tools/arm-gnu-toolchain-15.3.rel1-mingw-w64-x86_64-arm-none-eabi/bin/../lib/gcc/arm-none-eabi/15.3.1/thumb/v7e-m/nofp\libgcc.a
LOAD E:/support_tools/arm-gnu-toolchain-15.3.rel1-mingw-w64-x86_64-arm-none-eabi/bin/../lib/gcc/arm-none-eabi/15.3.1/../../../../arm-none-eabi/lib/thumb/v7e-m/nofp\libc_nano.a
END GROUP
LOAD E:/support_tools/arm-gnu-toolchain-15.3.rel1-mingw-w64-x86_64-arm-none-eabi/bin/../lib/gcc/arm-none-eabi/15.3.1/thumb/v7e-m/nofp/crtend.o
LOAD E:/support_tools/arm-gnu-toolchain-15.3.rel1-mingw-w64-x86_64-arm-none-eabi/bin/../lib/gcc/arm-none-eabi/15.3.1/thumb/v7e-m/nofp/crtn.o
                0x20030000                        _estack = 0x20030000
                0x00000400                        _Min_Heap_Size = 0x400
                0x00002000                        _Min_Stack_Size = 0x2000

.isr_vector     0x08000000      0x1ac
                0x08000000                        . = ALIGN (0x4)
 *(.isr_vector)
 .isr_vector    0x08000000      0x1ac CMakeFiles/stm32f429_tinyusb_ui.elf.dir/sys_startup/gcc/startup_stm32f429xx.s.obj
                0x08000000                g_pfnVectors
                0x080001ac                        . = ALIGN (0x4)

.text           0x080001b0    0x377c8
                0x080001b0                        . = ALIGN (0x4)
 *(.text)
 .text          0x080001b0      0x21c E:/support_tools/arm-gnu-toolchain-15.3.rel1-mingw-w64-x86_64-arm-none-eabi/bin/../lib/gcc/arm-none-eabi/15.3.1/thumb/v7e-m/nofp\libgcc.a(_arm_addsubsf3.o)
                0x080001b0                __aeabi_frsub
                0x080001b8                __subsf3
                0x080001b8                __aeabi_fsub
                0x080001bc                __aeabi_fadd
                0x080001bc                __addsf3
                0x0800031c                __aeabi_ui2f
                0x0800031c                __floatunsisf
                0x08000324                __aeabi_i2f
                0x08000324                __floatsisf
                0x08000340                __aeabi_ul2f
                0x08000340                __floatundisf
                0x08000350                __aeabi_l2f
                0x08000350                __floatdisf
 .text          0x080003cc      0x2a0 E:/support_tools/arm-gnu-toolchain-15.3.rel1-mingw-w64-x86_64-arm-none-eabi/bin/../lib/gcc/arm-none-eabi/15.3.1/thumb/v7e-m/nofp\libgcc.a(_arm_muldivsf3.o)
                0x080003cc                __mulsf3
                0x080003cc                __aeabi_fmul
                0x08000534                __aeabi_fdiv
                0x08000534                __divsf3
 .text          0x0800066c       0xec E:/support_tools/arm-gnu-toolchain-15.3.rel1-mingw-w64-x86_64-arm-none-eabi/bin/../lib/gcc/arm-none-eabi/15.3.1/thumb/v7e-m/nofp\libgcc.a(_arm_cmpsf2.o)
                0x0800066c                __gesf2
                0x0800066c                __gtsf2
                0x08000674                __lesf2
                0x08000674                __ltsf2
                0x0800067c                __nesf2
                0x0800067c                __eqsf2
                0x0800067c                __cmpsf2
                0x080006dc                __aeabi_cfrcmple
                0x080006e4                __aeabi_cfcmpeq
                0x080006e4                __aeabi_cfcmple
                0x080006f4                __aeabi_fcmpeq
                0x08000708                __aeabi_fcmplt
                0x0800071c                __aeabi_fcmple
                0x08000730                __aeabi_fcmpge
                0x08000744                __aeabi_fcmpgt
 .text          0x08000758       0x4c E:/support_tools/arm-gnu-toolchain-15.3.rel1-mingw-w64-x86_64-arm-none-eabi/bin/../lib/gcc/arm-none-eabi/15.3.1/thumb/v7e-m/nofp\libgcc.a(_arm_fixsfsi.o)
                0x08000758                __aeabi_f2iz
                0x08000758                __fixsfsi
 .text          0x080007a4       0x30 E:/support_tools/arm-gnu-toolchain-15.3.rel1-mingw-w64-x86_64-arm-none-eabi/bin/../lib/gcc/arm-none-eabi/15.3.1/thumb/v7e-m/nofp\libgcc.a(_aeabi_uldivmod.o)
                0x080007a4                __aeabi_uldivmod
 .text          0x080007d4        0x4 E:/support_tools/arm-gnu-toolchain-15.3.rel1-mingw-w64-x86_64-arm-none-eabi/bin/../lib/gcc/arm-none-eabi/15.3.1/thumb/v7e-m/nofp\libgcc.a(_dvmd_tls.o)
                0x080007d4                __aeabi_idiv0
                0x080007d4                __aeabi_ldiv0
 .text          0x080007d8       0x14 E:/support_tools/arm-gnu-toolchain-15.3.rel1-mingw-w64-x86_64-arm-none-eabi/bin/../lib/gcc/arm-none-eabi/15.3.1/../../../../arm-none-eabi/lib/thumb/v7e-m/nofp\libg_nano.a(libc_a-strcmp.o)
                0x080007d8                strcmp
 .text          0x080007ec       0x10 E:/support_tools/arm-gnu-toolchain-15.3.rel1-mingw-w64-x86_64-arm-none-eabi/bin/../lib/gcc/arm-none-eabi/15.3.1/../../../../arm-none-eabi/lib/thumb/v7e-m/nofp\libg_nano.a(libc_a-strlen.o)
                0x080007ec                strlen
 *fill*         0x080007fc        0x4 
 .text          0x08000800       0xa0 E:/support_tools/arm-gnu-toolchain-15.3.rel1-mingw-w64-x86_64-arm-none-eabi/bin/../lib/gcc/arm-none-eabi/15.3.1/../../../../arm-none-eabi/lib/thumb/v7e-m/nofp\libg_nano.a(libc_a-memchr.o)
                0x08000800                memchr
 *(.text*)
 .text.deregister_tm_clones
                0x080008a0       0x1c E:/support_tools/arm-gnu-toolchain-15.3.rel1-mingw-w64-x86_64-arm-none-eabi/bin/../lib/gcc/arm-none-eabi/15.3.1/thumb/v7e-m/nofp/crtbegin.o
 .text.register_tm_clones
                0x080008bc       0x24 E:/support_tools/arm-gnu-toolchain-15.3.rel1-mingw-w64-x86_64-arm-none-eabi/bin/../lib/gcc/arm-none-eabi/15.3.1/thumb/v7e-m/nofp/crtbegin.o
 .text.__do_global_dtors_aux
                0x080008e0       0x28 E:/support_tools/arm-gnu-toolchain-15.3.rel1-mingw-w64-x86_64-arm-none-eabi/bin/../lib/gcc/arm-none-eabi/15.3.1/thumb/v7e-m/nofp/crtbegin.o
 .text.frame_dummy
                0x08000908       0x24 E:/support_tools/arm-gnu-toolchain-15.3.rel1-mingw-w64-x86_64-arm-none-eabi/bin/../lib/gcc/arm-none-eabi/15.3.1/thumb/v7e-m/nofp/crtbegin.o
 .text.memset   0x0800092c       0x10 E:/support_tools/arm-gnu-toolchain-15.3.rel1-mingw-w64-x86_64-arm-none-eabi/bin/../lib/gcc/arm-none-eabi/15.3.1/../../../../arm-none-eabi/lib/thumb/v7e-m/nofp\libc_nano.a(libc_a-memset.o)
                0x0800092c                memset
 .text.__libc_init_array
                0x0800093c       0x48 E:/support_tools/arm-gnu-toolchain-15.3.rel1-mingw-w64-x86_64-arm-none-eabi/bin/../lib/gcc/arm-none-eabi/15.3.1/../../../../arm-none-eabi/lib/thumb/v7e-m/nofp\libc_nano.a(libc_a-init.o)
                0x0800093c                __libc_init_array
 .text.__retarget_lock_acquire_recursive
                0x08000984        0x2 E:/support_tools/arm-gnu-toolchain-15.3.rel1-mingw-w64-x86_64-arm-none-eabi/bin/../lib/gcc/arm-none-eabi/15.3.1/../../../../arm-none-eabi/lib/thumb/v7e-m/nofp\libc_nano.a(libc_a-lock.o)
                0x08000984                __retarget_lock_acquire_recursive
 .text.__retarget_lock_release_recursive
                0x08000986        0x2 E:/support_tools/arm-gnu-toolchain-15.3.rel1-mingw-w64-x86_64-arm-none-eabi/bin/../lib/gcc/arm-none-eabi/15.3.1/../../../../arm-none-eabi/lib/thumb/v7e-m/nofp\libc_nano.a(libc_a-lock.o)
                0x08000986                __retarget_lock_release_recursive
 .text._free_r  0x08000988       0x98 E:/support_tools/arm-gnu-toolchain-15.3.rel1-mingw-w64-x86_64-arm-none-eabi/bin/../lib/gcc/arm-none-eabi/15.3.1/../../../../arm-none-eabi/lib/thumb/v7e-m/nofp\libc_nano.a(libc_a-freer.o)
                0x08000988                _free_r
 .text.sbrk_aligned
                0x08000a20       0x44 E:/support_tools/arm-gnu-toolchain-15.3.rel1-mingw-w64-x86_64-arm-none-eabi/bin/../lib/gcc/arm-none-eabi/15.3.1/../../../../arm-none-eabi/lib/thumb/v7e-m/nofp\libc_nano.a(libc_a-mallocr.o)
 .text._malloc_r
                0x08000a64       0xf8 E:/support_tools/arm-gnu-toolchain-15.3.rel1-mingw-w64-x86_64-arm-none-eabi/bin/../lib/gcc/arm-none-eabi/15.3.1/../../../../arm-none-eabi/lib/thumb/v7e-m/nofp\libc_nano.a(libc_a-mallocr.o)
                0x08000a64                _malloc_r
 .text.__malloc_lock
                0x08000b5c        0xc E:/support_tools/arm-gnu-toolchain-15.3.rel1-mingw-w64-x86_64-arm-none-eabi/bin/../lib/gcc/arm-none-eabi/15.3.1/../../../../arm-none-eabi/lib/thumb/v7e-m/nofp\libc_nano.a(libc_a-mlock.o)
                0x08000b5c                __malloc_lock
 .text.__malloc_unlock
                0x08000b68        0xc E:/support_tools/arm-gnu-toolchain-15.3.rel1-mingw-w64-x86_64-arm-none-eabi/bin/../lib/gcc/arm-none-eabi/15.3.1/../../../../arm-none-eabi/lib/thumb/v7e-m/nofp\libc_nano.a(libc_a-mlock.o)
                0x08000b68                __malloc_unlock
 .text._sbrk_r  0x08000b74       0x20 E:/support_tools/arm-gnu-toolchain-15.3.rel1-mingw-w64-x86_64-arm-none-eabi/bin/../lib/gcc/arm-none-eabi/15.3.1/../../../../arm-none-eabi/lib/thumb/v7e-m/nofp\libc_nano.a(libc_a-sbrkr.o)
                0x08000b74                _sbrk_r
 .text.ui_layout
                0x08000b94       0x88 CMakeFiles/stm32f429_tinyusb_ui.elf.dir/app/app_ui.c.obj
 .text.mk_label.constprop.0
                0x08000c1c       0x88 CMakeFiles/stm32f429_tinyusb_ui.elf.dir/app/app_ui.c.obj
 .text.mk_label_center.constprop.0
                0x08000ca4       0x90 CMakeFiles/stm32f429_tinyusb_ui.elf.dir/app/app_ui.c.obj
 .text.make_band
                0x08000d34       0xac CMakeFiles/stm32f429_tinyusb_ui.elf.dir/app/app_ui.c.obj
 .text.mk_nav_button.constprop.0
                0x08000de0       0xec CMakeFiles/stm32f429_tinyusb_ui.elf.dir/app/app_ui.c.obj
 .text.fmt_vec3.constprop.0
                0x08000ecc      0x1dc CMakeFiles/stm32f429_tinyusb_ui.elf.dir/app/app_ui.c.obj
 .text.refresh_hwinfo
                0x080010a8      0x148 CMakeFiles/stm32f429_tinyusb_ui.elf.dir/app/app_ui.c.obj
 .text.ui_build
                0x080011f0      0x490 CMakeFiles/stm32f429_tinyusb_ui.elf.dir/app/app_ui.c.obj
 .text.ui_tick_cb
                0x08001680      0x140 CMakeFiles/stm32f429_tinyusb_ui.elf.dir/app/app_ui.c.obj
 .text.app_ui_create
                0x080017c0      0x198 CMakeFiles/stm32f429_tinyusb_ui.elf.dir/app/app_ui.c.obj
                0x080017c0                app_ui_create
 .text.app_ui_show_centered
                0x08001958       0xb0 CMakeFiles/stm32f429_tinyusb_ui.elf.dir/app/app_ui.c.obj
                0x08001958                app_ui_show_centered
 .text.app_ui_request_usb_refresh
                0x08001a08       0x18 CMakeFiles/stm32f429_tinyusb_ui.elf.dir/app/app_ui.c.obj
                0x08001a08                app_ui_request_usb_refresh
 .text.app_ui_switch_page
                0x08001a20      0x178 CMakeFiles/stm32f429_tinyusb_ui.elf.dir/app/app_ui.c.obj
                0x08001a20                app_ui_switch_page
 .text.nav_btn_cb
                0x08001b98       0x10 CMakeFiles/stm32f429_tinyusb_ui.elf.dir/app/app_ui.c.obj
 .text.usb_disk_io_complete
                0x08001ba8       0x10 CMakeFiles/stm32f429_tinyusb_ui.elf.dir/app/fs_diskio.c.obj
 .text.fs_diskio_init
                0x08001bb8       0x1c CMakeFiles/stm32f429_tinyusb_ui.elf.dir/app/fs_diskio.c.obj
                0x08001bb8                fs_diskio_init
 .text.fs_lock  0x08001bd4       0x14 CMakeFiles/stm32f429_tinyusb_ui.elf.dir/app/fs_diskio.c.obj
                0x08001bd4                fs_lock
 .text.fs_unlock
                0x08001be8       0x18 CMakeFiles/stm32f429_tinyusb_ui.elf.dir/app/fs_diskio.c.obj
                0x08001be8                fs_unlock
 .text.disk_status
                0x08001c00       0x2c CMakeFiles/stm32f429_tinyusb_ui.elf.dir/app/fs_diskio.c.obj
                0x08001c00                disk_status
 .text.disk_initialize
                0x08001c2c       0x1c CMakeFiles/stm32f429_tinyusb_ui.elf.dir/app/fs_diskio.c.obj
                0x08001c2c                disk_initialize
 .text.disk_read
                0x08001c48       0xb0 CMakeFiles/stm32f429_tinyusb_ui.elf.dir/app/fs_diskio.c.obj
                0x08001c48                disk_read
 .text.disk_write
                0x08001cf8       0xac CMakeFiles/stm32f429_tinyusb_ui.elf.dir/app/fs_diskio.c.obj
                0x08001cf8                disk_write
 .text.disk_ioctl
                0x08001da4       0x90 CMakeFiles/stm32f429_tinyusb_ui.elf.dir/app/fs_diskio.c.obj
                0x08001da4                disk_ioctl
 .text.led_task
                0x08001e34       0x64 CMakeFiles/stm32f429_tinyusb_ui.elf.dir/app/main.c.obj
 .text.bsp_delay_ms
                0x08001e98       0x20 CMakeFiles/stm32f429_tinyusb_ui.elf.dir/app/main.c.obj
                0x08001e98                bsp_delay_ms
 .text.Error_Handler
                0x08001eb8       0x2c CMakeFiles/stm32f429_tinyusb_ui.elf.dir/app/main.c.obj
                0x08001eb8                Error_Handler
 .text.startup.main
                0x08001ee4      0x17c CMakeFiles/stm32f429_tinyusb_ui.elf.dir/app/main.c.obj
                0x08001ee4                main
 .text.vApplicationAssertFailed
                0x08002060        0x8 CMakeFiles/stm32f429_tinyusb_ui.elf.dir/app/main.c.obj
                0x08002060                vApplicationAssertFailed
 .text.vApplicationMallocFailedHook
                0x08002068        0x8 CMakeFiles/stm32f429_tinyusb_ui.elf.dir/app/main.c.obj
                0x08002068                vApplicationMallocFailedHook
 .text.vApplicationStackOverflowHook
                0x08002070        0x8 CMakeFiles/stm32f429_tinyusb_ui.elf.dir/app/main.c.obj
                0x08002070                vApplicationStackOverflowHook
 .text.sd_card_set_quiet
                0x08002078        0x4 CMakeFiles/stm32f429_tinyusb_ui.elf.dir/app/sd_card.c.obj
                0x08002078                sd_card_set_quiet
 .text.sd_card_init
                0x0800207c       0x58 CMakeFiles/stm32f429_tinyusb_ui.elf.dir/app/sd_card.c.obj
                0x0800207c                sd_card_init
 .text.sd_card_invalidate
                0x080020d4       0x38 CMakeFiles/stm32f429_tinyusb_ui.elf.dir/app/sd_card.c.obj
                0x080020d4                sd_card_invalidate
 .text.sd_card_is_ready
                0x0800210c        0xc CMakeFiles/stm32f429_tinyusb_ui.elf.dir/app/sd_card.c.obj
                0x0800210c                sd_card_is_ready
 .text.sd_card_capacity_mb
                0x08002118       0x40 CMakeFiles/stm32f429_tinyusb_ui.elf.dir/app/sd_card.c.obj
                0x08002118                sd_card_capacity_mb
 .text.sensor_get
                0x08002158       0x44 CMakeFiles/stm32f429_tinyusb_ui.elf.dir/app/sensor_task.c.obj
                0x08002158                sensor_get
 .text.sensor_task
                0x0800219c      0x1f8 CMakeFiles/stm32f429_tinyusb_ui.elf.dir/app/sensor_task.c.obj
                0x0800219c                sensor_task
 .text.HAL_InitTick
                0x08002394       0xb8 CMakeFiles/stm32f429_tinyusb_ui.elf.dir/app/stm32f4xx_hal_timebase_tim.c.obj
                0x08002394                HAL_InitTick
 .text.HAL_TIM_PeriodElapsedCallback
                0x0800244c       0x14 CMakeFiles/stm32f429_tinyusb_ui.elf.dir/app/stm32f4xx_hal_timebase_tim.c.obj
                0x0800244c                HAL_TIM_PeriodElapsedCallback
 .text.NMI_Handler
                0x08002460        0x4 CMakeFiles/stm32f429_tinyusb_ui.elf.dir/app/stm32f4xx_it.c.obj
                0x08002460                NMI_Handler
 .text.HardFault_Handler
                0x08002464        0x4 CMakeFiles/stm32f429_tinyusb_ui.elf.dir/app/stm32f4xx_it.c.obj
                0x08002464                HardFault_Handler
 .text.MemManage_Handler
                0x08002468        0x4 CMakeFiles/stm32f429_tinyusb_ui.elf.dir/app/stm32f4xx_it.c.obj
                0x08002468                MemManage_Handler
 .text.BusFault_Handler
                0x0800246c        0x4 CMakeFiles/stm32f429_tinyusb_ui.elf.dir/app/stm32f4xx_it.c.obj
                0x0800246c                BusFault_Handler
 .text.UsageFault_Handler
                0x08002470        0x4 CMakeFiles/stm32f429_tinyusb_ui.elf.dir/app/stm32f4xx_it.c.obj
                0x08002470                UsageFault_Handler
 .text.DebugMon_Handler
                0x08002474        0x4 CMakeFiles/stm32f429_tinyusb_ui.elf.dir/app/stm32f4xx_it.c.obj
                0x08002474                DebugMon_Handler
 .text.TIM7_IRQHandler
                0x08002478        0xc CMakeFiles/stm32f429_tinyusb_ui.elf.dir/app/stm32f4xx_it.c.obj
                0x08002478                TIM7_IRQHandler
 .text.OTG_FS_IRQHandler
                0x08002484        0x8 CMakeFiles/stm32f429_tinyusb_ui.elf.dir/app/stm32f4xx_it.c.obj
                0x08002484                OTG_FS_IRQHandler
 .text.EXTI9_5_IRQHandler
                0x0800248c        0xc CMakeFiles/stm32f429_tinyusb_ui.elf.dir/app/stm32f4xx_it.c.obj
                0x0800248c                EXTI9_5_IRQHandler
 .text._sbrk    0x08002498       0x1c CMakeFiles/stm32f429_tinyusb_ui.elf.dir/app/syscalls.c.obj
                0x08002498                _sbrk
 .text.touch_task
                0x080024b4       0xc4 CMakeFiles/stm32f429_tinyusb_ui.elf.dir/app/touch_task.c.obj
                0x080024b4                touch_task
 .text.ui_task  0x08002578      0x1d0 CMakeFiles/stm32f429_tinyusb_ui.elf.dir/app/ui_task.c.obj
                0x08002578                ui_task
 .text.seed_demo_files
                0x08002748       0x74 CMakeFiles/stm32f429_tinyusb_ui.elf.dir/app/usb_host_app.c.obj
 .text.explore_dir
                0x080027bc       0xc4 CMakeFiles/stm32f429_tinyusb_ui.elf.dir/app/usb_host_app.c.obj
 .text.file_task
                0x08002880       0x88 CMakeFiles/stm32f429_tinyusb_ui.elf.dir/app/usb_host_app.c.obj
 .text.tuh_msc_mount_cb
                0x08002908       0x20 CMakeFiles/stm32f429_tinyusb_ui.elf.dir/app/usb_host_app.c.obj
                0x08002908                tuh_msc_mount_cb
 .text.tuh_msc_umount_cb
                0x08002928       0x18 CMakeFiles/stm32f429_tinyusb_ui.elf.dir/app/usb_host_app.c.obj
                0x08002928                tuh_msc_umount_cb
 .text.usbh_app_init
                0x08002940       0x44 CMakeFiles/stm32f429_tinyusb_ui.elf.dir/app/usb_host_app.c.obj
                0x08002940                usbh_app_init
 .text.usbh_host_task
                0x08002984       0x30 CMakeFiles/stm32f429_tinyusb_ui.elf.dir/app/usb_host_app.c.obj
                0x08002984                usbh_host_task
 .text.bsp_ap3216c_init
                0x080029b4       0x60 CMakeFiles/stm32f429_tinyusb_ui.elf.dir/bsp/bsp_ap3216.c.obj
                0x080029b4                bsp_ap3216c_init
 .text.bsp_ap3216c_read
                0x08002a14       0x84 CMakeFiles/stm32f429_tinyusb_ui.elf.dir/bsp/bsp_ap3216.c.obj
                0x08002a14                bsp_ap3216c_read
 .text.bsp_delay_us
                0x08002a98       0x4c CMakeFiles/stm32f429_tinyusb_ui.elf.dir/bsp/bsp_delay.c.obj
                0x08002a98                bsp_delay_us
 .text.gt_read.constprop.0
                0x08002ae4       0x70 CMakeFiles/stm32f429_tinyusb_ui.elf.dir/bsp/bsp_gt9147.c.obj
 .text.bsp_gt9147_init
                0x08002b54      0x348 CMakeFiles/stm32f429_tinyusb_ui.elf.dir/bsp/bsp_gt9147.c.obj
                0x08002b54                bsp_gt9147_init
 .text.bsp_gt9147_is_ready
                0x08002e9c       0x10 CMakeFiles/stm32f429_tinyusb_ui.elf.dir/bsp/bsp_gt9147.c.obj
                0x08002e9c                bsp_gt9147_is_ready
 .text.bsp_gt9147_panel_x
                0x08002eac        0xc CMakeFiles/stm32f429_tinyusb_ui.elf.dir/bsp/bsp_gt9147.c.obj
                0x08002eac                bsp_gt9147_panel_x
 .text.bsp_gt9147_panel_y
                0x08002eb8        0xc CMakeFiles/stm32f429_tinyusb_ui.elf.dir/bsp/bsp_gt9147.c.obj
                0x08002eb8                bsp_gt9147_panel_y
 .text.bsp_gt9147_read
                0x08002ec4       0xe8 CMakeFiles/stm32f429_tinyusb_ui.elf.dir/bsp/bsp_gt9147.c.obj
                0x08002ec4                bsp_gt9147_read
 .text.BSP_I2C_Init
                0x08002fac       0x98 CMakeFiles/stm32f429_tinyusb_ui.elf.dir/bsp/bsp_i2c.c.obj
                0x08002fac                BSP_I2C_Init
 .text.BSP_I2C_Recover
                0x08003044      0x180 CMakeFiles/stm32f429_tinyusb_ui.elf.dir/bsp/bsp_i2c.c.obj
                0x08003044                BSP_I2C_Recover
 .text.get_lcd_info
                0x080031c4        0x8 CMakeFiles/stm32f429_tinyusb_ui.elf.dir/bsp/bsp_lcd.c.obj
                0x080031c4                get_lcd_info
 .text.lcd_driver_ready
                0x080031cc       0x10 CMakeFiles/stm32f429_tinyusb_ui.elf.dir/bsp/bsp_lcd.c.obj
                0x080031cc                lcd_driver_ready
 .text.lcd_driver_clear
                0x080031dc       0x7c CMakeFiles/stm32f429_tinyusb_ui.elf.dir/bsp/bsp_lcd.c.obj
                0x080031dc                lcd_driver_clear
 .text.lcd_driver_init
                0x08003258     0x1a48 CMakeFiles/stm32f429_tinyusb_ui.elf.dir/bsp/bsp_lcd.c.obj
                0x08003258                lcd_driver_init
 .text.lcd_color_fill
                0x08004ca0       0xf0 CMakeFiles/stm32f429_tinyusb_ui.elf.dir/bsp/bsp_lcd.c.obj
                0x08004ca0                lcd_color_fill
 .text.lcd_driver_font_source
                0x08004d90        0x8 CMakeFiles/stm32f429_tinyusb_ui.elf.dir/bsp/bsp_lcd_text.c.obj
                0x08004d90                lcd_driver_font_source
 .text.lcd_driver_font_init
                0x08004d98      0x140 CMakeFiles/stm32f429_tinyusb_ui.elf.dir/bsp/bsp_lcd_text.c.obj
                0x08004d98                lcd_driver_font_init
 .text.lcd_driver_font_status
                0x08004ed8       0x3c CMakeFiles/stm32f429_tinyusb_ui.elf.dir/bsp/bsp_lcd_text.c.obj
                0x08004ed8                lcd_driver_font_status
 .text.lcd_driver_get_hzmat_raw
                0x08004f14       0xec CMakeFiles/stm32f429_tinyusb_ui.elf.dir/bsp/bsp_lcd_text.c.obj
                0x08004f14                lcd_driver_get_hzmat_raw
 .text.BSP_LED_Init
                0x08005000       0x5c CMakeFiles/stm32f429_tinyusb_ui.elf.dir/bsp/bsp_led.c.obj
                0x08005000                BSP_LED_Init
 .text.BSP_LED_On
                0x0800505c       0x18 CMakeFiles/stm32f429_tinyusb_ui.elf.dir/bsp/bsp_led.c.obj
                0x0800505c                BSP_LED_On
 .text.BSP_LED_Off
                0x08005074       0x20 CMakeFiles/stm32f429_tinyusb_ui.elf.dir/bsp/bsp_led.c.obj
                0x08005074                BSP_LED_Off
 .text.BSP_LED_Toggle
                0x08005094       0x1c CMakeFiles/stm32f429_tinyusb_ui.elf.dir/bsp/bsp_led.c.obj
                0x08005094                BSP_LED_Toggle
 .text.bsp_mpu9250_init
                0x080050b0      0x298 CMakeFiles/stm32f429_tinyusb_ui.elf.dir/bsp/bsp_mpu9250.c.obj
                0x080050b0                bsp_mpu9250_init
 .text.bsp_mpu9250_read
                0x08005348      0x1bc CMakeFiles/stm32f429_tinyusb_ui.elf.dir/bsp/bsp_mpu9250.c.obj
                0x08005348                bsp_mpu9250_read
 .text.BSP_PCF8574_Write
                0x08005504       0x24 CMakeFiles/stm32f429_tinyusb_ui.elf.dir/bsp/bsp_pcf8574.c.obj
                0x08005504                BSP_PCF8574_Write
 .text.bsp_sdio_init
                0x08005528       0xd4 CMakeFiles/stm32f429_tinyusb_ui.elf.dir/bsp/bsp_sdio.c.obj
                0x08005528                bsp_sdio_init
 .text.bsp_sdio_deinit
                0x080055fc       0x18 CMakeFiles/stm32f429_tinyusb_ui.elf.dir/bsp/bsp_sdio.c.obj
                0x080055fc                bsp_sdio_deinit
 .text.bsp_sdio_is_ready
                0x08005614        0xc CMakeFiles/stm32f429_tinyusb_ui.elf.dir/bsp/bsp_sdio.c.obj
                0x08005614                bsp_sdio_is_ready
 .text.bsp_sdio_read_blocks
                0x08005620       0x54 CMakeFiles/stm32f429_tinyusb_ui.elf.dir/bsp/bsp_sdio.c.obj
                0x08005620                bsp_sdio_read_blocks
 .text.bsp_sdio_write_blocks
                0x08005674       0x54 CMakeFiles/stm32f429_tinyusb_ui.elf.dir/bsp/bsp_sdio.c.obj
                0x08005674                bsp_sdio_write_blocks
 .text.bsp_sdio_get_info
                0x080056c8       0x40 CMakeFiles/stm32f429_tinyusb_ui.elf.dir/bsp/bsp_sdio.c.obj
                0x080056c8                bsp_sdio_get_info
 .text.bsp_sdram_init
                0x08005708      0x264 CMakeFiles/stm32f429_tinyusb_ui.elf.dir/bsp/bsp_sdram.c.obj
                0x08005708                bsp_sdram_init
 .text.bsp_sw_i2c_init
                0x0800596c       0x84 CMakeFiles/stm32f429_tinyusb_ui.elf.dir/bsp/bsp_sw_i2c.c.obj
                0x0800596c                bsp_sw_i2c_init
 .text.bsp_sw_i2c_start
                0x080059f0       0x50 CMakeFiles/stm32f429_tinyusb_ui.elf.dir/bsp/bsp_sw_i2c.c.obj
                0x080059f0                bsp_sw_i2c_start
 .text.bsp_sw_i2c_stop
                0x08005a40       0x50 CMakeFiles/stm32f429_tinyusb_ui.elf.dir/bsp/bsp_sw_i2c.c.obj
                0x08005a40                bsp_sw_i2c_stop
 .text.bsp_sw_i2c_send_byte
                0x08005a90       0xac CMakeFiles/stm32f429_tinyusb_ui.elf.dir/bsp/bsp_sw_i2c.c.obj
                0x08005a90                bsp_sw_i2c_send_byte
 .text.bsp_sw_i2c_read_byte
                0x08005b3c       0xdc CMakeFiles/stm32f429_tinyusb_ui.elf.dir/bsp/bsp_sw_i2c.c.obj
                0x08005b3c                bsp_sw_i2c_read_byte
 .text.touch_exti_cb
                0x08005c18       0x40 CMakeFiles/stm32f429_tinyusb_ui.elf.dir/bsp/bsp_touch.c.obj
 .text.bsp_touch_init
                0x08005c58      0x100 CMakeFiles/stm32f429_tinyusb_ui.elf.dir/bsp/bsp_touch.c.obj
                0x08005c58                bsp_touch_init
 .text.bsp_touch_wait
                0x08005d58       0x24 CMakeFiles/stm32f429_tinyusb_ui.elf.dir/bsp/bsp_touch.c.obj
                0x08005d58                bsp_touch_wait
 .text.bsp_touch_scan
                0x08005d7c      0x110 CMakeFiles/stm32f429_tinyusb_ui.elf.dir/bsp/bsp_touch.c.obj
                0x08005d7c                bsp_touch_scan
 .text.bsp_touch_get
                0x08005e8c       0x28 CMakeFiles/stm32f429_tinyusb_ui.elf.dir/bsp/bsp_touch.c.obj
                0x08005e8c                bsp_touch_get
 .text.bsp_touch_irq_count
                0x08005eb4        0xc CMakeFiles/stm32f429_tinyusb_ui.elf.dir/bsp/bsp_touch.c.obj
                0x08005eb4                bsp_touch_irq_count
 .text.bsp_touch_press_count
                0x08005ec0        0xc CMakeFiles/stm32f429_tinyusb_ui.elf.dir/bsp/bsp_touch.c.obj
                0x08005ec0                bsp_touch_press_count
 .text.BSP_UART_Init
                0x08005ecc       0xa4 CMakeFiles/stm32f429_tinyusb_ui.elf.dir/bsp/bsp_uart.c.obj
                0x08005ecc                BSP_UART_Init
 .text.USART3_IRQHandler
                0x08005f70       0x70 CMakeFiles/stm32f429_tinyusb_ui.elf.dir/bsp/bsp_uart.c.obj
                0x08005f70                USART3_IRQHandler
 .text.USBH_HW_Init
                0x08005fe0       0x7c CMakeFiles/stm32f429_tinyusb_ui.elf.dir/bsp/bsp_usb_hw.c.obj
                0x08005fe0                USBH_HW_Init
 .text.gbk_get_glyph_dsc
                0x0800605c       0x58 CMakeFiles/stm32f429_tinyusb_ui.elf.dir/bsp/lv_font_gbk.c.obj
 .text.gbk_get_glyph_bitmap
                0x080060b4      0x238 CMakeFiles/stm32f429_tinyusb_ui.elf.dir/bsp/lv_font_gbk.c.obj
 .text.lv_font_gbk_reset_cache
                0x080062ec       0x40 CMakeFiles/stm32f429_tinyusb_ui.elf.dir/bsp/lv_font_gbk.c.obj
                0x080062ec                lv_font_gbk_reset_cache
 .text.lv_font_gbk_cache_stats
                0x0800632c       0x1c CMakeFiles/stm32f429_tinyusb_ui.elf.dir/bsp/lv_font_gbk.c.obj
                0x0800632c                lv_font_gbk_cache_stats
 .text.lv_gbk_from_unicode
                0x08006348       0x60 CMakeFiles/stm32f429_tinyusb_ui.elf.dir/bsp/lv_gbk_map.c.obj
                0x08006348                lv_gbk_from_unicode
 .text.disp_flush
                0x080063a8       0x34 CMakeFiles/stm32f429_tinyusb_ui.elf.dir/bsp/lv_port_disp.c.obj
 .text.lv_port_disp_init
                0x080063dc       0x58 CMakeFiles/stm32f429_tinyusb_ui.elf.dir/bsp/lv_port_disp.c.obj
                0x080063dc                lv_port_disp_init
 .text.touchpad_read
                0x08006434       0x40 CMakeFiles/stm32f429_tinyusb_ui.elf.dir/bsp/lv_port_indev.c.obj
 .text.lv_port_indev_init
                0x08006474       0x24 CMakeFiles/stm32f429_tinyusb_ui.elf.dir/bsp/lv_port_indev.c.obj
                0x08006474                lv_port_indev_init
 .text.SystemInit
                0x08006498        0x4 CMakeFiles/stm32f429_tinyusb_ui.elf.dir/sys_startup/system_stm32f4xx.c.obj
                0x08006498                SystemInit
 .text.Reset_Handler
                0x0800649c       0x50 CMakeFiles/stm32f429_tinyusb_ui.elf.dir/sys_startup/gcc/startup_stm32f429xx.s.obj
                0x0800649c                Reset_Handler
 .text.Default_Handler
                0x080064ec        0x2 CMakeFiles/stm32f429_tinyusb_ui.elf.dir/sys_startup/gcc/startup_stm32f429xx.s.obj
                0x080064ec                RTC_Alarm_IRQHandler
                0x080064ec                HASH_RNG_IRQHandler
                0x080064ec                EXTI2_IRQHandler
                0x080064ec                TIM8_CC_IRQHandler
                0x080064ec                UART8_IRQHandler
                0x080064ec                SPI4_IRQHandler
                0x080064ec                TIM1_CC_IRQHandler
                0x080064ec                DMA2_Stream5_IRQHandler
                0x080064ec                DMA1_Stream5_IRQHandler
                0x080064ec                SysTick_Handler
                0x080064ec                PVD_IRQHandler
                0x080064ec                SDIO_IRQHandler
                0x080064ec                TAMP_STAMP_IRQHandler
                0x080064ec                PendSV_Handler
                0x080064ec                CAN2_RX1_IRQHandler
                0x080064ec                EXTI3_IRQHandler
                0x080064ec                TIM8_TRG_COM_TIM14_IRQHandler
                0x080064ec                TIM1_UP_TIM10_IRQHandler
                0x080064ec                TIM8_UP_TIM13_IRQHandler
                0x080064ec                I2C3_ER_IRQHandler
                0x080064ec                EXTI0_IRQHandler
                0x080064ec                I2C2_EV_IRQHandler
                0x080064ec                DMA1_Stream2_IRQHandler
                0x080064ec                CAN1_RX0_IRQHandler
                0x080064ec                FPU_IRQHandler
                0x080064ec                OTG_HS_WKUP_IRQHandler
                0x080064ec                LTDC_ER_IRQHandler
                0x080064ec                CAN2_SCE_IRQHandler
                0x080064ec                DMA2_Stream2_IRQHandler
                0x080064ec                SPI1_IRQHandler
                0x080064ec                TIM6_DAC_IRQHandler
                0x080064ec                TIM1_BRK_TIM9_IRQHandler
                0x080064ec                DCMI_IRQHandler
                0x080064ec                CAN2_RX0_IRQHandler
                0x080064ec                DMA2_Stream3_IRQHandler
                0x080064ec                USART6_IRQHandler
                0x080064ec                CRYP_IRQHandler
                0x080064ec                CAN1_RX1_IRQHandler
                0x080064ec                UART5_IRQHandler
                0x080064ec                DMA2_Stream0_IRQHandler
                0x080064ec                TIM4_IRQHandler
                0x080064ec                I2C1_EV_IRQHandler
                0x080064ec                DMA1_Stream6_IRQHandler
                0x080064ec                DMA1_Stream1_IRQHandler
                0x080064ec                UART4_IRQHandler
                0x080064ec                TIM3_IRQHandler
                0x080064ec                RCC_IRQHandler
                0x080064ec                TIM8_BRK_TIM12_IRQHandler
                0x080064ec                Default_Handler
                0x080064ec                EXTI15_10_IRQHandler
                0x080064ec                ADC_IRQHandler
                0x080064ec                DMA1_Stream7_IRQHandler
                0x080064ec                SPI5_IRQHandler
                0x080064ec                CAN2_TX_IRQHandler
                0x080064ec                TIM5_IRQHandler
                0x080064ec                DMA2_Stream7_IRQHandler
                0x080064ec                I2C3_EV_IRQHandler
                0x080064ec                RTC_WKUP_IRQHandler
                0x080064ec                LTDC_IRQHandler
                0x080064ec                ETH_WKUP_IRQHandler
                0x080064ec                SPI2_IRQHandler
                0x080064ec                OTG_HS_EP1_IN_IRQHandler
                0x080064ec                DMA1_Stream0_IRQHandler
                0x080064ec                CAN1_TX_IRQHandler
                0x080064ec                SVC_Handler
                0x080064ec                EXTI4_IRQHandler
                0x080064ec                ETH_IRQHandler
                0x080064ec                OTG_HS_EP1_OUT_IRQHandler
                0x080064ec                WWDG_IRQHandler
                0x080064ec                SPI6_IRQHandler
                0x080064ec                TIM2_IRQHandler
                0x080064ec                OTG_FS_WKUP_IRQHandler
                0x080064ec                TIM1_TRG_COM_TIM11_IRQHandler
                0x080064ec                OTG_HS_IRQHandler
                0x080064ec                DMA2D_IRQHandler
                0x080064ec                EXTI1_IRQHandler
                0x080064ec                UART7_IRQHandler
                0x080064ec                USART2_IRQHandler
                0x080064ec                I2C2_ER_IRQHandler
                0x080064ec                DMA2_Stream1_IRQHandler
                0x080064ec                CAN1_SCE_IRQHandler
                0x080064ec                FLASH_IRQHandler
                0x080064ec                DMA2_Stream4_IRQHandler
                0x080064ec                USART1_IRQHandler
                0x080064ec                SPI3_IRQHandler
                0x080064ec                DMA1_Stream4_IRQHandler
                0x080064ec                I2C1_ER_IRQHandler
                0x080064ec                FMC_IRQHandler
                0x080064ec                DMA2_Stream6_IRQHandler
                0x080064ec                SAI1_IRQHandler
                0x080064ec                DMA1_Stream3_IRQHandler
 *fill*         0x080064ee        0x2 
 .text.HAL_MspInit
                0x080064f0        0x4 CMakeFiles/stm32f429_tinyusb_ui.elf.dir/Drivers/STM32F4xx_HAL_Driver/Src/stm32f4xx_hal.c.obj
                0x080064f0                HAL_MspInit
 .text.HAL_Init
                0x080064f4       0x34 CMakeFiles/stm32f429_tinyusb_ui.elf.dir/Drivers/STM32F4xx_HAL_Driver/Src/stm32f4xx_hal.c.obj
                0x080064f4                HAL_Init
 .text.HAL_IncTick
                0x08006528       0x18 CMakeFiles/stm32f429_tinyusb_ui.elf.dir/Drivers/STM32F4xx_HAL_Driver/Src/stm32f4xx_hal.c.obj
                0x08006528                HAL_IncTick
 .text.HAL_GetTick
                0x08006540        0xc CMakeFiles/stm32f429_tinyusb_ui.elf.dir/Drivers/STM32F4xx_HAL_Driver/Src/stm32f4xx_hal.c.obj
                0x08006540                HAL_GetTick
 .text.HAL_Delay
                0x0800654c       0x24 CMakeFiles/stm32f429_tinyusb_ui.elf.dir/Drivers/STM32F4xx_HAL_Driver/Src/stm32f4xx_hal.c.obj
                0x0800654c                HAL_Delay
 .text.HAL_NVIC_SetPriorityGrouping
                0x08006570       0x24 CMakeFiles/stm32f429_tinyusb_ui.elf.dir/Drivers/STM32F4xx_HAL_Driver/Src/stm32f4xx_hal_cortex.c.obj
                0x08006570                HAL_NVIC_SetPriorityGrouping
 .text.HAL_NVIC_SetPriority
                0x08006594       0x64 CMakeFiles/stm32f429_tinyusb_ui.elf.dir/Drivers/STM32F4xx_HAL_Driver/Src/stm32f4xx_hal_cortex.c.obj
                0x08006594                HAL_NVIC_SetPriority
 .text.HAL_NVIC_EnableIRQ
                0x080065f8       0x1c CMakeFiles/stm32f429_tinyusb_ui.elf.dir/Drivers/STM32F4xx_HAL_Driver/Src/stm32f4xx_hal_cortex.c.obj
                0x080065f8                HAL_NVIC_EnableIRQ
 .text.HAL_RCC_OscConfig
                0x08006614      0x3d4 CMakeFiles/stm32f429_tinyusb_ui.elf.dir/Drivers/STM32F4xx_HAL_Driver/Src/stm32f4xx_hal_rcc.c.obj
                0x08006614                HAL_RCC_OscConfig
 .text.HAL_RCC_GetSysClockFreq
                0x080069e8       0x68 CMakeFiles/stm32f429_tinyusb_ui.elf.dir/Drivers/STM32F4xx_HAL_Driver/Src/stm32f4xx_hal_rcc.c.obj
                0x080069e8                HAL_RCC_GetSysClockFreq
 .text.HAL_RCC_ClockConfig
                0x08006a50      0x134 CMakeFiles/stm32f429_tinyusb_ui.elf.dir/Drivers/STM32F4xx_HAL_Driver/Src/stm32f4xx_hal_rcc.c.obj
                0x08006a50                HAL_RCC_ClockConfig
 .text.HAL_RCC_GetPCLK1Freq
                0x08006b84       0x20 CMakeFiles/stm32f429_tinyusb_ui.elf.dir/Drivers/STM32F4xx_HAL_Driver/Src/stm32f4xx_hal_rcc.c.obj
                0x08006b84                HAL_RCC_GetPCLK1Freq
 .text.HAL_RCC_GetPCLK2Freq
                0x08006ba4       0x20 CMakeFiles/stm32f429_tinyusb_ui.elf.dir/Drivers/STM32F4xx_HAL_Driver/Src/stm32f4xx_hal_rcc.c.obj
                0x08006ba4                HAL_RCC_GetPCLK2Freq
 .text.HAL_RCC_GetClockConfig
                0x08006bc4       0x40 CMakeFiles/stm32f429_tinyusb_ui.elf.dir/Drivers/STM32F4xx_HAL_Driver/Src/stm32f4xx_hal_rcc.c.obj
                0x08006bc4                HAL_RCC_GetClockConfig
 .text.HAL_GPIO_Init
                0x08006c04      0x408 CMakeFiles/stm32f429_tinyusb_ui.elf.dir/Drivers/STM32F4xx_HAL_Driver/Src/stm32f4xx_hal_gpio.c.obj
                0x08006c04                HAL_GPIO_Init
 .text.HAL_GPIO_ReadPin
                0x0800700c        0xc CMakeFiles/stm32f429_tinyusb_ui.elf.dir/Drivers/STM32F4xx_HAL_Driver/Src/stm32f4xx_hal_gpio.c.obj
                0x0800700c                HAL_GPIO_ReadPin
 .text.HAL_GPIO_WritePin
                0x08007018        0x8 CMakeFiles/stm32f429_tinyusb_ui.elf.dir/Drivers/STM32F4xx_HAL_Driver/Src/stm32f4xx_hal_gpio.c.obj
                0x08007018                HAL_GPIO_WritePin
 .text.HAL_GPIO_TogglePin
                0x08007020       0x14 CMakeFiles/stm32f429_tinyusb_ui.elf.dir/Drivers/STM32F4xx_HAL_Driver/Src/stm32f4xx_hal_gpio.c.obj
                0x08007020                HAL_GPIO_TogglePin
 .text.HAL_EXTI_SetConfigLine
                0x08007034       0xb4 CMakeFiles/stm32f429_tinyusb_ui.elf.dir/Drivers/STM32F4xx_HAL_Driver/Src/stm32f4xx_hal_exti.c.obj
                0x08007034                HAL_EXTI_SetConfigLine
 .text.HAL_EXTI_RegisterCallback
                0x080070e8        0xc CMakeFiles/stm32f429_tinyusb_ui.elf.dir/Drivers/STM32F4xx_HAL_Driver/Src/stm32f4xx_hal_exti.c.obj
                0x080070e8                HAL_EXTI_RegisterCallback
 .text.HAL_EXTI_GetHandle
                0x080070f4        0xc CMakeFiles/stm32f429_tinyusb_ui.elf.dir/Drivers/STM32F4xx_HAL_Driver/Src/stm32f4xx_hal_exti.c.obj
                0x080070f4                HAL_EXTI_GetHandle
 .text.HAL_EXTI_IRQHandler
                0x08007100       0x24 CMakeFiles/stm32f429_tinyusb_ui.elf.dir/Drivers/STM32F4xx_HAL_Driver/Src/stm32f4xx_hal_exti.c.obj
                0x08007100                HAL_EXTI_IRQHandler
 .text.HAL_UART_MspInit
                0x08007124        0x4 CMakeFiles/stm32f429_tinyusb_ui.elf.dir/Drivers/STM32F4xx_HAL_Driver/Src/stm32f4xx_hal_uart.c.obj
                0x08007124                HAL_UART_MspInit
 .text.HAL_UART_Init
                0x08007128      0x124 CMakeFiles/stm32f429_tinyusb_ui.elf.dir/Drivers/STM32F4xx_HAL_Driver/Src/stm32f4xx_hal_uart.c.obj
                0x08007128                HAL_UART_Init
 .text.I2C_RequestMemoryWrite
                0x0800724c      0x240 CMakeFiles/stm32f429_tinyusb_ui.elf.dir/Drivers/STM32F4xx_HAL_Driver/Src/stm32f4xx_hal_i2c.c.obj
 .text.I2C_RequestMemoryRead
                0x0800748c      0x300 CMakeFiles/stm32f429_tinyusb_ui.elf.dir/Drivers/STM32F4xx_HAL_Driver/Src/stm32f4xx_hal_i2c.c.obj
 .text.HAL_I2C_MspInit
                0x0800778c        0x4 CMakeFiles/stm32f429_tinyusb_ui.elf.dir/Drivers/STM32F4xx_HAL_Driver/Src/stm32f4xx_hal_i2c.c.obj
                0x0800778c                HAL_I2C_MspInit
 .text.HAL_I2C_Init
                0x08007790      0x19c CMakeFiles/stm32f429_tinyusb_ui.elf.dir/Drivers/STM32F4xx_HAL_Driver/Src/stm32f4xx_hal_i2c.c.obj
                0x08007790                HAL_I2C_Init
 .text.HAL_I2C_MspDeInit
                0x0800792c        0x4 CMakeFiles/stm32f429_tinyusb_ui.elf.dir/Drivers/STM32F4xx_HAL_Driver/Src/stm32f4xx_hal_i2c.c.obj
                0x0800792c                HAL_I2C_MspDeInit
 .text.HAL_I2C_DeInit
                0x08007930       0x3c CMakeFiles/stm32f429_tinyusb_ui.elf.dir/Drivers/STM32F4xx_HAL_Driver/Src/stm32f4xx_hal_i2c.c.obj
                0x08007930                HAL_I2C_DeInit
 .text.HAL_I2C_Master_Transmit
                0x0800796c      0x3b8 CMakeFiles/stm32f429_tinyusb_ui.elf.dir/Drivers/STM32F4xx_HAL_Driver/Src/stm32f4xx_hal_i2c.c.obj
                0x0800796c                HAL_I2C_Master_Transmit
 .text.HAL_I2C_Mem_Write
                0x08007d24      0x1fc CMakeFiles/stm32f429_tinyusb_ui.elf.dir/Drivers/STM32F4xx_HAL_Driver/Src/stm32f4xx_hal_i2c.c.obj
                0x08007d24                HAL_I2C_Mem_Write
 .text.HAL_I2C_Mem_Read
                0x08007f20      0x374 CMakeFiles/stm32f429_tinyusb_ui.elf.dir/Drivers/STM32F4xx_HAL_Driver/Src/stm32f4xx_hal_i2c.c.obj
                0x08007f20                HAL_I2C_Mem_Read
 .text.HAL_TIM_Base_MspInit
                0x08008294        0x4 CMakeFiles/stm32f429_tinyusb_ui.elf.dir/Drivers/STM32F4xx_HAL_Driver/Src/stm32f4xx_hal_tim.c.obj
                0x08008294                HAL_TIM_Base_MspInit
 .text.HAL_TIM_Base_Init
                0x08008298      0x130 CMakeFiles/stm32f429_tinyusb_ui.elf.dir/Drivers/STM32F4xx_HAL_Driver/Src/stm32f4xx_hal_tim.c.obj
                0x08008298                HAL_TIM_Base_Init
 .text.HAL_TIM_Base_Start_IT
                0x080083c8       0x74 CMakeFiles/stm32f429_tinyusb_ui.elf.dir/Drivers/STM32F4xx_HAL_Driver/Src/stm32f4xx_hal_tim.c.obj
                0x080083c8                HAL_TIM_Base_Start_IT
 .text.HAL_TIM_Base_Stop_IT
                0x0800843c       0x30 CMakeFiles/stm32f429_tinyusb_ui.elf.dir/Drivers/STM32F4xx_HAL_Driver/Src/stm32f4xx_hal_tim.c.obj
                0x0800843c                HAL_TIM_Base_Stop_IT
 .text.HAL_TIM_OC_DelayElapsedCallback
                0x0800846c        0x4 CMakeFiles/stm32f429_tinyusb_ui.elf.dir/Drivers/STM32F4xx_HAL_Driver/Src/stm32f4xx_hal_tim.c.obj
                0x0800846c                HAL_TIM_OC_DelayElapsedCallback
 .text.HAL_TIM_IC_CaptureCallback
                0x08008470        0x4 CMakeFiles/stm32f429_tinyusb_ui.elf.dir/Drivers/STM32F4xx_HAL_Driver/Src/stm32f4xx_hal_tim.c.obj
                0x08008470                HAL_TIM_IC_CaptureCallback
 .text.HAL_TIM_PWM_PulseFinishedCallback
                0x08008474        0x4 CMakeFiles/stm32f429_tinyusb_ui.elf.dir/Drivers/STM32F4xx_HAL_Driver/Src/stm32f4xx_hal_tim.c.obj
                0x08008474                HAL_TIM_PWM_PulseFinishedCallback
 .text.HAL_TIM_TriggerCallback
                0x08008478        0x4 CMakeFiles/stm32f429_tinyusb_ui.elf.dir/Drivers/STM32F4xx_HAL_Driver/Src/stm32f4xx_hal_tim.c.obj
                0x08008478                HAL_TIM_TriggerCallback
 .text.HAL_TIM_IRQHandler
                0x0800847c      0x154 CMakeFiles/stm32f429_tinyusb_ui.elf.dir/Drivers/STM32F4xx_HAL_Driver/Src/stm32f4xx_hal_tim.c.obj
                0x0800847c                HAL_TIM_IRQHandler
 .text.HAL_TIMEx_CommutCallback
                0x080085d0        0x4 CMakeFiles/stm32f429_tinyusb_ui.elf.dir/Drivers/STM32F4xx_HAL_Driver/Src/stm32f4xx_hal_tim_ex.c.obj
                0x080085d0                HAL_TIMEx_CommutCallback
 .text.HAL_TIMEx_BreakCallback
                0x080085d4        0x4 CMakeFiles/stm32f429_tinyusb_ui.elf.dir/Drivers/STM32F4xx_HAL_Driver/Src/stm32f4xx_hal_tim_ex.c.obj
                0x080085d4                HAL_TIMEx_BreakCallback
 .text.HAL_SDRAM_MspInit
                0x080085d8        0x4 CMakeFiles/stm32f429_tinyusb_ui.elf.dir/Drivers/STM32F4xx_HAL_Driver/Src/stm32f4xx_hal_sdram.c.obj
                0x080085d8                HAL_SDRAM_MspInit
 .text.HAL_SDRAM_Init
                0x080085dc       0x44 CMakeFiles/stm32f429_tinyusb_ui.elf.dir/Drivers/STM32F4xx_HAL_Driver/Src/stm32f4xx_hal_sdram.c.obj
                0x080085dc                HAL_SDRAM_Init
 .text.HAL_SDRAM_SendCommand
                0x08008620       0x44 CMakeFiles/stm32f429_tinyusb_ui.elf.dir/Drivers/STM32F4xx_HAL_Driver/Src/stm32f4xx_hal_sdram.c.obj
                0x08008620                HAL_SDRAM_SendCommand
 .text.HAL_SDRAM_ProgramRefreshRate
                0x08008664       0x3c CMakeFiles/stm32f429_tinyusb_ui.elf.dir/Drivers/STM32F4xx_HAL_Driver/Src/stm32f4xx_hal_sdram.c.obj
                0x08008664                HAL_SDRAM_ProgramRefreshRate
 .text.HAL_SRAM_MspInit
                0x080086a0        0x4 CMakeFiles/stm32f429_tinyusb_ui.elf.dir/Drivers/STM32F4xx_HAL_Driver/Src/stm32f4xx_hal_sram.c.obj
                0x080086a0                HAL_SRAM_MspInit
 .text.HAL_SRAM_Init
                0x080086a4       0x60 CMakeFiles/stm32f429_tinyusb_ui.elf.dir/Drivers/STM32F4xx_HAL_Driver/Src/stm32f4xx_hal_sram.c.obj
                0x080086a4                HAL_SRAM_Init
 .text.FMC_NORSRAM_Init
                0x08008704       0x88 CMakeFiles/stm32f429_tinyusb_ui.elf.dir/Drivers/STM32F4xx_HAL_Driver/Src/stm32f4xx_ll_fmc.c.obj
                0x08008704                FMC_NORSRAM_Init
 .text.FMC_NORSRAM_Timing_Init
                0x0800878c       0x5c CMakeFiles/stm32f429_tinyusb_ui.elf.dir/Drivers/STM32F4xx_HAL_Driver/Src/stm32f4xx_ll_fmc.c.obj
                0x0800878c                FMC_NORSRAM_Timing_Init
 .text.FMC_NORSRAM_Extended_Timing_Init
                0x080087e8       0x48 CMakeFiles/stm32f429_tinyusb_ui.elf.dir/Drivers/STM32F4xx_HAL_Driver/Src/stm32f4xx_ll_fmc.c.obj
                0x080087e8                FMC_NORSRAM_Extended_Timing_Init
 .text.FMC_SDRAM_Init
                0x08008830       0x70 CMakeFiles/stm32f429_tinyusb_ui.elf.dir/Drivers/STM32F4xx_HAL_Driver/Src/stm32f4xx_ll_fmc.c.obj
                0x08008830                FMC_SDRAM_Init
 .text.FMC_SDRAM_Timing_Init
                0x080088a0       0x78 CMakeFiles/stm32f429_tinyusb_ui.elf.dir/Drivers/STM32F4xx_HAL_Driver/Src/stm32f4xx_ll_fmc.c.obj
                0x080088a0                FMC_SDRAM_Timing_Init
 .text.FMC_SDRAM_SendCommand
                0x08008918       0x60 CMakeFiles/stm32f429_tinyusb_ui.elf.dir/Drivers/STM32F4xx_HAL_Driver/Src/stm32f4xx_ll_fmc.c.obj
                0x08008918                FMC_SDRAM_SendCommand
 .text.FMC_SDRAM_ProgramRefreshRate
                0x08008978       0x14 CMakeFiles/stm32f429_tinyusb_ui.elf.dir/Drivers/STM32F4xx_HAL_Driver/Src/stm32f4xx_ll_fmc.c.obj
                0x08008978                FMC_SDRAM_ProgramRefreshRate
 .text.SD_FindSCR.constprop.0
                0x0800898c       0xd4 CMakeFiles/stm32f429_tinyusb_ui.elf.dir/Drivers/STM32F4xx_HAL_Driver/Src/stm32f4xx_hal_sd.c.obj
 .text.HAL_SD_MspInit
                0x08008a60        0x4 CMakeFiles/stm32f429_tinyusb_ui.elf.dir/Drivers/STM32F4xx_HAL_Driver/Src/stm32f4xx_hal_sd.c.obj
                0x08008a60                HAL_SD_MspInit
 .text.HAL_SD_MspDeInit
                0x08008a64        0x4 CMakeFiles/stm32f429_tinyusb_ui.elf.dir/Drivers/STM32F4xx_HAL_Driver/Src/stm32f4xx_hal_sd.c.obj
                0x08008a64                HAL_SD_MspDeInit
 .text.HAL_SD_DeInit
                0x08008a68       0x28 CMakeFiles/stm32f429_tinyusb_ui.elf.dir/Drivers/STM32F4xx_HAL_Driver/Src/stm32f4xx_hal_sd.c.obj
                0x08008a68                HAL_SD_DeInit
 .text.HAL_SD_ReadBlocks
                0x08008a90      0x1f8 CMakeFiles/stm32f429_tinyusb_ui.elf.dir/Drivers/STM32F4xx_HAL_Driver/Src/stm32f4xx_hal_sd.c.obj
                0x08008a90                HAL_SD_ReadBlocks
 .text.HAL_SD_WriteBlocks
                0x08008c88      0x1e4 CMakeFiles/stm32f429_tinyusb_ui.elf.dir/Drivers/STM32F4xx_HAL_Driver/Src/stm32f4xx_hal_sd.c.obj
                0x08008c88                HAL_SD_WriteBlocks
 .text.HAL_SD_GetCardCSD
                0x08008e6c      0x194 CMakeFiles/stm32f429_tinyusb_ui.elf.dir/Drivers/STM32F4xx_HAL_Driver/Src/stm32f4xx_hal_sd.c.obj
                0x08008e6c                HAL_SD_GetCardCSD
 .text.HAL_SD_InitCard
                0x08009000      0x22c CMakeFiles/stm32f429_tinyusb_ui.elf.dir/Drivers/STM32F4xx_HAL_Driver/Src/stm32f4xx_hal_sd.c.obj
                0x08009000                HAL_SD_InitCard
 .text.HAL_SD_Init
                0x0800922c       0x3c CMakeFiles/stm32f429_tinyusb_ui.elf.dir/Drivers/STM32F4xx_HAL_Driver/Src/stm32f4xx_hal_sd.c.obj
                0x0800922c                HAL_SD_Init
 .text.HAL_SD_GetCardInfo
                0x08009268       0x28 CMakeFiles/stm32f429_tinyusb_ui.elf.dir/Drivers/STM32F4xx_HAL_Driver/Src/stm32f4xx_hal_sd.c.obj
                0x08009268                HAL_SD_GetCardInfo
 .text.HAL_SD_ConfigWideBusOperation
                0x08009290      0x154 CMakeFiles/stm32f429_tinyusb_ui.elf.dir/Drivers/STM32F4xx_HAL_Driver/Src/stm32f4xx_hal_sd.c.obj
                0x08009290                HAL_SD_ConfigWideBusOperation
 .text.HAL_SD_GetCardState
                0x080093e4       0x28 CMakeFiles/stm32f429_tinyusb_ui.elf.dir/Drivers/STM32F4xx_HAL_Driver/Src/stm32f4xx_hal_sd.c.obj
                0x080093e4                HAL_SD_GetCardState
 .text.SDIO_Init
                0x0800940c       0x38 CMakeFiles/stm32f429_tinyusb_ui.elf.dir/Drivers/STM32F4xx_HAL_Driver/Src/stm32f4xx_ll_sdmmc.c.obj
                0x0800940c                SDIO_Init
 .text.SDIO_ReadFIFO
                0x08009444        0x8 CMakeFiles/stm32f429_tinyusb_ui.elf.dir/Drivers/STM32F4xx_HAL_Driver/Src/stm32f4xx_ll_sdmmc.c.obj
                0x08009444                SDIO_ReadFIFO
 .text.SDIO_WriteFIFO
                0x0800944c        0xc CMakeFiles/stm32f429_tinyusb_ui.elf.dir/Drivers/STM32F4xx_HAL_Driver/Src/stm32f4xx_ll_sdmmc.c.obj
                0x0800944c                SDIO_WriteFIFO
 .text.SDIO_PowerState_ON
                0x08009458        0x8 CMakeFiles/stm32f429_tinyusb_ui.elf.dir/Drivers/STM32F4xx_HAL_Driver/Src/stm32f4xx_ll_sdmmc.c.obj
                0x08009458                SDIO_PowerState_ON
 .text.SDIO_PowerState_OFF
                0x08009460        0x8 CMakeFiles/stm32f429_tinyusb_ui.elf.dir/Drivers/STM32F4xx_HAL_Driver/Src/stm32f4xx_ll_sdmmc.c.obj
                0x08009460                SDIO_PowerState_OFF
 .text.SDIO_GetPowerState
                0x08009468        0x8 CMakeFiles/stm32f429_tinyusb_ui.elf.dir/Drivers/STM32F4xx_HAL_Driver/Src/stm32f4xx_ll_sdmmc.c.obj
                0x08009468                SDIO_GetPowerState
 .text.SDIO_GetResponse
                0x08009470        0x8 CMakeFiles/stm32f429_tinyusb_ui.elf.dir/Drivers/STM32F4xx_HAL_Driver/Src/stm32f4xx_ll_sdmmc.c.obj
                0x08009470                SDIO_GetResponse
 .text.SDIO_ConfigData
                0x08009478       0x2c CMakeFiles/stm32f429_tinyusb_ui.elf.dir/Drivers/STM32F4xx_HAL_Driver/Src/stm32f4xx_ll_sdmmc.c.obj
                0x08009478                SDIO_ConfigData
 .text.SDMMC_CmdBlockLength
                0x080094a4      0x130 CMakeFiles/stm32f429_tinyusb_ui.elf.dir/Drivers/STM32F4xx_HAL_Driver/Src/stm32f4xx_ll_sdmmc.c.obj
                0x080094a4                SDMMC_CmdBlockLength
 .text.SDMMC_CmdReadSingleBlock
                0x080095d4      0x134 CMakeFiles/stm32f429_tinyusb_ui.elf.dir/Drivers/STM32F4xx_HAL_Driver/Src/stm32f4xx_ll_sdmmc.c.obj
                0x080095d4                SDMMC_CmdReadSingleBlock
 .text.SDMMC_CmdReadMultiBlock
                0x08009708      0x134 CMakeFiles/stm32f429_tinyusb_ui.elf.dir/Drivers/STM32F4xx_HAL_Driver/Src/stm32f4xx_ll_sdmmc.c.obj
                0x08009708                SDMMC_CmdReadMultiBlock
 .text.SDMMC_CmdWriteSingleBlock
                0x0800983c      0x130 CMakeFiles/stm32f429_tinyusb_ui.elf.dir/Drivers/STM32F4xx_HAL_Driver/Src/stm32f4xx_ll_sdmmc.c.obj
                0x0800983c                SDMMC_CmdWriteSingleBlock
 .text.SDMMC_CmdWriteMultiBlock
                0x0800996c      0x134 CMakeFiles/stm32f429_tinyusb_ui.elf.dir/Drivers/STM32F4xx_HAL_Driver/Src/stm32f4xx_ll_sdmmc.c.obj
                0x0800996c                SDMMC_CmdWriteMultiBlock
 .text.SDMMC_CmdStopTransfer
                0x08009aa0      0x138 CMakeFiles/stm32f429_tinyusb_ui.elf.dir/Drivers/STM32F4xx_HAL_Driver/Src/stm32f4xx_ll_sdmmc.c.obj
                0x08009aa0                SDMMC_CmdStopTransfer
 .text.SDMMC_CmdSelDesel
                0x08009bd8      0x134 CMakeFiles/stm32f429_tinyusb_ui.elf.dir/Drivers/STM32F4xx_HAL_Driver/Src/stm32f4xx_ll_sdmmc.c.obj
                0x08009bd8                SDMMC_CmdSelDesel
 .text.SDMMC_CmdGoIdleState
                0x08009d0c       0x48 CMakeFiles/stm32f429_tinyusb_ui.elf.dir/Drivers/STM32F4xx_HAL_Driver/Src/stm32f4xx_ll_sdmmc.c.obj
                0x08009d0c                SDMMC_CmdGoIdleState
 .text.SDMMC_CmdOperCond
                0x08009d54       0x70 CMakeFiles/stm32f429_tinyusb_ui.elf.dir/Drivers/STM32F4xx_HAL_Driver/Src/stm32f4xx_ll_sdmmc.c.obj
                0x08009d54                SDMMC_CmdOperCond
 .text.SDMMC_CmdAppCommand
                0x08009dc4      0x134 CMakeFiles/stm32f429_tinyusb_ui.elf.dir/Drivers/STM32F4xx_HAL_Driver/Src/stm32f4xx_ll_sdmmc.c.obj
                0x08009dc4                SDMMC_CmdAppCommand
 .text.SDMMC_CmdAppOperCommand
                0x08009ef8       0x6c CMakeFiles/stm32f429_tinyusb_ui.elf.dir/Drivers/STM32F4xx_HAL_Driver/Src/stm32f4xx_ll_sdmmc.c.obj
                0x08009ef8                SDMMC_CmdAppOperCommand
 .text.SDMMC_CmdBusWidth
                0x08009f64      0x134 CMakeFiles/stm32f429_tinyusb_ui.elf.dir/Drivers/STM32F4xx_HAL_Driver/Src/stm32f4xx_ll_sdmmc.c.obj
                0x08009f64                SDMMC_CmdBusWidth
 .text.SDMMC_CmdSendSCR
                0x0800a098      0x134 CMakeFiles/stm32f429_tinyusb_ui.elf.dir/Drivers/STM32F4xx_HAL_Driver/Src/stm32f4xx_ll_sdmmc.c.obj
                0x0800a098                SDMMC_CmdSendSCR
 .text.SDMMC_CmdSendCID
                0x0800a1cc       0x68 CMakeFiles/stm32f429_tinyusb_ui.elf.dir/Drivers/STM32F4xx_HAL_Driver/Src/stm32f4xx_ll_sdmmc.c.obj
                0x0800a1cc                SDMMC_CmdSendCID
 .text.SDMMC_CmdSendCSD
                0x0800a234       0x70 CMakeFiles/stm32f429_tinyusb_ui.elf.dir/Drivers/STM32F4xx_HAL_Driver/Src/stm32f4xx_ll_sdmmc.c.obj
                0x0800a234                SDMMC_CmdSendCSD
 .text.SDMMC_CmdSetRelAdd
                0x0800a2a4       0x9c CMakeFiles/stm32f429_tinyusb_ui.elf.dir/Drivers/STM32F4xx_HAL_Driver/Src/stm32f4xx_ll_sdmmc.c.obj
                0x0800a2a4                SDMMC_CmdSetRelAdd
 .text.SDMMC_CmdSendStatus
                0x0800a340      0x134 CMakeFiles/stm32f429_tinyusb_ui.elf.dir/Drivers/STM32F4xx_HAL_Driver/Src/stm32f4xx_ll_sdmmc.c.obj
                0x0800a340                SDMMC_CmdSendStatus
 .text.prvAddNewTaskToReadyList
                0x0800a474      0x148 CMakeFiles/stm32f429_tinyusb_ui.elf.dir/third_party/FreeRTOS-Kernel/tasks.c.obj
 .text.prvIdleTask
                0x0800a5bc       0x6c CMakeFiles/stm32f429_tinyusb_ui.elf.dir/third_party/FreeRTOS-Kernel/tasks.c.obj
 .text.xTaskIncrementTick.part.0
                0x0800a628      0x1c8 CMakeFiles/stm32f429_tinyusb_ui.elf.dir/third_party/FreeRTOS-Kernel/tasks.c.obj
 .text.xTaskCreate
                0x0800a7f0      0x12c CMakeFiles/stm32f429_tinyusb_ui.elf.dir/third_party/FreeRTOS-Kernel/tasks.c.obj
                0x0800a7f0                xTaskCreate
 .text.vTaskStartScheduler
                0x0800a91c       0xf4 CMakeFiles/stm32f429_tinyusb_ui.elf.dir/third_party/FreeRTOS-Kernel/tasks.c.obj
                0x0800a91c                vTaskStartScheduler
 .text.vTaskSuspendAll
                0x0800aa10       0x10 CMakeFiles/stm32f429_tinyusb_ui.elf.dir/third_party/FreeRTOS-Kernel/tasks.c.obj
                0x0800aa10                vTaskSuspendAll
 .text.xTaskResumeAll
                0x0800aa20      0x1d4 CMakeFiles/stm32f429_tinyusb_ui.elf.dir/third_party/FreeRTOS-Kernel/tasks.c.obj
                0x0800aa20                xTaskResumeAll
 .text.vTaskDelay
                0x0800abf4       0xc0 CMakeFiles/stm32f429_tinyusb_ui.elf.dir/third_party/FreeRTOS-Kernel/tasks.c.obj
                0x0800abf4                vTaskDelay
 .text.xTaskGetTickCount
                0x0800acb4        0xc CMakeFiles/stm32f429_tinyusb_ui.elf.dir/third_party/FreeRTOS-Kernel/tasks.c.obj
                0x0800acb4                xTaskGetTickCount
 .text.uxTaskGetNumberOfTasks
                0x0800acc0        0xc CMakeFiles/stm32f429_tinyusb_ui.elf.dir/third_party/FreeRTOS-Kernel/tasks.c.obj
                0x0800acc0                uxTaskGetNumberOfTasks
 .text.xTaskIncrementTick
                0x0800accc       0x20 CMakeFiles/stm32f429_tinyusb_ui.elf.dir/third_party/FreeRTOS-Kernel/tasks.c.obj
                0x0800accc                xTaskIncrementTick
 .text.vTaskSwitchContext
                0x0800acec       0xb0 CMakeFiles/stm32f429_tinyusb_ui.elf.dir/third_party/FreeRTOS-Kernel/tasks.c.obj
                0x0800acec                vTaskSwitchContext
 .text.vTaskPlaceOnEventList
                0x0800ad9c       0xd8 CMakeFiles/stm32f429_tinyusb_ui.elf.dir/third_party/FreeRTOS-Kernel/tasks.c.obj
                0x0800ad9c                vTaskPlaceOnEventList
 .text.vTaskPlaceOnEventListRestricted
                0x0800ae74      0x140 CMakeFiles/stm32f429_tinyusb_ui.elf.dir/third_party/FreeRTOS-Kernel/tasks.c.obj
                0x0800ae74                vTaskPlaceOnEventListRestricted
 .text.xTaskRemoveFromEventList
                0x0800afb4       0xfc CMakeFiles/stm32f429_tinyusb_ui.elf.dir/third_party/FreeRTOS-Kernel/tasks.c.obj
                0x0800afb4                xTaskRemoveFromEventList
 .text.vTaskInternalSetTimeOutState
                0x0800b0b0       0x18 CMakeFiles/stm32f429_tinyusb_ui.elf.dir/third_party/FreeRTOS-Kernel/tasks.c.obj
                0x0800b0b0                vTaskInternalSetTimeOutState
 .text.xTaskCheckForTimeOut
                0x0800b0c8       0x84 CMakeFiles/stm32f429_tinyusb_ui.elf.dir/third_party/FreeRTOS-Kernel/tasks.c.obj
                0x0800b0c8                xTaskCheckForTimeOut
 .text.vTaskMissedYield
                0x0800b14c        0xc CMakeFiles/stm32f429_tinyusb_ui.elf.dir/third_party/FreeRTOS-Kernel/tasks.c.obj
                0x0800b14c                vTaskMissedYield
 .text.xTaskGetCurrentTaskHandle
                0x0800b158        0xc CMakeFiles/stm32f429_tinyusb_ui.elf.dir/third_party/FreeRTOS-Kernel/tasks.c.obj
                0x0800b158                xTaskGetCurrentTaskHandle
 .text.xTaskGetSchedulerState
                0x0800b164       0x20 CMakeFiles/stm32f429_tinyusb_ui.elf.dir/third_party/FreeRTOS-Kernel/tasks.c.obj
                0x0800b164                xTaskGetSchedulerState
 .text.xTaskPriorityInherit
                0x0800b184       0xc8 CMakeFiles/stm32f429_tinyusb_ui.elf.dir/third_party/FreeRTOS-Kernel/tasks.c.obj
                0x0800b184                xTaskPriorityInherit
 .text.xTaskPriorityDisinherit
                0x0800b24c       0xc8 CMakeFiles/stm32f429_tinyusb_ui.elf.dir/third_party/FreeRTOS-Kernel/tasks.c.obj
                0x0800b24c                xTaskPriorityDisinherit
 .text.vTaskPriorityDisinheritAfterTimeout
                0x0800b314       0xe8 CMakeFiles/stm32f429_tinyusb_ui.elf.dir/third_party/FreeRTOS-Kernel/tasks.c.obj
                0x0800b314                vTaskPriorityDisinheritAfterTimeout
 .text.pvTaskIncrementMutexHeldCount
                0x0800b3fc       0x14 CMakeFiles/stm32f429_tinyusb_ui.elf.dir/third_party/FreeRTOS-Kernel/tasks.c.obj
                0x0800b3fc                pvTaskIncrementMutexHeldCount
 .text.xQueueGenericCreate
                0x0800b410       0xa0 CMakeFiles/stm32f429_tinyusb_ui.elf.dir/third_party/FreeRTOS-Kernel/queue.c.obj
                0x0800b410                xQueueGenericCreate
 .text.xQueueGenericSend
                0x0800b4b0      0x3a4 CMakeFiles/stm32f429_tinyusb_ui.elf.dir/third_party/FreeRTOS-Kernel/queue.c.obj
                0x0800b4b0                xQueueGenericSend
 .text.xQueueCreateMutex
                0x0800b854       0x6c CMakeFiles/stm32f429_tinyusb_ui.elf.dir/third_party/FreeRTOS-Kernel/queue.c.obj
                0x0800b854                xQueueCreateMutex
 .text.xQueueGenericSendFromISR
                0x0800b8c0      0x184 CMakeFiles/stm32f429_tinyusb_ui.elf.dir/third_party/FreeRTOS-Kernel/queue.c.obj
                0x0800b8c0                xQueueGenericSendFromISR
 .text.xQueueGiveFromISR
                0x0800ba44       0xd8 CMakeFiles/stm32f429_tinyusb_ui.elf.dir/third_party/FreeRTOS-Kernel/queue.c.obj
                0x0800ba44                xQueueGiveFromISR
 .text.xQueueReceive
                0x0800bb1c      0x2d0 CMakeFiles/stm32f429_tinyusb_ui.elf.dir/third_party/FreeRTOS-Kernel/queue.c.obj
                0x0800bb1c                xQueueReceive
 .text.xQueueSemaphoreTake
                0x0800bdec      0x300 CMakeFiles/stm32f429_tinyusb_ui.elf.dir/third_party/FreeRTOS-Kernel/queue.c.obj
                0x0800bdec                xQueueSemaphoreTake
 .text.vQueueAddToRegistry
                0x0800c0ec      0x140 CMakeFiles/stm32f429_tinyusb_ui.elf.dir/third_party/FreeRTOS-Kernel/queue.c.obj
                0x0800c0ec                vQueueAddToRegistry
 .text.vQueueWaitForMessageRestricted
                0x0800c22c       0xbc CMakeFiles/stm32f429_tinyusb_ui.elf.dir/third_party/FreeRTOS-Kernel/queue.c.obj
                0x0800c22c                vQueueWaitForMessageRestricted
 .text.vListInitialise
                0x0800c2e8       0x18 CMakeFiles/stm32f429_tinyusb_ui.elf.dir/third_party/FreeRTOS-Kernel/list.c.obj
                0x0800c2e8                vListInitialise
 .text.vListInitialiseItem
                0x0800c300        0x8 CMakeFiles/stm32f429_tinyusb_ui.elf.dir/third_party/FreeRTOS-Kernel/list.c.obj
                0x0800c300                vListInitialiseItem
 .text.vListInsert
                0x0800c308       0x38 CMakeFiles/stm32f429_tinyusb_ui.elf.dir/third_party/FreeRTOS-Kernel/list.c.obj
                0x0800c308                vListInsert
 .text.uxListRemove
                0x0800c340       0x24 CMakeFiles/stm32f429_tinyusb_ui.elf.dir/third_party/FreeRTOS-Kernel/list.c.obj
                0x0800c340                uxListRemove
 .text.prvTimerTask
                0x0800c364      0x38c CMakeFiles/stm32f429_tinyusb_ui.elf.dir/third_party/FreeRTOS-Kernel/timers.c.obj
 .text.xTimerCreateTimerTask
                0x0800c6f0       0x98 CMakeFiles/stm32f429_tinyusb_ui.elf.dir/third_party/FreeRTOS-Kernel/timers.c.obj
                0x0800c6f0                xTimerCreateTimerTask
 *fill*         0x0800c788        0x8 
 .text.vPortSVCHandler
                0x0800c790       0x24 CMakeFiles/stm32f429_tinyusb_ui.elf.dir/third_party/FreeRTOS-Kernel/portable/GCC/ARM_CM4F/port.c.obj
                0x0800c790                vPortSVCHandler
 .text.prvPortStartFirstTask
                0x0800c7b4       0x28 CMakeFiles/stm32f429_tinyusb_ui.elf.dir/third_party/FreeRTOS-Kernel/portable/GCC/ARM_CM4F/port.c.obj
 *fill*         0x0800c7dc        0x4 
 .text.xPortPendSVHandler
                0x0800c7e0       0x64 CMakeFiles/stm32f429_tinyusb_ui.elf.dir/third_party/FreeRTOS-Kernel/portable/GCC/ARM_CM4F/port.c.obj
                0x0800c7e0                xPortPendSVHandler
 .text.vPortEnableVFP
                0x0800c844       0x14 CMakeFiles/stm32f429_tinyusb_ui.elf.dir/third_party/FreeRTOS-Kernel/portable/GCC/ARM_CM4F/port.c.obj
 .text.prvTaskExitError
                0x0800c858       0x3c CMakeFiles/stm32f429_tinyusb_ui.elf.dir/third_party/FreeRTOS-Kernel/portable/GCC/ARM_CM4F/port.c.obj
 .text.pxPortInitialiseStack
                0x0800c894       0x24 CMakeFiles/stm32f429_tinyusb_ui.elf.dir/third_party/FreeRTOS-Kernel/portable/GCC/ARM_CM4F/port.c.obj
                0x0800c894                pxPortInitialiseStack
 .text.vPortEnterCritical
                0x0800c8b8       0x40 CMakeFiles/stm32f429_tinyusb_ui.elf.dir/third_party/FreeRTOS-Kernel/portable/GCC/ARM_CM4F/port.c.obj
                0x0800c8b8                vPortEnterCritical
 .text.vPortExitCritical
                0x0800c8f8       0x2c CMakeFiles/stm32f429_tinyusb_ui.elf.dir/third_party/FreeRTOS-Kernel/portable/GCC/ARM_CM4F/port.c.obj
                0x0800c8f8                vPortExitCritical
 .text.xPortSysTickHandler
                0x0800c924       0x2c CMakeFiles/stm32f429_tinyusb_ui.elf.dir/third_party/FreeRTOS-Kernel/portable/GCC/ARM_CM4F/port.c.obj
                0x0800c924                xPortSysTickHandler
 .text.vPortSetupTimerInterrupt
                0x0800c950       0x28 CMakeFiles/stm32f429_tinyusb_ui.elf.dir/third_party/FreeRTOS-Kernel/portable/GCC/ARM_CM4F/port.c.obj
                0x0800c950                vPortSetupTimerInterrupt
 .text.xPortStartScheduler
                0x0800c978      0x180 CMakeFiles/stm32f429_tinyusb_ui.elf.dir/third_party/FreeRTOS-Kernel/portable/GCC/ARM_CM4F/port.c.obj
                0x0800c978                xPortStartScheduler
 .text.vPortValidateInterruptPriority
                0x0800caf8       0x58 CMakeFiles/stm32f429_tinyusb_ui.elf.dir/third_party/FreeRTOS-Kernel/portable/GCC/ARM_CM4F/port.c.obj
                0x0800caf8                vPortValidateInterruptPriority
 .text.pvPortMalloc
                0x0800cb50      0x130 CMakeFiles/stm32f429_tinyusb_ui.elf.dir/third_party/FreeRTOS-Kernel/portable/MemMang/heap_5.c.obj
                0x0800cb50                pvPortMalloc
 .text.vPortFree
                0x0800cc80      0x104 CMakeFiles/stm32f429_tinyusb_ui.elf.dir/third_party/FreeRTOS-Kernel/portable/MemMang/heap_5.c.obj
                0x0800cc80                vPortFree
 .text.vPortDefineHeapRegions
                0x0800cd84       0xdc CMakeFiles/stm32f429_tinyusb_ui.elf.dir/third_party/FreeRTOS-Kernel/portable/MemMang/heap_5.c.obj
                0x0800cd84                vPortDefineHeapRegions
 .text.tusb_time_millis_api
                0x0800ce60        0x4 CMakeFiles/stm32f429_tinyusb_ui.elf.dir/third_party/tinyusb/src/tusb.c.obj
                0x0800ce60                tusb_time_millis_api
 .text.tusb_rhport_init
                0x0800ce64       0x38 CMakeFiles/stm32f429_tinyusb_ui.elf.dir/third_party/tinyusb/src/tusb.c.obj
                0x0800ce64                tusb_rhport_init
 .text.tu_edpt_claim
                0x0800ce9c       0x50 CMakeFiles/stm32f429_tinyusb_ui.elf.dir/third_party/tinyusb/src/tusb.c.obj
                0x0800ce9c                tu_edpt_claim
 .text.tu_edpt_release
                0x0800ceec       0x38 CMakeFiles/stm32f429_tinyusb_ui.elf.dir/third_party/tinyusb/src/tusb.c.obj
                0x0800ceec                tu_edpt_release
 .text.tu_bind_driver_to_ep_itf
                0x0800cf24       0x84 CMakeFiles/stm32f429_tinyusb_ui.elf.dir/third_party/tinyusb/src/tusb.c.obj
                0x0800cf24                tu_bind_driver_to_ep_itf
 .text.control_xfer_sync_complete
                0x0800cfa8        0xc CMakeFiles/stm32f429_tinyusb_ui.elf.dir/third_party/tinyusb/src/host/usbh.c.obj
 .text.control_xfer_complete
                0x0800cfb4       0x74 CMakeFiles/stm32f429_tinyusb_ui.elf.dir/third_party/tinyusb/src/host/usbh.c.obj
 .text.usbh_control_xfer_cb.isra.0
                0x0800d028      0x210 CMakeFiles/stm32f429_tinyusb_ui.elf.dir/third_party/tinyusb/src/host/usbh.c.obj
 .text.tuh_enum_descriptor_device_cb
                0x0800d238        0x4 CMakeFiles/stm32f429_tinyusb_ui.elf.dir/third_party/tinyusb/src/host/usbh.c.obj
                0x0800d238                tuh_enum_descriptor_device_cb
 .text.tuh_enum_descriptor_configuration_cb